Component: ARM Compiler 5.06 update 5 (build 528) Tool: armlink [4d35e2]

==============================================================================

Section Cross References

    system_stm32f4xx.o(i.SystemCoreClockUpdate) refers to system_stm32f4xx.o(.data) for .data
    system_stm32f4xx.o(i.SystemCoreClockUpdate) refers to system_stm32f4xx.o(.constdata) for .constdata
    usbd_core.o(i.USBD_DeInit) refers to usbd_conf.o(i.USBD_LL_Stop) for USBD_LL_Stop
    usbd_core.o(i.USBD_DeInit) refers to usbd_conf.o(i.USBD_LL_DeInit) for USBD_LL_DeInit
    usbd_core.o(i.USBD_Init) refers to usbd_conf.o(i.USBD_LL_Init) for USBD_LL_Init
    usbd_core.o(i.USBD_LL_DataInStage) refers to usbd_ioreq.o(i.USBD_CtlContinueSendData) for USBD_CtlContinueSendData
    usbd_core.o(i.USBD_LL_DataInStage) refers to usbd_conf.o(i.USBD_LL_PrepareReceive) for USBD_LL_PrepareReceive
    usbd_core.o(i.USBD_LL_DataInStage) refers to usbd_ioreq.o(i.USBD_CtlReceiveStatus) for USBD_CtlReceiveStatus
    usbd_core.o(i.USBD_LL_DataOutStage) refers to usbd_ioreq.o(i.USBD_CtlContinueRx) for USBD_CtlContinueRx
    usbd_core.o(i.USBD_LL_DataOutStage) refers to usbd_ioreq.o(i.USBD_CtlSendStatus) for USBD_CtlSendStatus
    usbd_core.o(i.USBD_LL_Reset) refers to usbd_conf.o(i.USBD_LL_OpenEP) for USBD_LL_OpenEP
    usbd_core.o(i.USBD_LL_SetupStage) refers to usbd_ctlreq.o(i.USBD_ParseSetupRequest) for USBD_ParseSetupRequest
    usbd_core.o(i.USBD_LL_SetupStage) refers to usbd_conf.o(i.USBD_LL_StallEP) for USBD_LL_StallEP
    usbd_core.o(i.USBD_LL_SetupStage) refers to usbd_ctlreq.o(i.USBD_StdDevReq) for USBD_StdDevReq
    usbd_core.o(i.USBD_LL_SetupStage) refers to usbd_ctlreq.o(i.USBD_StdItfReq) for USBD_StdItfReq
    usbd_core.o(i.USBD_LL_SetupStage) refers to usbd_ctlreq.o(i.USBD_StdEPReq) for USBD_StdEPReq
    usbd_core.o(i.USBD_Start) refers to usbd_conf.o(i.USBD_LL_Start) for USBD_LL_Start
    usbd_core.o(i.USBD_Stop) refers to usbd_conf.o(i.USBD_LL_Stop) for USBD_LL_Stop
    usbd_ioreq.o(i.USBD_CtlContinueRx) refers to usbd_conf.o(i.USBD_LL_PrepareReceive) for USBD_LL_PrepareReceive
    usbd_ioreq.o(i.USBD_CtlContinueSendData) refers to usbd_conf.o(i.USBD_LL_Transmit) for USBD_LL_Transmit
    usbd_ioreq.o(i.USBD_CtlPrepareRx) refers to usbd_conf.o(i.USBD_LL_PrepareReceive) for USBD_LL_PrepareReceive
    usbd_ioreq.o(i.USBD_CtlReceiveStatus) refers to usbd_conf.o(i.USBD_LL_PrepareReceive) for USBD_LL_PrepareReceive
    usbd_ioreq.o(i.USBD_CtlSendData) refers to usbd_conf.o(i.USBD_LL_Transmit) for USBD_LL_Transmit
    usbd_ioreq.o(i.USBD_CtlSendStatus) refers to usbd_conf.o(i.USBD_LL_Transmit) for USBD_LL_Transmit
    usbd_ioreq.o(i.USBD_GetRxCount) refers to usbd_conf.o(i.USBD_LL_GetRxDataSize) for USBD_LL_GetRxDataSize
    usbd_ctlreq.o(i.USBD_CtlError) refers to usbd_conf.o(i.USBD_LL_StallEP) for USBD_LL_StallEP
    usbd_ctlreq.o(i.USBD_GetDescriptor) refers to usbd_ctlreq.o(i.USBD_CtlError) for USBD_CtlError
    usbd_ctlreq.o(i.USBD_GetDescriptor) refers to usbd_ioreq.o(i.USBD_CtlSendData) for USBD_CtlSendData
    usbd_ctlreq.o(i.USBD_SetConfig) refers to usbd_core.o(i.USBD_ClrClassConfig) for USBD_ClrClassConfig
    usbd_ctlreq.o(i.USBD_SetConfig) refers to usbd_core.o(i.USBD_SetClassConfig) for USBD_SetClassConfig
    usbd_ctlreq.o(i.USBD_SetConfig) refers to usbd_ioreq.o(i.USBD_CtlSendStatus) for USBD_CtlSendStatus
    usbd_ctlreq.o(i.USBD_SetConfig) refers to usbd_ctlreq.o(i.USBD_CtlError) for USBD_CtlError
    usbd_ctlreq.o(i.USBD_SetConfig) refers to usbd_ctlreq.o(.data) for .data
    usbd_ctlreq.o(i.USBD_StdDevReq) refers to usbd_ctlreq.o(i.USBD_GetDescriptor) for USBD_GetDescriptor
    usbd_ctlreq.o(i.USBD_StdDevReq) refers to usbd_conf.o(i.USBD_LL_SetUSBAddress) for USBD_LL_SetUSBAddress
    usbd_ctlreq.o(i.USBD_StdDevReq) refers to usbd_ioreq.o(i.USBD_CtlSendStatus) for USBD_CtlSendStatus
    usbd_ctlreq.o(i.USBD_StdDevReq) refers to usbd_ctlreq.o(i.USBD_SetConfig) for USBD_SetConfig
    usbd_ctlreq.o(i.USBD_StdDevReq) refers to usbd_ctlreq.o(i.USBD_CtlError) for USBD_CtlError
    usbd_ctlreq.o(i.USBD_StdDevReq) refers to usbd_ioreq.o(i.USBD_CtlSendData) for USBD_CtlSendData
    usbd_ctlreq.o(i.USBD_StdEPReq) refers to usbd_conf.o(i.USBD_LL_StallEP) for USBD_LL_StallEP
    usbd_ctlreq.o(i.USBD_StdEPReq) refers to usbd_conf.o(i.USBD_LL_ClearStallEP) for USBD_LL_ClearStallEP
    usbd_ctlreq.o(i.USBD_StdEPReq) refers to usbd_ioreq.o(i.USBD_CtlSendStatus) for USBD_CtlSendStatus
    usbd_ctlreq.o(i.USBD_StdEPReq) refers to usbd_ctlreq.o(i.USBD_CtlError) for USBD_CtlError
    usbd_ctlreq.o(i.USBD_StdEPReq) refers to usbd_conf.o(i.USBD_LL_IsStallEP) for USBD_LL_IsStallEP
    usbd_ctlreq.o(i.USBD_StdEPReq) refers to usbd_ioreq.o(i.USBD_CtlSendData) for USBD_CtlSendData
    usbd_ctlreq.o(i.USBD_StdItfReq) refers to usbd_ioreq.o(i.USBD_CtlSendStatus) for USBD_CtlSendStatus
    usbd_ctlreq.o(i.USBD_StdItfReq) refers to usbd_ctlreq.o(i.USBD_CtlError) for USBD_CtlError
[...]
    CAN1_RX1_IRQHandler                      0x080002a3   Thumb Code     0  startup_stm32f405xx.o(.text)
    CAN1_SCE_IRQHandler                      0x080002a3   Thumb Code     0  startup_stm32f405xx.o(.text)
    CAN1_TX_IRQHandler                       0x080002a3   Thumb Code     0  startup_stm32f405xx.o(.text)
    CAN2_RX0_IRQHandler                      0x080002a3   Thumb Code     0  startup_stm32f405xx.o(.text)
    CAN2_RX1_IRQHandler                      0x080002a3   Thumb Code     0  startup_stm32f405xx.o(.text)
    CAN2_SCE_IRQHandler                      0x080002a3   Thumb Code     0  startup_stm32f405xx.o(.text)
    CAN2_TX_IRQHandler                       0x080002a3   Thumb Code     0  startup_stm32f405xx.o(.text)
    DMA1_Stream0_IRQHandler                  0x080002a3   Thumb Code     0  startup_stm32f405xx.o(.text)
    DMA1_Stream1_IRQHandler                  0x080002a3   Thumb Code     0  startup_stm32f405xx.o(.text)
    DMA1_Stream2_IRQHandler                  0x080002a3   Thumb Code     0  startup_stm32f405xx.o(.text)
    DMA1_Stream3_IRQHandler                  0x080002a3   Thumb Code     0  startup_stm32f405xx.o(.text)
    DMA1_Stream4_IRQHandler                  0x080002a3   Thumb Code     0  startup_stm32f405xx.o(.text)
    DMA1_Stream5_IRQHandler                  0x080002a3   Thumb Code     0  startup_stm32f405xx.o(.text)
    DMA1_Stream6_IRQHandler                  0x080002a3   Thumb Code     0  startup_stm32f405xx.o(.text)
    DMA1_Stream7_IRQHandler                  0x080002a3   Thumb Code     0  startup_stm32f405xx.o(.text)
    DMA2_Stream1_IRQHandler                  0x080002a3   Thumb Code     0  startup_stm32f405xx.o(.text)
    DMA2_Stream2_IRQHandler                  0x080002a3   Thumb Code     0  startup_stm32f405xx.o(.text)
    DMA2_Stream3_IRQHandler                  0x080002a3   Thumb Code     0  startup_stm32f405xx.o(.text)
    DMA2_Stream4_IRQHandler                  0x080002a3   Thumb Code     0  startup_stm32f405xx.o(.text)
    DMA2_Stream5_IRQHandler                  0x080002a3   Thumb Code     0  startup_stm32f405xx.o(.text)
    DMA2_Stream6_IRQHandler                  0x080002a3   Thumb Code     0  startup_stm32f405xx.o(.text)
    DMA2_Stream7_IRQHandler                  0x080002a3   Thumb Code     0  startup_stm32f405xx.o(.text)
    EXTI0_IRQHandler                         0x080002a3   Thumb Code     0  startup_stm32f405xx.o(.text)
    EXTI15_10_IRQHandler                     0x080002a3   Thumb Code     0  startup_stm32f405xx.o(.text)
    EXTI1_IRQHandler                         0x080002a3   Thumb Code     0  startup_stm32f405xx.o(.text)
    EXTI2_IRQHandler                         0x080002a3   Thumb Code     0  startup_stm32f405xx.o(.text)
    EXTI3_IRQHandler                         0x080002a3   Thumb Code     0  startup_stm32f405xx.o(.text)
    EXTI4_IRQHandler                         0x080002a3   Thumb Code     0  startup_stm32f405xx.o(.text)
    EXTI9_5_IRQHandler                       0x080002a3   Thumb Code     0  startup_stm32f405xx.o(.text)
    FLASH_IRQHandler                         0x080002a3   Thumb Code     0  startup_stm32f405xx.o(.text)
    FMC_IRQHandler                           0x080002a3   Thumb Code     0  startup_stm32f405xx.o(.text)
    FPU_IRQHandler                           0x080002a3   Thumb Code     0  startup_stm32f405xx.o(.text)
    HASH_RNG_IRQHandler                      0x080002a3   Thumb Code     0  startup_stm32f405xx.o(.text)
    I2C1_ER_IRQHandler                       0x080002a3   Thumb Code     0  startup_stm32f405xx.o(.text)
    I2C1_EV_IRQHandler                       0x080002a3   Thumb Code     0  startup_stm32f405xx.o(.text)
    I2C2_ER_IRQHandler                       0x080002a3   Thumb Code     0  startup_stm32f405xx.o(.text)
    I2C2_EV_IRQHandler                       0x080002a3   Thumb Code     0  startup_stm32f405xx.o(.text)
    I2C3_ER_IRQHandler                       0x080002a3   Thumb Code     0  startup_stm32f405xx.o(.text)
    I2C3_EV_IRQHandler                       0x080002a3   Thumb Code     0  startup_stm32f405xx.o(.text)
    OTG_FS_WKUP_IRQHandler                   0x080002a3   Thumb Code     0  startup_stm32f405xx.o(.text)
    OTG_HS_EP1_IN_IRQHandler                 0x080002a3   Thumb Code     0  startup_stm32f405xx.o(.text)
    OTG_HS_EP1_OUT_IRQHandler                0x080002a3   Thumb Code     0  startup_stm32f405xx.o(.text)
    OTG_HS_IRQHandler                        0x080002a3   Thumb Code     0  startup_stm32f405xx.o(.text)
    OTG_HS_WKUP_IRQHandler                   0x080002a3   Thumb Code     0  startup_stm32f405xx.o(.text)
    PVD_IRQHandler                           0x080002a3   Thumb Code     0  startup_stm32f405xx.o(.text)
    RCC_IRQHandler                           0x080002a3   Thumb Code     0  startup_stm32f405xx.o(.text)
    RTC_Alarm_IRQHandler                     0x080002a3   Thumb Code     0  startup_stm32f405xx.o(.text)
    RTC_WKUP_IRQHandler                      0x080002a3   Thumb Code     0  startup_stm32f405xx.o(.text)
    SDIO_IRQHandler                          0x080002a3   Thumb Code     0  startup_stm32f405xx.o(.text)
    SPI1_IRQHandler                          0x080002a3   Thumb Code     0  startup_stm32f405xx.o(.text)
    SPI2_IRQHandler                          0x080002a3   Thumb Code     0  startup_stm32f405xx.o(.text)
    SPI3_IRQHandler                          0x080002a3   Thumb Code     0  startup_stm32f405xx.o(.text)
    TAMP_STAMP_IRQHandler                    0x080002a3   Thumb Code     0  startup_stm32f405xx.o(.text)
    TIM1_BRK_TIM9_IRQHandler                 0x080002a3   Thumb Code     0  startup_stm32f405xx.o(.text)
    TIM1_CC_IRQHandler                       0x080002a3   Thumb Code     0  startup_stm32f405xx.o(.text)
    TIM1_TRG_COM_TIM11_IRQHandler            0x080002a3   Thumb Code     0  startup_stm32f405xx.o(.text)
    TIM1_UP_TIM10_IRQHandler                 0x080002a3   Thumb Code     0  startup_stm32f405xx.o(.text)
    TIM2_IRQHandler                          0x080002a3   Thumb Code     0  startup_stm32f405xx.o(.text)
    TIM4_IRQHandler                          0x080002a3   Thumb Code     0  startup_stm32f405xx.o(.text)
    TIM5_IRQHandler                          0x080002a3   Thumb Code     0  startup_stm32f405xx.o(.text)
    TIM6_DAC_IRQHandler                      0x080002a3   Thumb Code     0  startup_stm32f405xx.o(.text)
    TIM7_IRQHandler                          0x080002a3   Thumb Code     0  startup_stm32f405xx.o(.text)
    TIM8_BRK_TIM12_IRQHandler                0x080002a3   Thumb Code     0  startup_stm32f405xx.o(.text)
    TIM8_CC_IRQHandler                       0x080002a3   Thumb Code     0  startup_stm32f405xx.o(.text)
    TIM8_TRG_COM_TIM14_IRQHandler            0x080002a3   Thumb Code     0  startup_stm32f405xx.o(.text)
    TIM8_UP_TIM13_IRQHandler                 0x080002a3   Thumb Code     0  startup_stm32f405xx.o(.text)
    USART1_IRQHandler                        0x080002a3   Thumb Code     0  startup_stm32f405xx.o(.text)
    USART2_IRQHandler                        0x080002a3   Thumb Code     0  startup_stm32f405xx.o(.text)
    USART3_IRQHandler                        0x080002a3   Thumb Code     0  startup_stm32f405xx.o(.text)
    USART6_IRQHandler                        0x080002a3   Thumb Code     0  startup_stm32f405xx.o(.text)
    WWDG_IRQHandler                          0x080002a3   Thumb Code     0  startup_stm32f405xx.o(.text)
    __user_initial_stackheap                 0x080002a5   Thumb Code     0  startup_stm32f405xx.o(.text)
    malloc                                   0x080002c9   Thumb Code    94  h1_alloc.o(.text)
    free                                     0x08000327   Thumb Code    78  h1_free.o(.text)
    __2snprintf                              0x08000375   Thumb Code    48  noretval__2snprintf.o(.text)
    __printf                                 0x080003a9   Thumb Code   104  __printf.o(.text)
    __aeabi_memcpy4                          0x08000411   Thumb Code     0  rt_memcpy_w.o(.text)
    __aeabi_memcpy8                          0x08000411   Thumb Code     0  rt_memcpy_w.o(.text)
    __rt_memcpy_w                            0x08000411   Thumb Code   100  rt_memcpy_w.o(.text)
    _memcpy_lastbytes_aligned                0x08000459   Thumb Code     0  rt_memcpy_w.o(.text)
    __aeabi_memclr                           0x08000475   Thumb Code     0  rt_memclr.o(.text)
    __rt_memclr                              0x08000475   Thumb Code    68  rt_memclr.o(.text)
    _memset                                  0x08000479   Thumb Code     0  rt_memclr.o(.text)
    __use_two_region_memory                  0x080004b9   Thumb Code     2  heapauxi.o(.text)
    __rt_heap_escrow                         0x080004bb   Thumb Code     2  heapauxi.o(.text)
    __rt_heap_expand                         0x080004bd   Thumb Code     2  heapauxi.o(.text)
    __rt_heap_descriptor                     0x080004c1   Thumb Code     8  rt_heap_descriptor_intlibspace.o(.text)
    __use_no_heap                            0x080004c9   Thumb Code     2  hguard.o(.text)
    __heap$guard                             0x080004cb   Thumb Code     2  hguard.o(.text)
    _terminate_user_alloc                    0x080004cd   Thumb Code     2  init_alloc.o(.text)
    _init_user_alloc                         0x080004cf   Thumb Code     2  init_alloc.o(.text)
    __Heap_Full                              0x080004d1   Thumb Code    34  init_alloc.o(.text)
    __Heap_Broken                            0x080004f3   Thumb Code     6  init_alloc.o(.text)
    _init_alloc                              0x080004f9   Thumb Code    94  init_alloc.o(.text)
    __Heap_Initialize                        0x08000557   Thumb Code    10  h1_init.o(.text)
    __Heap_DescSize                          0x08000561   Thumb Code     4  h1_init.o(.text)
    __lib_sel_fp_printf                      0x08000565   Thumb Code     2  _printf_fp_dec.o(.text)
    _printf_fp_dec_real                      0x08000717   Thumb Code   620  _printf_fp_dec.o(.text)
    _printf_char_common                      0x0800098f   Thumb Code    32  _printf_char_common.o(.text)
    _sputc                                   0x080009b5   Thumb Code    10  _sputc.o(.text)
    _snputc                                  0x080009bf   Thumb Code    16  _snputc.o(.text)
    __aeabi_memclr4                          0x080009cf   Thumb Code     0  rt_memclr_w.o(.text)
    __aeabi_memclr8                          0x080009cf   Thumb Code     0  rt_memclr_w.o(.text)
    __rt_memclr_w                            0x080009cf   Thumb Code    78  rt_memclr_w.o(.text)
    _memset_w                                0x080009d3   Thumb Code     0  rt_memclr_w.o(.text)
    __user_libspace                          0x08000a1d   Thumb Code     8  libspace.o(.text)
    __user_perproc_libspace                  0x08000a1d   Thumb Code     0  libspace.o(.text)
    __user_perthread_libspace                0x08000a1d   Thumb Code     0  libspace.o(.text)
    __rt_locale                              0x08000a25   Thumb Code     8  rt_locale_intlibspace.o(.text)
    __Heap_ProvideMemory                     0x08000a2d   Thumb Code    52  h1_extend.o(.text)
    _ll_udiv10                               0x08000a61   Thumb Code   138  lludiv10.o(.text)
    _printf_fp_infnan                        0x08000aed   Thumb Code   112  _printf_fp_infnan.o(.text)
    _btod_etento                             0x08000b6d   Thumb Code   224  bigflt0.o(.text)
    __rt_SIGRTMEM                            0x08000c51   Thumb Code    14  defsig_rtmem_outer.o(.text)
    __I$use$semihosting                      0x08000c5f   Thumb Code     0  use_no_semi.o(.text)
    __use_no_semihosting_swi                 0x08000c5f   Thumb Code     2  use_no_semi.o(.text)
    __semihosting_library_function           0x08000c61   Thumb Code     0  indicate_semi.o(.text)
    __user_setup_stackheap                   0x08000c61   Thumb Code    74  sys_stackheap_outer.o(.text)
    exit                                     0x08000cab   Thumb Code    18  exit.o(.text)
    __sig_exit                               0x08000cbd   Thumb Code    10  defsig_exit.o(.text)
    __rt_SIGRTMEM_inner                      0x08000cc9   Thumb Code    22  defsig_rtmem_inner.o(.text)
    strcmp                                   0x08000d19   Thumb Code   128  strcmpv7m.o(.text)
    _sys_exit                                0x08000d99   Thumb Code     8  sys_exit.o(.text)
    __default_signal_display                 0x08000da5   Thumb Code    50  defsig_general.o(.text)
    _ttywrch                                 0x08000dd7   Thumb Code    14  sys_wrch.o(.text)
    _btod_d2e                                0x08000de5   Thumb Code    62  btod.o(CL$$btod_d2e)
    _d2e_denorm_low                          0x08000e23   Thumb Code    70  btod.o(CL$$btod_d2e_denorm_low)
    _d2e_norm_op1                            0x08000e69   Thumb Code    96  btod.o(CL$$btod_d2e_norm_op1)
    __btod_div_common                        0x08000ec9   Thumb Code   696  btod.o(CL$$btod_div_common)
    _e2e                                     0x08001201   Thumb Code   220  btod.o(CL$$btod_e2e)
    _btod_ediv                               0x080012dd   Thumb Code    42  btod.o(CL$$btod_ediv)
    _btod_emul                               0x08001307   Thumb Code    42  btod.o(CL$$btod_emul)
    __btod_mult_common                       0x08001331   Thumb Code   580  btod.o(CL$$btod_mult_common)
    BusFault_Handler                         0x08001725   Thumb Code     2  stm32f4xx_it.o(i.BusFault_Handler)
    CAP_CHARGER                              0x08001729   Thumb Code   228  meter.o(i.CAP_CHARGER)
    DMA2_Stream0_IRQHandler                  0x08001861   Thumb Code     6  stm32f4xx_it.o(i.DMA2_Stream0_IRQHandler)
    DebugMon_Handler                         0x08001911   Thumb Code     2  stm32f4xx_it.o(i.DebugMon_Handler)
    GetCapacity2                             0x08001915   Thumb Code   172  meter.o(i.GetCapacity2)
    HAL_ADC_ConfigChannel                    0x080019e5   Thumb Code   316  stm32f4xx_hal_adc.o(i.HAL_ADC_ConfigChannel)
    HAL_ADC_ConvCpltCallback                 0x08001b31   Thumb Code     2  stm32f4xx_hal_adc.o(i.HAL_ADC_ConvCpltCallback)
    HAL_ADC_ConvHalfCpltCallback             0x08001b33   Thumb Code     2  stm32f4xx_hal_adc.o(i.HAL_ADC_ConvHalfCpltCallback)
    HAL_ADC_ErrorCallback                    0x08001b35   Thumb Code     2  stm32f4xx_hal_adc.o(i.HAL_ADC_ErrorCallback)
    HAL_ADC_Init                             0x08001b37   Thumb Code    84  stm32f4xx_hal_adc.o(i.HAL_ADC_Init)
    HAL_ADC_MspInit                          0x08001b8d   Thumb Code   122  adc.o(i.HAL_ADC_MspInit)
    HAL_ADC_Start_DMA                        0x08001c2d   Thumb Code   228  stm32f4xx_hal_adc.o(i.HAL_ADC_Start_DMA)
    HAL_ADC_Stop_DMA                         0x08001d2d   Thumb Code    88  stm32f4xx_hal_adc.o(i.HAL_ADC_Stop_DMA)
    HAL_DMA_Abort                            0x08001d85   Thumb Code   142  stm32f4xx_hal_dma.o(i.HAL_DMA_Abort)
    HAL_DMA_Abort_IT                         0x08001e13   Thumb Code    36  stm32f4xx_hal_dma.o(i.HAL_DMA_Abort_IT)
    HAL_DMA_IRQHandler                       0x08001e39   Thumb Code   414  stm32f4xx_hal_dma.o(i.HAL_DMA_IRQHandler)
    HAL_DMA_Init                             0x08001fe1   Thumb Code   206  stm32f4xx_hal_dma.o(i.HAL_DMA_Init)
    HAL_DMA_Start_IT                         0x080020b5   Thumb Code   120  stm32f4xx_hal_dma.o(i.HAL_DMA_Start_IT)
    HAL_Delay                                0x0800212d   Thumb Code    28  stm32f4xx_hal.o(i.HAL_Delay)
    HAL_GPIO_Init                            0x08002149   Thumb Code   388  stm32f4xx_hal_gpio.o(i.HAL_GPIO_Init)
    HAL_GPIO_TogglePin                       0x080022f9   Thumb Code     8  stm32f4xx_hal_gpio.o(i.HAL_GPIO_TogglePin)
    HAL_GPIO_WritePin                        0x08002301   Thumb Code    10  stm32f4xx_hal_gpio.o(i.HAL_GPIO_WritePin)
    HAL_GetTick                              0x0800230d   Thumb Code     6  stm32f4xx_hal.o(i.HAL_GetTick)
    HAL_IncTick                              0x08002319   Thumb Code    10  stm32f4xx_hal.o(i.HAL_IncTick)
    HAL_Init                                 0x08002329   Thumb Code    48  stm32f4xx_hal.o(i.HAL_Init)
    HAL_InitTick                             0x0800235d   Thumb Code    34  stm32f4xx_hal.o(i.HAL_InitTick)
    HAL_MspInit                              0x08002385   Thumb Code    88  stm32f4xx_hal_msp.o(i.HAL_MspInit)
    HAL_NVIC_EnableIRQ                       0x080023dd   Thumb Code    22  stm32f4xx_hal_cortex.o(i.HAL_NVIC_EnableIRQ)
    HAL_NVIC_SetPriority                     0x080023f5   Thumb Code    60  stm32f4xx_hal_cortex.o(i.HAL_NVIC_SetPriority)
    HAL_NVIC_SetPriorityGrouping             0x08002435   Thumb Code    26  stm32f4xx_hal_cortex.o(i.HAL_NVIC_SetPriorityGrouping)
    HAL_PCDEx_SetRxFiFo                      0x08002459   Thumb Code     8  stm32f4xx_hal_pcd_ex.o(i.HAL_PCDEx_SetRxFiFo)
    HAL_PCDEx_SetTxFiFo                      0x08002461   Thumb Code    68  stm32f4xx_hal_pcd_ex.o(i.HAL_PCDEx_SetTxFiFo)
    HAL_PCD_ConnectCallback                  0x080024a5   Thumb Code     8  usbd_conf.o(i.HAL_PCD_ConnectCallback)
    HAL_PCD_DataInStageCallback              0x080024ad   Thumb Code    18  usbd_conf.o(i.HAL_PCD_DataInStageCallback)
    HAL_PCD_DataOutStageCallback             0x080024bf   Thumb Code    20  usbd_conf.o(i.HAL_PCD_DataOutStageCallback)
    HAL_PCD_DisconnectCallback               0x080024d3   Thumb Code     8  usbd_conf.o(i.HAL_PCD_DisconnectCallback)
    HAL_PCD_EP_Close                         0x080024db   Thumb Code    68  stm32f4xx_hal_pcd.o(i.HAL_PCD_EP_Close)
    HAL_PCD_EP_ClrStall                      0x0800251f   Thumb Code    80  stm32f4xx_hal_pcd.o(i.HAL_PCD_EP_ClrStall)
    HAL_PCD_EP_GetRxCount                    0x0800256f   Thumb Code    20  stm32f4xx_hal_pcd.o(i.HAL_PCD_EP_GetRxCount)
    HAL_PCD_EP_Open                          0x08002583   Thumb Code    84  stm32f4xx_hal_pcd.o(i.HAL_PCD_EP_Open)
    HAL_PCD_EP_Receive                       0x080025d7   Thumb Code    72  stm32f4xx_hal_pcd.o(i.HAL_PCD_EP_Receive)
    HAL_PCD_EP_SetStall                      0x0800261f   Thumb Code    96  stm32f4xx_hal_pcd.o(i.HAL_PCD_EP_SetStall)
    HAL_PCD_EP_Transmit                      0x0800267f   Thumb Code    64  stm32f4xx_hal_pcd.o(i.HAL_PCD_EP_Transmit)
    HAL_PCD_IRQHandler                       0x080026c1   Thumb Code  1196  stm32f4xx_hal_pcd.o(i.HAL_PCD_IRQHandler)
    HAL_PCD_ISOINIncompleteCallback          0x08002bb5   Thumb Code     8  usbd_conf.o(i.HAL_PCD_ISOINIncompleteCallback)
    HAL_PCD_ISOOUTIncompleteCallback         0x08002bbd   Thumb Code     8  usbd_conf.o(i.HAL_PCD_ISOOUTIncompleteCallback)
    HAL_PCD_Init                             0x08002bc5   Thumb Code   190  stm32f4xx_hal_pcd.o(i.HAL_PCD_Init)
    HAL_PCD_MspInit                          0x08002c85   Thumb Code   112  usbd_conf.o(i.HAL_PCD_MspInit)
    HAL_PCD_ResetCallback                    0x08002cfd   Thumb Code    32  usbd_conf.o(i.HAL_PCD_ResetCallback)
    HAL_PCD_ResumeCallback                   0x08002d1d   Thumb Code     8  usbd_conf.o(i.HAL_PCD_ResumeCallback)
    HAL_PCD_SOFCallback                      0x08002d25   Thumb Code     8  usbd_conf.o(i.HAL_PCD_SOFCallback)
    HAL_PCD_SetAddress                       0x08002d2d   Thumb Code    36  stm32f4xx_hal_pcd.o(i.HAL_PCD_SetAddress)
    HAL_PCD_SetupStageCallback               0x08002d51   Thumb Code    14  usbd_conf.o(i.HAL_PCD_SetupStageCallback)
    HAL_PCD_Start                            0x08002d5f   Thumb Code    42  stm32f4xx_hal_pcd.o(i.HAL_PCD_Start)
    HAL_PCD_SuspendCallback                  0x08002d89   Thumb Code    44  usbd_conf.o(i.HAL_PCD_SuspendCallback)
    HAL_RCC_ClockConfig                      0x08002db9   Thumb Code   364  stm32f4xx_hal_rcc.o(i.HAL_RCC_ClockConfig)
    HAL_RCC_GetHCLKFreq                      0x08002f35   Thumb Code     6  stm32f4xx_hal_rcc.o(i.HAL_RCC_GetHCLKFreq)
    HAL_RCC_GetPCLK1Freq                     0x08002f41   Thumb Code    34  stm32f4xx_hal_rcc.o(i.HAL_RCC_GetPCLK1Freq)
    HAL_RCC_GetPCLK2Freq                     0x08002f71   Thumb Code    34  stm32f4xx_hal_rcc.o(i.HAL_RCC_GetPCLK2Freq)
    HAL_RCC_GetSysClockFreq                  0x08002fa1   Thumb Code   104  stm32f4xx_hal_rcc.o(i.HAL_RCC_GetSysClockFreq)
    HAL_RCC_OscConfig                        0x08003015   Thumb Code   770  stm32f4xx_hal_rcc.o(i.HAL_RCC_OscConfig)
    HAL_SPI_Init                             0x08003329   Thumb Code   128  stm32f4xx_hal_spi.o(i.HAL_SPI_Init)
    HAL_SPI_MspInit                          0x080033a9   Thumb Code    62  spi.o(i.HAL_SPI_MspInit)
    HAL_SYSTICK_CLKSourceConfig              0x080033f5   Thumb Code    24  stm32f4xx_hal_cortex.o(i.HAL_SYSTICK_CLKSourceConfig)
    HAL_SYSTICK_Callback                     0x0800340d   Thumb Code     2  stm32f4xx_hal_cortex.o(i.HAL_SYSTICK_Callback)
    HAL_SYSTICK_Config                       0x0800340f   Thumb Code    40  stm32f4xx_hal_cortex.o(i.HAL_SYSTICK_Config)
    HAL_SYSTICK_IRQHandler                   0x08003437   Thumb Code     8  stm32f4xx_hal_cortex.o(i.HAL_SYSTICK_IRQHandler)
    HAL_TIMEx_BreakCallback                  0x0800343f   Thumb Code     2  stm32f4xx_hal_tim_ex.o(i.HAL_TIMEx_BreakCallback)
    HAL_TIMEx_CommutationCallback            0x08003441   Thumb Code     2  stm32f4xx_hal_tim_ex.o(i.HAL_TIMEx_CommutationCallback)
    HAL_TIMEx_MasterConfigSynchronization    0x08003443   Thumb Code    80  stm32f4xx_hal_tim_ex.o(i.HAL_TIMEx_MasterConfigSynchronization)
    HAL_TIM_Base_Init                        0x08003493   Thumb Code    54  stm32f4xx_hal_tim.o(i.HAL_TIM_Base_Init)
    HAL_TIM_Base_MspInit                     0x080034c9   Thumb Code    72  tim.o(i.HAL_TIM_Base_MspInit)
    HAL_TIM_ConfigClockSource                0x0800351d   Thumb Code   242  stm32f4xx_hal_tim.o(i.HAL_TIM_ConfigClockSource)
    HAL_TIM_IC_CaptureCallback               0x0800360f   Thumb Code     2  stm32f4xx_hal_tim.o(i.HAL_TIM_IC_CaptureCallback)
    HAL_TIM_IRQHandler                       0x08003611   Thumb Code   358  stm32f4xx_hal_tim.o(i.HAL_TIM_IRQHandler)
    HAL_TIM_OC_DelayElapsedCallback          0x08003777   Thumb Code     2  stm32f4xx_hal_tim.o(i.HAL_TIM_OC_DelayElapsedCallback)
    HAL_TIM_PWM_PulseFinishedCallback        0x08003779   Thumb Code     2  stm32f4xx_hal_tim.o(i.HAL_TIM_PWM_PulseFinishedCallback)
    HAL_TIM_PeriodElapsedCallback            0x0800377b   Thumb Code     2  stm32f4xx_hal_tim.o(i.HAL_TIM_PeriodElapsedCallback)
    HAL_TIM_TriggerCallback                  0x0800377d   Thumb Code     2  stm32f4xx_hal_tim.o(i.HAL_TIM_TriggerCallback)
    HAL_UART_ErrorCallback                   0x0800377f   Thumb Code     2  stm32f4xx_hal_uart.o(i.HAL_UART_ErrorCallback)
    HAL_UART_IRQHandler                      0x08003781   Thumb Code   266  stm32f4xx_hal_uart.o(i.HAL_UART_IRQHandler)
    HAL_UART_Init                            0x08003891   Thumb Code    98  stm32f4xx_hal_uart.o(i.HAL_UART_Init)
    HAL_UART_MspInit                         0x080038f5   Thumb Code   134  usart.o(i.HAL_UART_MspInit)
    HAL_UART_Receive_IT                      0x08003991   Thumb Code    72  stm32f4xx_hal_uart.o(i.HAL_UART_Receive_IT)
    HAL_UART_RxCpltCallback                  0x080039d9   Thumb Code    12  transceiver.o(i.HAL_UART_RxCpltCallback)
    HAL_UART_Transmit                        0x080039e9   Thumb Code   186  stm32f4xx_hal_uart.o(i.HAL_UART_Transmit)
    HAL_UART_TxCpltCallback                  0x08003aa3   Thumb Code     2  stm32f4xx_hal_uart.o(i.HAL_UART_TxCpltCallback)
    HardFault_Handler                        0x08003aa5   Thumb Code     2  stm32f4xx_it.o(i.HardFault_Handler)
    MX_ADC3_Init                             0x08003aa9   Thumb Code    82  adc.o(i.MX_ADC3_Init)
    MX_DMA_Init                              0x08003b19   Thumb Code    40  dma.o(i.MX_DMA_Init)
    MX_GPIO_Init                             0x08003b45   Thumb Code   220  gpio.o(i.MX_GPIO_Init)
    MX_SPI1_Init                             0x08003c31   Thumb Code    64  spi.o(i.MX_SPI1_Init)
    MX_TIM3_Init                             0x08003c89   Thumb Code    94  tim.o(i.MX_TIM3_Init)
    MX_TIM5_Init                             0x08003d01   Thumb Code    88  tim.o(i.MX_TIM5_Init)
    MX_UART4_Init                            0x08003d71   Thumb Code    52  usart.o(i.MX_UART4_Init)
    MX_UART5_Init                            0x08003dbd   Thumb Code    52  usart.o(i.MX_UART5_Init)
    MX_USB_DEVICE_Init                       0x08003e09   Thumb Code    38  usb_device.o(i.MX_USB_DEVICE_Init)
    MemManage_Handler                        0x08003e41   Thumb Code     2  stm32f4xx_it.o(i.MemManage_Handler)
    NMI_Handler                              0x08003e43   Thumb Code     2  stm32f4xx_it.o(i.NMI_Handler)
    OTG_FS_IRQHandler                        0x08003e65   Thumb Code     6  stm32f4xx_it.o(i.OTG_FS_IRQHandler)
    PendSV_Handler                           0x08003ef9   Thumb Code     2  stm32f4xx_it.o(i.PendSV_Handler)
    SVC_Handler                              0x08003efb   Thumb Code     2  stm32f4xx_it.o(i.SVC_Handler)
    SysTick_Handler                          0x08003efd   Thumb Code    14  stm32f4xx_it.o(i.SysTick_Handler)
    SystemClock_Config                       0x08003f0d   Thumb Code   146  main.o(i.SystemClock_Config)
    SystemInit                               0x08003fa9   Thumb Code    66  system_stm32f4xx.o(i.SystemInit)
    TIM3_IRQHandler                          0x08003ffd   Thumb Code    32  stm32f4xx_it.o(i.TIM3_IRQHandler)
    TIM_Base_SetConfig                       0x0800402d   Thumb Code   148  stm32f4xx_hal_tim.o(i.TIM_Base_SetConfig)
    UART4_IRQHandler                         0x08004159   Thumb Code     6  stm32f4xx_it.o(i.UART4_IRQHandler)
    UART5_IRQHandler                         0x08004165   Thumb Code     6  stm32f4xx_it.o(i.UART5_IRQHandler)
    UART5_RxCpltCallback                     0x08004171   Thumb Code   226  transceiver.o(i.UART5_RxCpltCallback)
    USBD_CDC_GetDeviceQualifierDescriptor    0x08004729   Thumb Code     8  usbd_cdc.o(i.USBD_CDC_GetDeviceQualifierDescriptor)
    USBD_CDC_ReceivePacket                   0x080047e1   Thumb Code    40  usbd_cdc.o(i.USBD_CDC_ReceivePacket)
    USBD_CDC_RegisterInterface               0x08004809   Thumb Code    16  usbd_cdc.o(i.USBD_CDC_RegisterInterface)
    USBD_CDC_SetRxBuffer                     0x08004819   Thumb Code    12  usbd_cdc.o(i.USBD_CDC_SetRxBuffer)
    USBD_CDC_SetTxBuffer                     0x08004825   Thumb Code    16  usbd_cdc.o(i.USBD_CDC_SetTxBuffer)
    USBD_ClrClassConfig                      0x080048a5   Thumb Code    14  usbd_core.o(i.USBD_ClrClassConfig)
    USBD_CtlContinueRx                       0x080048b3   Thumb Code    16  usbd_ioreq.o(i.USBD_CtlContinueRx)
    USBD_CtlContinueSendData                 0x080048c3   Thumb Code    16  usbd_ioreq.o(i.USBD_CtlContinueSendData)
    USBD_CtlError                            0x080048d3   Thumb Code    22  usbd_ctlreq.o(i.USBD_CtlError)
    USBD_CtlPrepareRx                        0x080048e9   Thumb Code    30  usbd_ioreq.o(i.USBD_CtlPrepareRx)
    USBD_CtlReceiveStatus                    0x08004907   Thumb Code    22  usbd_ioreq.o(i.USBD_CtlReceiveStatus)
    USBD_CtlSendData                         0x0800491d   Thumb Code    26  usbd_ioreq.o(i.USBD_CtlSendData)
    USBD_CtlSendStatus                       0x08004937   Thumb Code    22  usbd_ioreq.o(i.USBD_CtlSendStatus)
    USBD_FS_ConfigStrDescriptor              0x0800494d   Thumb Code    16  usbd_desc.o(i.USBD_FS_ConfigStrDescriptor)
    USBD_FS_DeviceDescriptor                 0x0800496d   Thumb Code     8  usbd_desc.o(i.USBD_FS_DeviceDescriptor)
    USBD_FS_InterfaceStrDescriptor           0x08004979   Thumb Code    16  usbd_desc.o(i.USBD_FS_InterfaceStrDescriptor)
    USBD_FS_LangIDStrDescriptor              0x0800499d   Thumb Code     8  usbd_desc.o(i.USBD_FS_LangIDStrDescriptor)
    USBD_FS_ManufacturerStrDescriptor        0x080049a9   Thumb Code    16  usbd_desc.o(i.USBD_FS_ManufacturerStrDescriptor)
    USBD_FS_ProductStrDescriptor             0x080049d1   Thumb Code    16  usbd_desc.o(i.USBD_FS_ProductStrDescriptor)
    USBD_FS_SerialStrDescriptor              0x080049fd   Thumb Code    16  usbd_desc.o(i.USBD_FS_SerialStrDescriptor)
    USBD_GetString                           0x08004b01   Thumb Code    70  usbd_ctlreq.o(i.USBD_GetString)
    USBD_Init                                0x08004b47   Thumb Code    42  usbd_core.o(i.USBD_Init)
    USBD_LL_ClearStallEP                     0x08004b71   Thumb Code    32  usbd_conf.o(i.USBD_LL_ClearStallEP)
    USBD_LL_CloseEP                          0x08004b91   Thumb Code    32  usbd_conf.o(i.USBD_LL_CloseEP)
    USBD_LL_DataInStage                      0x08004bb1   Thumb Code   170  usbd_core.o(i.USBD_LL_DataInStage)
    USBD_LL_DataOutStage                     0x08004c5b   Thumb Code   106  usbd_core.o(i.USBD_LL_DataOutStage)
    USBD_LL_DevConnected                     0x08004cc5   Thumb Code     4  usbd_core.o(i.USBD_LL_DevConnected)
    USBD_LL_DevDisconnected                  0x08004cc9   Thumb Code    22  usbd_core.o(i.USBD_LL_DevDisconnected)
    USBD_LL_GetRxDataSize                    0x08004cdf   Thumb Code     8  usbd_conf.o(i.USBD_LL_GetRxDataSize)
    USBD_LL_Init                             0x08004ce9   Thumb Code   100  usbd_conf.o(i.USBD_LL_Init)
    USBD_LL_IsStallEP                        0x08004d65   Thumb Code    32  usbd_conf.o(i.USBD_LL_IsStallEP)
    USBD_LL_IsoINIncomplete                  0x08004d85   Thumb Code     4  usbd_core.o(i.USBD_LL_IsoINIncomplete)
    USBD_LL_IsoOUTIncomplete                 0x08004d89   Thumb Code     4  usbd_core.o(i.USBD_LL_IsoOUTIncomplete)
    USBD_LL_OpenEP                           0x08004d8d   Thumb Code    38  usbd_conf.o(i.USBD_LL_OpenEP)
    USBD_LL_PrepareReceive                   0x08004db3   Thumb Code    32  usbd_conf.o(i.USBD_LL_PrepareReceive)
    USBD_LL_Reset                            0x08004dd3   Thumb Code    62  usbd_core.o(i.USBD_LL_Reset)
    USBD_LL_Resume                           0x08004e11   Thumb Code    12  usbd_core.o(i.USBD_LL_Resume)
    USBD_LL_SOF                              0x08004e1d   Thumb Code    24  usbd_core.o(i.USBD_LL_SOF)
    USBD_LL_SetSpeed                         0x08004e35   Thumb Code     6  usbd_core.o(i.USBD_LL_SetSpeed)
    USBD_LL_SetUSBAddress                    0x08004e3b   Thumb Code    32  usbd_conf.o(i.USBD_LL_SetUSBAddress)
    USBD_LL_SetupStage                       0x08004e5b   Thumb Code    90  usbd_core.o(i.USBD_LL_SetupStage)
    USBD_LL_StallEP                          0x08004eb5   Thumb Code    32  usbd_conf.o(i.USBD_LL_StallEP)
    USBD_LL_Start                            0x08004ed5   Thumb Code    32  usbd_conf.o(i.USBD_LL_Start)
    USBD_LL_Suspend                          0x08004ef5   Thumb Code    18  usbd_core.o(i.USBD_LL_Suspend)
    USBD_LL_Transmit                         0x08004f07   Thumb Code    32  usbd_conf.o(i.USBD_LL_Transmit)
    USBD_ParseSetupRequest                   0x08004f27   Thumb Code    40  usbd_ctlreq.o(i.USBD_ParseSetupRequest)
    USBD_RegisterClass                       0x08004f4f   Thumb Code    16  usbd_core.o(i.USBD_RegisterClass)
    USBD_SetClassConfig                      0x08004f5f   Thumb Code    22  usbd_core.o(i.USBD_SetClassConfig)
    USBD_Start                               0x08004fe9   Thumb Code    10  usbd_core.o(i.USBD_Start)
    USBD_StdDevReq                           0x08004ff3   Thumb Code   242  usbd_ctlreq.o(i.USBD_StdDevReq)
    USBD_StdEPReq                            0x080050e5   Thumb Code   220  usbd_ctlreq.o(i.USBD_StdEPReq)
    USBD_StdItfReq                           0x080051c1   Thumb Code    52  usbd_ctlreq.o(i.USBD_StdItfReq)
    USB_ActivateEndpoint                     0x080051f5   Thumb Code   122  stm32f4xx_ll_usb.o(i.USB_ActivateEndpoint)
    USB_ActivateSetup                        0x08005275   Thumb Code    52  stm32f4xx_ll_usb.o(i.USB_ActivateSetup)
    USB_CoreInit                             0x080052a9   Thumb Code   104  stm32f4xx_ll_usb.o(i.USB_CoreInit)
    USB_DeactivateEndpoint                   0x0800534d   Thumb Code   196  stm32f4xx_ll_usb.o(i.USB_DeactivateEndpoint)
    USB_DevConnect                           0x08005415   Thumb Code    24  stm32f4xx_ll_usb.o(i.USB_DevConnect)
    USB_DevDisconnect                        0x0800542d   Thumb Code    24  stm32f4xx_ll_usb.o(i.USB_DevDisconnect)
    USB_DevInit                              0x08005445   Thumb Code   302  stm32f4xx_ll_usb.o(i.USB_DevInit)
    USB_DisableGlobalInt                     0x08005585   Thumb Code    12  stm32f4xx_ll_usb.o(i.USB_DisableGlobalInt)
    USB_EP0StartXfer                         0x08005591   Thumb Code   316  stm32f4xx_ll_usb.o(i.USB_EP0StartXfer)
    USB_EP0_OutStart                         0x080056d1   Thumb Code    62  stm32f4xx_ll_usb.o(i.USB_EP0_OutStart)
    USB_EPClearStall                         0x0800570f   Thumb Code   100  stm32f4xx_ll_usb.o(i.USB_EPClearStall)
    USB_EPSetStall                           0x08005773   Thumb Code    94  stm32f4xx_ll_usb.o(i.USB_EPSetStall)
    USB_EPStartXfer                          0x080057d1   Thumb Code   534  stm32f4xx_ll_usb.o(i.USB_EPStartXfer)
    USB_EnableGlobalInt                      0x080059ed   Thumb Code    12  stm32f4xx_ll_usb.o(i.USB_EnableGlobalInt)
    USB_FlushRxFifo                          0x080059f9   Thumb Code    28  stm32f4xx_ll_usb.o(i.USB_FlushRxFifo)
    USB_FlushTxFifo                          0x08005a19   Thumb Code    32  stm32f4xx_ll_usb.o(i.USB_FlushTxFifo)
    USB_GetDevSpeed                          0x08005a3d   Thumb Code    60  stm32f4xx_ll_usb.o(i.USB_GetDevSpeed)
    USB_GetMode                              0x08005a79   Thumb Code     8  stm32f4xx_ll_usb.o(i.USB_GetMode)
    USB_ReadDevAllInEpInterrupt              0x08005a81   Thumb Code    14  stm32f4xx_ll_usb.o(i.USB_ReadDevAllInEpInterrupt)
    USB_ReadDevAllOutEpInterrupt             0x08005a8f   Thumb Code    14  stm32f4xx_ll_usb.o(i.USB_ReadDevAllOutEpInterrupt)
    USB_ReadDevInEPInterrupt                 0x08005a9d   Thumb Code    30  stm32f4xx_ll_usb.o(i.USB_ReadDevInEPInterrupt)
    USB_ReadDevOutEPInterrupt                0x08005abb   Thumb Code    16  stm32f4xx_ll_usb.o(i.USB_ReadDevOutEPInterrupt)
    USB_ReadInterrupts                       0x08005acb   Thumb Code     8  stm32f4xx_ll_usb.o(i.USB_ReadInterrupts)
    USB_ReadPacket                           0x08005ad3   Thumb Code    32  stm32f4xx_ll_usb.o(i.USB_ReadPacket)
    USB_SetCurrentMode                       0x08005af3   Thumb Code    44  stm32f4xx_ll_usb.o(i.USB_SetCurrentMode)
    USB_SetDevAddress                        0x08005b1f   Thumb Code    34  stm32f4xx_ll_usb.o(i.USB_SetDevAddress)
    USB_WritePacket                          0x08005b41   Thumb Code    40  stm32f4xx_ll_usb.o(i.USB_WritePacket)
    UsageFault_Handler                       0x08005b69   Thumb Code     2  stm32f4xx_it.o(i.UsageFault_Handler)
    _Error_Handler                           0x08005b6b   Thumb Code     2  main.o(i._Error_Handler)
    __ARM_fpclassify                         0x08005b6d   Thumb Code    48  fpclassify.o(i.__ARM_fpclassify)
    main                                     0x08005b9d   Thumb Code   174  main.o(i.main)
    meter_setup                              0x08005c65   Thumb Code    16  meter.o(i.meter_setup)
    sendcharUART                             0x08005c7d   Thumb Code    74  transceiver.o(i.sendcharUART)
    transceiver_setup                        0x08005cd5   Thumb Code    28  transceiver.o(i.transceiver_setup)
    _get_lc_numeric                          0x08005cf5   Thumb Code    44  lc_numeric_c.o(locale$$code)
    __aeabi_d2f                              0x08005d21   Thumb Code     0  d2f.o(x$fpl$d2f)
    _d2f                                     0x08005d21   Thumb Code    98  d2f.o(x$fpl$d2f)
    __aeabi_ddiv                             0x08005d85   Thumb Code     0  ddiv.o(x$fpl$ddiv)
    _ddiv                                    0x08005d85   Thumb Code   552  ddiv.o(x$fpl$ddiv)
    __aeabi_ui2d                             0x08006035   Thumb Code     0  dflt_clz.o(x$fpl$dfltu)
    _dfltu                                   0x08006035   Thumb Code    38  dflt_clz.o(x$fpl$dfltu)
    __aeabi_dmul                             0x0800605d   Thumb Code     0  dmul.o(x$fpl$dmul)
    _dmul                                    0x0800605d   Thumb Code   332  dmul.o(x$fpl$dmul)
    __fpl_dnaninf                            0x080061b1   Thumb Code   156  dnaninf.o(x$fpl$dnaninf)
    __fpl_dretinf                            0x0800624d   Thumb Code    12  dretinf.o(x$fpl$dretinf)
    __aeabi_f2d                              0x08006259   Thumb Code     0  f2d.o(x$fpl$f2d)
    _f2d                                     0x08006259   Thumb Code    86  f2d.o(x$fpl$f2d)
    __fpl_fnaninf                            0x080062af   Thumb Code   140  fnaninf.o(x$fpl$fnaninf)
    _fp_init                                 0x0800633b   Thumb Code    10  fpinit.o(x$fpl$fpinit)
    __fplib_config_fpu_vfp                   0x08006343   Thumb Code     0  fpinit.o(x$fpl$fpinit)
    __fplib_config_pureend_doubles           0x08006343   Thumb Code     0  fpinit.o(x$fpl$fpinit)
    __fpl_fretinf                            0x08006345   Thumb Code    10  fretinf.o(x$fpl$fretinf)
    _printf_fp_dec                           0x0800634f   Thumb Code     4  printf1.o(x$fpl$printf1)
    AHBPrescTable                            0x08006352   Data          16  system_stm32f4xx.o(.constdata)
    __I$use$fp                               0x08006352   Number         0  usenofp.o(x$fpl$usenofp)
    APBPrescTable                            0x08006362   Data           8  system_stm32f4xx.o(.constdata)
    Region$$Table$$Base                      0x08006408   Number         0  anon$$obj.o(Region$$Table)
    Region$$Table$$Limit                     0x08006428   Number         0  anon$$obj.o(Region$$Table)
    SystemCoreClock                          0x20000000   Data           4  system_stm32f4xx.o(.data)
    USBD_CDC_CfgHSDesc                       0x20000018   Data          67  usbd_cdc.o(.data)
    USBD_CDC_CfgFSDesc                       0x2000005c   Data          67  usbd_cdc.o(.data)
    USBD_CDC_OtherSpeedCfgDesc               0x200000a0   Data          67  usbd_cdc.o(.data)
    USBD_CDC                                 0x200000e4   Data          56  usbd_cdc.o(.data)
    tim3cnt                                  0x2000011c   Data           2  stm32f4xx_it.o(.data)
    uscnt                                    0x20000120   Data           2  main.o(.data)
    LED0                                     0x20000124   Data           4  main.o(.data)
    LED1                                     0x20000128   Data           4  main.o(.data)
    capacity                                 0x2000012c   Data           4  main.o(.data)
    FS_Desc                                  0x20000130   Data          28  usbd_desc.o(.data)
    USBD_LangIDDesc                          0x2000014c   Data           4  usbd_desc.o(.data)
    USBD_FS_DeviceDesc                       0x20000150   Data          18  usbd_desc.o(.data)
    USBD_Interface_fops_FS                   0x20000164   Data          16  usbd_cdc_if.o(.data)
    UserRxBufferFS                           0x20000174   Data           4  usbd_cdc_if.o(.data)
    UserTxBufferFS                           0x20000178   Data           4  usbd_cdc_if.o(.data)
    DWT_CONTROL                              0x2000017c   Data           4  meter.o(.data)
    DWT_CYCCNT                               0x20000180   Data           4  meter.o(.data)
    DEMCR                                    0x20000184   Data           4  meter.o(.data)
    MAX_CAP_CAPACITY_T                       0x20000188   Data           4  meter.o(.data)
    MAX_CAP_CAPACITY_T_inTicks               0x2000018c   Data           4  meter.o(.data)
    startTime                                0x20000190   Data           4  meter.o(.data)
    elapsedTime                              0x20000194   Data           4  meter.o(.data)
    op_time                                  0x20000198   Data           4  meter.o(.data)
    uwTick                                   0x2000019c   Data           4  stm32f4xx_hal.o(.data)
    hUsbDeviceFS                             0x200001a0   Data         548  usb_device.o(.bss)
    huart4                                   0x200003c4   Data          64  usart.o(.bss)
    huart5                                   0x20000404   Data          64  usart.o(.bss)
    hspi1                                    0x20000444   Data          88  spi.o(.bss)
    htim3                                    0x2000049c   Data          60  tim.o(.bss)
    htim5                                    0x200004d8   Data          60  tim.o(.bss)
    buf1                                     0x20000514   Data          13  main.o(.bss)
    hpcd_USB_OTG_FS                          0x20000524   Data        1008  usbd_conf.o(.bss)
    hadc3                                    0x20000914   Data          72  adc.o(.bss)
    hdma_adc3                                0x2000095c   Data          96  adc.o(.bss)
    USBD_StrDesc                             0x200009bc   Data         512  usbd_desc.o(.bss)
    CAP                                      0x20000bbc   Data         128  meter.o(.bss)
    us5                                      0x20000c3c   Data         136  transceiver.o(.bss)
    __libspace_start                         0x20000cc4   Data          96  libspace.o(.bss)
    __temporary_stack_top$libspace           0x20000d24   Data           0  libspace.o(.bss)



==============================================================================

Memory Map of the image

  Image Entry point : 0x08000189

  Load Region LR_IROM1 (Base: 0x08000000, Size: 0x000065e4, Max: 0x00100000, ABSOLUTE, COMPRESSED[0x00006514])

    Execution Region ER_IROM1 (Exec base: 0x08000000, Load base: 0x08000000, Size: 0x00006444, Max: 0x00100000, ABSOLUTE)

    Exec Addr    Load Addr    Size         Type   Attr      Idx    E Section Name        Object

    0x08000000   0x08000000   0x00000188   Data   RO          549    RESET               startup_stm32f405xx.o
    0x08000188   0x08000188   0x00000008   Code   RO         4897  * !!!main             c_w.l(__main.o)
    0x08000190   0x08000190   0x00000034   Code   RO         5183    !!!scatter          c_w.l(__scatter.o)
    0x080001c4   0x080001c4   0x0000005a   Code   RO         5181    !!dczerorl2         c_w.l(__dczerorl2.o)
    0x0800021e   0x0800021e   0x00000002   PAD
    0x08000220   0x08000220   0x0000001c   Code   RO         5185    !!handler_zi        c_w.l(__scatter_zi.o)
    0x0800023c   0x0800023c   0x00000000   Code   RO         4890    .ARM.Collect$$_printf_percent$$00000000  c_w.l(_printf_percent.o)
    0x0800023c   0x0800023c   0x00000006   Code   RO         4889    .ARM.Collect$$_printf_percent$$00000003  c_w.l(_printf_f.o)
    0x08000242   0x08000242   0x00000004   Code   RO         4953    .ARM.Collect$$_printf_percent$$00000017  c_w.l(_printf_percent_end.o)
    0x08000246   0x08000246   0x00000002   Code   RO         5120    .ARM.Collect$$libinit$$00000000  c_w.l(libinit.o)
    0x08000248   0x08000248   0x00000004   Code   RO         4958    .ARM.Collect$$libinit$$00000001  c_w.l(libinit2.o)
    0x0800024c   0x0800024c   0x00000000   Code   RO         4961    .ARM.Collect$$libinit$$00000004  c_w.l(libinit2.o)
    0x0800024c   0x0800024c   0x00000008   Code   RO         4962    .ARM.Collect$$libinit$$00000005  c_w.l(libinit2.o)
    0x08000254   0x08000254   0x00000000   Code   RO         4964    .ARM.Collect$$libinit$$0000000A  c_w.l(libinit2.o)
    0x08000254   0x08000254   0x00000000   Code   RO         4966    .ARM.Collect$$libinit$$0000000C  c_w.l(libinit2.o)
    0x08000254   0x08000254   0x00000000   Code   RO         4968    .ARM.Collect$$libinit$$0000000E  c_w.l(libinit2.o)
    0x08000254   0x08000254   0x00000006   Code   RO         4969    .ARM.Collect$$libinit$$0000000F  c_w.l(libinit2.o)
    0x0800025a   0x0800025a   0x00000000   Code   RO         4971    .ARM.Collect$$libinit$$00000011  c_w.l(libinit2.o)
    0x0800025a   0x0800025a   0x00000000   Code   RO         4973    .ARM.Collect$$libinit$$00000013  c_w.l(libinit2.o)
    0x0800025a   0x0800025a   0x00000000   Code   RO         4975    .ARM.Collect$$libinit$$00000015  c_w.l(libinit2.o)
    0x0800025a   0x0800025a   0x0000000a   Code   RO         4976    .ARM.Collect$$libinit$$00000016  c_w.l(libinit2.o)
    0x08000264   0x08000264   0x00000000   Code   RO         4977    .ARM.Collect$$libinit$$00000017  c_w.l(libinit2.o)
    0x08000264   0x08000264   0x00000000   Code   RO         4979    .ARM.Collect$$libinit$$00000019  c_w.l(libinit2.o)
    0x08000264   0x08000264   0x00000000   Code   RO         4981    .ARM.Collect$$libinit$$0000001B  c_w.l(libinit2.o)
    0x08000264   0x08000264   0x00000000   Code   RO         4983    .ARM.Collect$$libinit$$0000001D  c_w.l(libinit2.o)
    0x08000264   0x08000264   0x00000000   Code   RO         4985    .ARM.Collect$$libinit$$0000001F  c_w.l(libinit2.o)
    0x08000264   0x08000264   0x00000000   Code   RO         4987    .ARM.Collect$$libinit$$00000021  c_w.l(libinit2.o)
    0x08000264   0x08000264   0x00000000   Code   RO         4989    .ARM.Collect$$libinit$$00000023  c_w.l(libinit2.o)
    0x08000264   0x08000264   0x00000000   Code   RO         4991    .ARM.Collect$$libinit$$00000025  c_w.l(libinit2.o)
    0x08000264   0x08000264   0x00000000   Code   RO         4995    .ARM.Collect$$libinit$$0000002C  c_w.l(libinit2.o)
    0x08000264   0x08000264   0x00000000   Code   RO         4997    .ARM.Collect$$libinit$$0000002E  c_w.l(libinit2.o)
    0x08000264   0x08000264   0x00000000   Code   RO         4999    .ARM.Collect$$libinit$$00000030  c_w.l(libinit2.o)
    0x08000264   0x08000264   0x00000000   Code   RO         5001    .ARM.Collect$$libinit$$00000032  c_w.l(libinit2.o)
    0x08000264   0x08000264   0x00000002   Code   RO         5002    .ARM.Collect$$libinit$$00000033  c_w.l(libinit2.o)
    0x08000266   0x08000266   0x00000002   Code   RO         5178    .ARM.Collect$$libshutdown$$00000000  c_w.l(libshutdown.o)
    0x08000268   0x08000268   0x00000000   Code   RO         5134    .ARM.Collect$$libshutdown$$00000002  c_w.l(libshutdown2.o)
    0x08000268   0x08000268   0x00000000   Code   RO         5136    .ARM.Collect$$libshutdown$$00000004  c_w.l(libshutdown2.o)
    0x08000268   0x08000268   0x00000000   Code   RO         5139    .ARM.Collect$$libshutdown$$00000007  c_w.l(libshutdown2.o)
    0x08000268   0x08000268   0x00000000   Code   RO         5142    .ARM.Collect$$libshutdown$$0000000A  c_w.l(libshutdown2.o)
    0x08000268   0x08000268   0x00000000   Code   RO         5144    .ARM.Collect$$libshutdown$$0000000C  c_w.l(libshutdown2.o)
    0x08000268   0x08000268   0x00000000   Code   RO         5147    .ARM.Collect$$libshutdown$$0000000F  c_w.l(libshutdown2.o)
    0x08000268   0x08000268   0x00000002   Code   RO         5148    .ARM.Collect$$libshutdown$$00000010  c_w.l(libshutdown2.o)
    0x0800026a   0x0800026a   0x00000000   Code   RO         4919    .ARM.Collect$$rtentry$$00000000  c_w.l(__rtentry.o)
    0x0800026a   0x0800026a   0x00000000   Code   RO         5018    .ARM.Collect$$rtentry$$00000002  c_w.l(__rtentry2.o)
    0x0800026a   0x0800026a   0x00000006   Code   RO         5030    .ARM.Collect$$rtentry$$00000004  c_w.l(__rtentry4.o)
    0x08000270   0x08000270   0x00000000   Code   RO         5020    .ARM.Collect$$rtentry$$00000009  c_w.l(__rtentry2.o)
    0x08000270   0x08000270   0x00000004   Code   RO         5021    .ARM.Collect$$rtentry$$0000000A  c_w.l(__rtentry2.o)
    0x08000274   0x08000274   0x00000000   Code   RO         5023    .ARM.Collect$$rtentry$$0000000C  c_w.l(__rtentry2.o)
    0x08000274   0x08000274   0x00000008   Code   RO         5024    .ARM.Collect$$rtentry$$0000000D  c_w.l(__rtentry2.o)
    0x0800027c   0x0800027c   0x00000002   Code   RO         5123    .ARM.Collect$$rtexit$$00000000  c_w.l(rtexit.o)
    0x0800027e   0x0800027e   0x00000000   Code   RO         5152    .ARM.Collect$$rtexit$$00000002  c_w.l(rtexit2.o)
    0x0800027e   0x0800027e   0x00000004   Code   RO         5153    .ARM.Collect$$rtexit$$00000003  c_w.l(rtexit2.o)
    0x08000282   0x08000282   0x00000006   Code   RO         5154    .ARM.Collect$$rtexit$$00000004  c_w.l(rtexit2.o)
    0x08000288   0x08000288   0x00000000   Code   RO         5039    .emb_text           c_w.l(maybetermalloc1.o)
    0x08000288   0x08000288   0x00000040   Code   RO          550    .text               startup_stm32f405xx.o
    0x080002c8   0x080002c8   0x0000005e   Code   RO         4805    .text               c_w.l(h1_alloc.o)
    0x08000326   0x08000326   0x0000004e   Code   RO         4807    .text               c_w.l(h1_free.o)
    0x08000374   0x08000374   0x00000034   Code   RO         4865    .text               c_w.l(noretval__2snprintf.o)
    0x080003a8   0x080003a8   0x00000068   Code   RO         4867    .text               c_w.l(__printf.o)
    0x08000410   0x08000410   0x00000064   Code   RO         4891    .text               c_w.l(rt_memcpy_w.o)
    0x08000474   0x08000474   0x00000044   Code   RO         4893    .text               c_w.l(rt_memclr.o)
    0x080004b8   0x080004b8   0x00000006   Code   RO         4895    .text               c_w.l(heapauxi.o)
    0x080004be   0x080004be   0x00000002   PAD
    0x080004c0   0x080004c0   0x00000008   Code   RO         4923    .text               c_w.l(rt_heap_descriptor_intlibspace.o)
    0x080004c8   0x080004c8   0x00000004   Code   RO         4925    .text               c_w.l(hguard.o)
    0x080004cc   0x080004cc   0x0000008a   Code   RO         4927    .text               c_w.l(init_alloc.o)
    0x08000556   0x08000556   0x0000000e   Code   RO         4931    .text               c_w.l(h1_init.o)
    0x08000564   0x08000564   0x0000041e   Code   RO         4945    .text               c_w.l(_printf_fp_dec.o)
    0x08000982   0x08000982   0x00000002   PAD
    0x08000984   0x08000984   0x00000030   Code   RO         4947    .text               c_w.l(_printf_char_common.o)
    0x080009b4   0x080009b4   0x0000000a   Code   RO         4949    .text               c_w.l(_sputc.o)
    0x080009be   0x080009be   0x00000010   Code   RO         4951    .text               c_w.l(_snputc.o)
    0x080009ce   0x080009ce   0x0000004e   Code   RO         4954    .text               c_w.l(rt_memclr_w.o)
    0x08000a1c   0x08000a1c   0x00000008   Code   RO         5014    .text               c_w.l(libspace.o)
    0x08000a24   0x08000a24   0x00000008   Code   RO         5035    .text               c_w.l(rt_locale_intlibspace.o)
    0x08000a2c   0x08000a2c   0x00000034   Code   RO         5041    .text               c_w.l(h1_extend.o)
    0x08000a60   0x08000a60   0x0000008a   Code   RO         5045    .text               c_w.l(lludiv10.o)
    0x08000aea   0x08000aea   0x00000002   PAD
    0x08000aec   0x08000aec   0x00000080   Code   RO         5047    .text               c_w.l(_printf_fp_infnan.o)
    0x08000b6c   0x08000b6c   0x000000e4   Code   RO         5051    .text               c_w.l(bigflt0.o)
    0x08000c50   0x08000c50   0x0000000e   Code   RO         5079    .text               c_w.l(defsig_rtmem_outer.o)
    0x08000c5e   0x08000c5e   0x00000002   Code   RO         5094    .text               c_w.l(use_no_semi.o)
    0x08000c60   0x08000c60   0x00000000   Code   RO         5096    .text               c_w.l(indicate_semi.o)
    0x08000c60   0x08000c60   0x0000004a   Code   RO         5097    .text               c_w.l(sys_stackheap_outer.o)
    0x08000caa   0x08000caa   0x00000012   Code   RO         5103    .text               c_w.l(exit.o)
    0x08000cbc   0x08000cbc   0x0000000a   Code   RO         5105    .text               c_w.l(defsig_exit.o)
    0x08000cc6   0x08000cc6   0x00000002   PAD
    0x08000cc8   0x08000cc8   0x00000050   Code   RO         5107    .text               c_w.l(defsig_rtmem_inner.o)
    0x08000d18   0x08000d18   0x00000080   Code   RO         5109    .text               c_w.l(strcmpv7m.o)
    0x08000d98   0x08000d98   0x0000000c   Code   RO         5121    .text               c_w.l(sys_exit.o)
    0x08000da4   0x08000da4   0x00000032   Code   RO         5131    .text               c_w.l(defsig_general.o)
    0x08000dd6   0x08000dd6   0x0000000e   Code   RO         5149    .text               c_w.l(sys_wrch.o)
    0x08000de4   0x08000de4   0x0000003e   Code   RO         5054    CL$$btod_d2e        c_w.l(btod.o)
    0x08000e22   0x08000e22   0x00000046   Code   RO         5056    CL$$btod_d2e_denorm_low  c_w.l(btod.o)
    0x08000e68   0x08000e68   0x00000060   Code   RO         5055    CL$$btod_d2e_norm_op1  c_w.l(btod.o)
    0x08000ec8   0x08000ec8   0x00000338   Code   RO         5064    CL$$btod_div_common  c_w.l(btod.o)
    0x08001200   0x08001200   0x000000dc   Code   RO         5061    CL$$btod_e2e        c_w.l(btod.o)
    0x080012dc   0x080012dc   0x0000002a   Code   RO         5058    CL$$btod_ediv       c_w.l(btod.o)
    0x08001306   0x08001306   0x0000002a   Code   RO         5057    CL$$btod_emul       c_w.l(btod.o)
    0x08001330   0x08001330   0x00000244   Code   RO         5063    CL$$btod_mult_common  c_w.l(btod.o)
    0x08001574   0x08001574   0x00000062   Code   RO         3220    i.ADC_DMAConvCplt   stm32f4xx_hal_adc.o
    0x080015d6   0x080015d6   0x00000016   Code   RO         3221    i.ADC_DMAError      stm32f4xx_hal_adc.o
    0x080015ec   0x080015ec   0x0000000a   Code   RO         3222    i.ADC_DMAHalfConvCplt  stm32f4xx_hal_adc.o
    0x080015f6   0x080015f6   0x00000002   PAD
    0x080015f8   0x080015f8   0x0000012c   Code   RO         3223    i.ADC_Init          stm32f4xx_hal_adc.o
    0x08001724   0x08001724   0x00000002   Code   RO          670    i.BusFault_Handler  stm32f4xx_it.o
    0x08001726   0x08001726   0x00000002   PAD
    0x08001728   0x08001728   0x000000f4   Code   RO         1331    i.CAP_CHARGER       meter.o
    0x0800181c   0x0800181c   0x00000004   Code   RO         1279    i.CDC_Control_FS    usbd_cdc_if.o
    0x08001820   0x08001820   0x00000004   Code   RO         1280    i.CDC_DeInit_FS     usbd_cdc_if.o
    0x08001824   0x08001824   0x00000024   Code   RO         1281    i.CDC_Init_FS       usbd_cdc_if.o
    0x08001848   0x08001848   0x00000018   Code   RO         1282    i.CDC_Receive_FS    usbd_cdc_if.o
    0x08001860   0x08001860   0x0000000c   Code   RO          671    i.DMA2_Stream0_IRQHandler  stm32f4xx_it.o
    0x0800186c   0x0800186c   0x00000028   Code   RO         4696    i.DMA_CalcBaseAndBitshift  stm32f4xx_hal_dma.o
    0x08001894   0x08001894   0x00000054   Code   RO         4697    i.DMA_CheckFifoParam  stm32f4xx_hal_dma.o
    0x080018e8   0x080018e8   0x00000028   Code   RO         4698    i.DMA_SetConfig     stm32f4xx_hal_dma.o
    0x08001910   0x08001910   0x00000002   Code   RO          672    i.DebugMon_Handler  stm32f4xx_it.o
    0x08001912   0x08001912   0x00000002   PAD
    0x08001914   0x08001914   0x000000d0   Code   RO         1334    i.GetCapacity2      meter.o
    0x080019e4   0x080019e4   0x0000014c   Code   RO         3225    i.HAL_ADC_ConfigChannel  stm32f4xx_hal_adc.o
    0x08001b30   0x08001b30   0x00000002   Code   RO         3226    i.HAL_ADC_ConvCpltCallback  stm32f4xx_hal_adc.o
    0x08001b32   0x08001b32   0x00000002   Code   RO         3227    i.HAL_ADC_ConvHalfCpltCallback  stm32f4xx_hal_adc.o
    0x08001b34   0x08001b34   0x00000002   Code   RO         3229    i.HAL_ADC_ErrorCallback  stm32f4xx_hal_adc.o
    0x08001b36   0x08001b36   0x00000054   Code   RO         3234    i.HAL_ADC_Init      stm32f4xx_hal_adc.o
    0x08001b8a   0x08001b8a   0x00000002   PAD
    0x08001b8c   0x08001b8c   0x000000a0   Code   RO         1170    i.HAL_ADC_MspInit   adc.o
    0x08001c2c   0x08001c2c   0x00000100   Code   RO         3241    i.HAL_ADC_Start_DMA  stm32f4xx_hal_adc.o
    0x08001d2c   0x08001d2c   0x00000058   Code   RO         3244    i.HAL_ADC_Stop_DMA  stm32f4xx_hal_adc.o
    0x08001d84   0x08001d84   0x0000008e   Code   RO         4699    i.HAL_DMA_Abort     stm32f4xx_hal_dma.o
    0x08001e12   0x08001e12   0x00000024   Code   RO         4700    i.HAL_DMA_Abort_IT  stm32f4xx_hal_dma.o
    0x08001e36   0x08001e36   0x00000002   PAD
    0x08001e38   0x08001e38   0x000001a8   Code   RO         4704    i.HAL_DMA_IRQHandler  stm32f4xx_hal_dma.o
    0x08001fe0   0x08001fe0   0x000000d4   Code   RO         4705    i.HAL_DMA_Init      stm32f4xx_hal_dma.o
    0x080020b4   0x080020b4   0x00000078   Code   RO         4709    i.HAL_DMA_Start_IT  stm32f4xx_hal_dma.o
    0x0800212c   0x0800212c   0x0000001c   Code   RO         1927    i.HAL_Delay         stm32f4xx_hal.o
    0x08002148   0x08002148   0x000001b0   Code   RO         1515    i.HAL_GPIO_Init     stm32f4xx_hal_gpio.o
    0x080022f8   0x080022f8   0x00000008   Code   RO         1518    i.HAL_GPIO_TogglePin  stm32f4xx_hal_gpio.o
    0x08002300   0x08002300   0x0000000a   Code   RO         1519    i.HAL_GPIO_WritePin  stm32f4xx_hal_gpio.o
    0x0800230a   0x0800230a   0x00000002   PAD
    0x0800230c   0x0800230c   0x0000000c   Code   RO         1933    i.HAL_GetTick       stm32f4xx_hal.o
    0x08002318   0x08002318   0x00000010   Code   RO         1935    i.HAL_IncTick       stm32f4xx_hal.o
    0x08002328   0x08002328   0x00000034   Code   RO         1936    i.HAL_Init          stm32f4xx_hal.o
    0x0800235c   0x0800235c   0x00000028   Code   RO         1937    i.HAL_InitTick      stm32f4xx_hal.o
    0x08002384   0x08002384   0x00000058   Code   RO          956    i.HAL_MspInit       stm32f4xx_hal_msp.o
    0x080023dc   0x080023dc   0x00000016   Code   RO         3817    i.HAL_NVIC_EnableIRQ  stm32f4xx_hal_cortex.o
    0x080023f2   0x080023f2   0x00000002   PAD
    0x080023f4   0x080023f4   0x00000040   Code   RO         3823    i.HAL_NVIC_SetPriority  stm32f4xx_hal_cortex.o
    0x08002434   0x08002434   0x00000024   Code   RO         3824    i.HAL_NVIC_SetPriorityGrouping  stm32f4xx_hal_cortex.o
    0x08002458   0x08002458   0x00000008   Code   RO         2127    i.HAL_PCDEx_SetRxFiFo  stm32f4xx_hal_pcd_ex.o
    0x08002460   0x08002460   0x00000044   Code   RO         2128    i.HAL_PCDEx_SetTxFiFo  stm32f4xx_hal_pcd_ex.o
    0x080024a4   0x080024a4   0x00000008   Code   RO          980    i.HAL_PCD_ConnectCallback  usbd_conf.o
    0x080024ac   0x080024ac   0x00000012   Code   RO          981    i.HAL_PCD_DataInStageCallback  usbd_conf.o
    0x080024be   0x080024be   0x00000014   Code   RO          982    i.HAL_PCD_DataOutStageCallback  usbd_conf.o
    0x080024d2   0x080024d2   0x00000008   Code   RO          983    i.HAL_PCD_DisconnectCallback  usbd_conf.o
    0x080024da   0x080024da   0x00000044   Code   RO         2449    i.HAL_PCD_EP_Close  stm32f4xx_hal_pcd.o
    0x0800251e   0x0800251e   0x00000050   Code   RO         2450    i.HAL_PCD_EP_ClrStall  stm32f4xx_hal_pcd.o
    0x0800256e   0x0800256e   0x00000014   Code   RO         2452    i.HAL_PCD_EP_GetRxCount  stm32f4xx_hal_pcd.o
    0x08002582   0x08002582   0x00000054   Code   RO         2453    i.HAL_PCD_EP_Open   stm32f4xx_hal_pcd.o
    0x080025d6   0x080025d6   0x00000048   Code   RO         2454    i.HAL_PCD_EP_Receive  stm32f4xx_hal_pcd.o
    0x0800261e   0x0800261e   0x00000060   Code   RO         2455    i.HAL_PCD_EP_SetStall  stm32f4xx_hal_pcd.o
    0x0800267e   0x0800267e   0x00000040   Code   RO         2456    i.HAL_PCD_EP_Transmit  stm32f4xx_hal_pcd.o
    0x080026be   0x080026be   0x00000002   PAD
    0x080026c0   0x080026c0   0x000004f4   Code   RO         2458    i.HAL_PCD_IRQHandler  stm32f4xx_hal_pcd.o
    0x08002bb4   0x08002bb4   0x00000008   Code   RO          984    i.HAL_PCD_ISOINIncompleteCallback  usbd_conf.o
    0x08002bbc   0x08002bbc   0x00000008   Code   RO          985    i.HAL_PCD_ISOOUTIncompleteCallback  usbd_conf.o
    0x08002bc4   0x08002bc4   0x000000be   Code   RO         2461    i.HAL_PCD_Init      stm32f4xx_hal_pcd.o
    0x08002c82   0x08002c82   0x00000002   PAD
    0x08002c84   0x08002c84   0x00000078   Code   RO          987    i.HAL_PCD_MspInit   usbd_conf.o
    0x08002cfc   0x08002cfc   0x00000020   Code   RO          988    i.HAL_PCD_ResetCallback  usbd_conf.o
    0x08002d1c   0x08002d1c   0x00000008   Code   RO          989    i.HAL_PCD_ResumeCallback  usbd_conf.o
    0x08002d24   0x08002d24   0x00000008   Code   RO          990    i.HAL_PCD_SOFCallback  usbd_conf.o
    0x08002d2c   0x08002d2c   0x00000024   Code   RO         2467    i.HAL_PCD_SetAddress  stm32f4xx_hal_pcd.o
    0x08002d50   0x08002d50   0x0000000e   Code   RO          991    i.HAL_PCD_SetupStageCallback  usbd_conf.o
    0x08002d5e   0x08002d5e   0x0000002a   Code   RO         2469    i.HAL_PCD_Start     stm32f4xx_hal_pcd.o
    0x08002d88   0x08002d88   0x00000030   Code   RO          992    i.HAL_PCD_SuspendCallback  usbd_conf.o
    0x08002db8   0x08002db8   0x0000017c   Code   RO         1777    i.HAL_RCC_ClockConfig  stm32f4xx_hal_rcc.o
    0x08002f34   0x08002f34   0x0000000c   Code   RO         1782    i.HAL_RCC_GetHCLKFreq  stm32f4xx_hal_rcc.o
    0x08002f40   0x08002f40   0x00000030   Code   RO         1784    i.HAL_RCC_GetPCLK1Freq  stm32f4xx_hal_rcc.o
    0x08002f70   0x08002f70   0x00000030   Code   RO         1785    i.HAL_RCC_GetPCLK2Freq  stm32f4xx_hal_rcc.o
    0x08002fa0   0x08002fa0   0x00000074   Code   RO         1786    i.HAL_RCC_GetSysClockFreq  stm32f4xx_hal_rcc.o
    0x08003014   0x08003014   0x00000314   Code   RO         1789    i.HAL_RCC_OscConfig  stm32f4xx_hal_rcc.o
    0x08003328   0x08003328   0x00000080   Code   RO         3401    i.HAL_SPI_Init      stm32f4xx_hal_spi.o
    0x080033a8   0x080033a8   0x0000004c   Code   RO          790    i.HAL_SPI_MspInit   spi.o
    0x080033f4   0x080033f4   0x00000018   Code   RO         3826    i.HAL_SYSTICK_CLKSourceConfig  stm32f4xx_hal_cortex.o
    0x0800340c   0x0800340c   0x00000002   Code   RO         3827    i.HAL_SYSTICK_Callback  stm32f4xx_hal_cortex.o
    0x0800340e   0x0800340e   0x00000028   Code   RO         3828    i.HAL_SYSTICK_Config  stm32f4xx_hal_cortex.o
    0x08003436   0x08003436   0x00000008   Code   RO         3829    i.HAL_SYSTICK_IRQHandler  stm32f4xx_hal_cortex.o
    0x0800343e   0x0800343e   0x00000002   Code   RO         2655    i.HAL_TIMEx_BreakCallback  stm32f4xx_hal_tim_ex.o
    0x08003440   0x08003440   0x00000002   Code   RO         2656    i.HAL_TIMEx_CommutationCallback  stm32f4xx_hal_tim_ex.o
    0x08003442   0x08003442   0x00000050   Code   RO         2672    i.HAL_TIMEx_MasterConfigSynchronization  stm32f4xx_hal_tim_ex.o
    0x08003492   0x08003492   0x00000036   Code   RO         3949    i.HAL_TIM_Base_Init  stm32f4xx_hal_tim.o
    0x080034c8   0x080034c8   0x00000054   Code   RO          832    i.HAL_TIM_Base_MspInit  tim.o
    0x0800351c   0x0800351c   0x000000f2   Code   RO         3958    i.HAL_TIM_ConfigClockSource  stm32f4xx_hal_tim.o
    0x0800360e   0x0800360e   0x00000002   Code   RO         3978    i.HAL_TIM_IC_CaptureCallback  stm32f4xx_hal_tim.o
    0x08003610   0x08003610   0x00000166   Code   RO         3991    i.HAL_TIM_IRQHandler  stm32f4xx_hal_tim.o
    0x08003776   0x08003776   0x00000002   Code   RO         3994    i.HAL_TIM_OC_DelayElapsedCallback  stm32f4xx_hal_tim.o
    0x08003778   0x08003778   0x00000002   Code   RO         4021    i.HAL_TIM_PWM_PulseFinishedCallback  stm32f4xx_hal_tim.o
    0x0800377a   0x0800377a   0x00000002   Code   RO         4028    i.HAL_TIM_PeriodElapsedCallback  stm32f4xx_hal_tim.o
    0x0800377c   0x0800377c   0x00000002   Code   RO         4032    i.HAL_TIM_TriggerCallback  stm32f4xx_hal_tim.o
    0x0800377e   0x0800377e   0x00000002   Code   RO         2915    i.HAL_UART_ErrorCallback  stm32f4xx_hal_uart.o
    0x08003780   0x08003780   0x00000110   Code   RO         2918    i.HAL_UART_IRQHandler  stm32f4xx_hal_uart.o
    0x08003890   0x08003890   0x00000062   Code   RO         2919    i.HAL_UART_Init     stm32f4xx_hal_uart.o
    0x080038f2   0x080038f2   0x00000002   PAD
    0x080038f4   0x080038f4   0x0000009c   Code   RO          623    i.HAL_UART_MspInit  usart.o
    0x08003990   0x08003990   0x00000048   Code   RO         2924    i.HAL_UART_Receive_IT  stm32f4xx_hal_uart.o
    0x080039d8   0x080039d8   0x00000010   Code   RO         1415    i.HAL_UART_RxCpltCallback  transceiver.o
    0x080039e8   0x080039e8   0x000000ba   Code   RO         2927    i.HAL_UART_Transmit  stm32f4xx_hal_uart.o
    0x08003aa2   0x08003aa2   0x00000002   Code   RO         2930    i.HAL_UART_TxCpltCallback  stm32f4xx_hal_uart.o
    0x08003aa4   0x08003aa4   0x00000002   Code   RO          673    i.HardFault_Handler  stm32f4xx_it.o
    0x08003aa6   0x08003aa6   0x00000002   PAD
    0x08003aa8   0x08003aa8   0x00000070   Code   RO         1171    i.MX_ADC3_Init      adc.o
    0x08003b18   0x08003b18   0x0000002c   Code   RO         1391    i.MX_DMA_Init       dma.o
    0x08003b44   0x08003b44   0x000000ec   Code   RO          557    i.MX_GPIO_Init      gpio.o
    0x08003c30   0x08003c30   0x00000058   Code   RO          791    i.MX_SPI1_Init      spi.o
    0x08003c88   0x08003c88   0x00000078   Code   RO          833    i.MX_TIM3_Init      tim.o
    0x08003d00   0x08003d00   0x00000070   Code   RO          834    i.MX_TIM5_Init      tim.o
    0x08003d70   0x08003d70   0x0000004c   Code   RO          624    i.MX_UART4_Init     usart.o
    0x08003dbc   0x08003dbc   0x0000004c   Code   RO          625    i.MX_UART5_Init     usart.o
    0x08003e08   0x08003e08   0x00000038   Code   RO          584    i.MX_USB_DEVICE_Init  usb_device.o
    0x08003e40   0x08003e40   0x00000002   Code   RO          674    i.MemManage_Handler  stm32f4xx_it.o
    0x08003e42   0x08003e42   0x00000002   Code   RO          675    i.NMI_Handler       stm32f4xx_it.o
    0x08003e44   0x08003e44   0x00000020   Code   RO         3830    i.NVIC_SetPriority  stm32f4xx_hal_cortex.o
    0x08003e64   0x08003e64   0x0000000c   Code   RO          676    i.OTG_FS_IRQHandler  stm32f4xx_it.o
    0x08003e70   0x08003e70   0x00000088   Code   RO         2472    i.PCD_WriteEmptyTxFifo  stm32f4xx_hal_pcd.o
    0x08003ef8   0x08003ef8   0x00000002   Code   RO          677    i.PendSV_Handler    stm32f4xx_it.o
    0x08003efa   0x08003efa   0x00000002   Code   RO          678    i.SVC_Handler       stm32f4xx_it.o
    0x08003efc   0x08003efc   0x0000000e   Code   RO          679    i.SysTick_Handler   stm32f4xx_it.o
    0x08003f0a   0x08003f0a   0x00000002   PAD
    0x08003f0c   0x08003f0c   0x0000009c   Code   RO          879    i.SystemClock_Config  main.o
    0x08003fa8   0x08003fa8   0x00000054   Code   RO            5    i.SystemInit        system_stm32f4xx.o
    0x08003ffc   0x08003ffc   0x00000030   Code   RO          680    i.TIM3_IRQHandler   stm32f4xx_it.o
    0x0800402c   0x0800402c   0x000000c0   Code   RO         4033    i.TIM_Base_SetConfig  stm32f4xx_hal_tim.o
    0x080040ec   0x080040ec   0x00000014   Code   RO         4040    i.TIM_ETR_SetConfig  stm32f4xx_hal_tim.o
    0x08004100   0x08004100   0x00000010   Code   RO         4041    i.TIM_ITRx_SetConfig  stm32f4xx_hal_tim.o
    0x08004110   0x08004110   0x00000022   Code   RO         4047    i.TIM_TI1_ConfigInputStage  stm32f4xx_hal_tim.o
    0x08004132   0x08004132   0x00000024   Code   RO         4049    i.TIM_TI2_ConfigInputStage  stm32f4xx_hal_tim.o
    0x08004156   0x08004156   0x00000002   PAD
    0x08004158   0x08004158   0x0000000c   Code   RO          681    i.UART4_IRQHandler  stm32f4xx_it.o
    0x08004164   0x08004164   0x0000000c   Code   RO          682    i.UART5_IRQHandler  stm32f4xx_it.o
    0x08004170   0x08004170   0x000000ec   Code   RO         1416    i.UART5_RxCpltCallback  transceiver.o
    0x0800425c   0x0800425c   0x00000010   Code   RO         2932    i.UART_DMAAbortOnError  stm32f4xx_hal_uart.o
    0x0800426c   0x0800426c   0x0000001c   Code   RO         2942    i.UART_EndRxTransfer  stm32f4xx_hal_uart.o
    0x08004288   0x08004288   0x0000008c   Code   RO         2944    i.UART_Receive_IT   stm32f4xx_hal_uart.o
    0x08004314   0x08004314   0x000002ac   Code   RO         2945    i.UART_SetConfig    stm32f4xx_hal_uart.o
    0x080045c0   0x080045c0   0x00000062   Code   RO         2946    i.UART_Transmit_IT  stm32f4xx_hal_uart.o
    0x08004622   0x08004622   0x00000064   Code   RO         2947    i.UART_WaitOnFlagUntilTimeout  stm32f4xx_hal_uart.o
    0x08004686   0x08004686   0x00000014   Code   RO          440    i.USBD_CDC_DataIn   usbd_cdc.o
    0x0800469a   0x0800469a   0x0000002e   Code   RO          441    i.USBD_CDC_DataOut  usbd_cdc.o
    0x080046c8   0x080046c8   0x0000003c   Code   RO          442    i.USBD_CDC_DeInit   usbd_cdc.o
    0x08004704   0x08004704   0x00000024   Code   RO          443    i.USBD_CDC_EP0_RxReady  usbd_cdc.o
    0x08004728   0x08004728   0x0000000c   Code   RO          444    i.USBD_CDC_GetDeviceQualifierDescriptor  usbd_cdc.o
    0x08004734   0x08004734   0x0000000c   Code   RO          445    i.USBD_CDC_GetFSCfgDesc  usbd_cdc.o
    0x08004740   0x08004740   0x0000000c   Code   RO          446    i.USBD_CDC_GetHSCfgDesc  usbd_cdc.o
    0x0800474c   0x0800474c   0x0000000c   Code   RO          447    i.USBD_CDC_GetOtherSpeedCfgDesc  usbd_cdc.o
    0x08004758   0x08004758   0x00000088   Code   RO          448    i.USBD_CDC_Init     usbd_cdc.o
    0x080047e0   0x080047e0   0x00000028   Code   RO          449    i.USBD_CDC_ReceivePacket  usbd_cdc.o
    0x08004808   0x08004808   0x00000010   Code   RO          450    i.USBD_CDC_RegisterInterface  usbd_cdc.o
    0x08004818   0x08004818   0x0000000c   Code   RO          451    i.USBD_CDC_SetRxBuffer  usbd_cdc.o
    0x08004824   0x08004824   0x00000010   Code   RO          452    i.USBD_CDC_SetTxBuffer  usbd_cdc.o
    0x08004834   0x08004834   0x00000070   Code   RO          453    i.USBD_CDC_Setup    usbd_cdc.o
    0x080048a4   0x080048a4   0x0000000e   Code   RO          152    i.USBD_ClrClassConfig  usbd_core.o
    0x080048b2   0x080048b2   0x00000010   Code   RO          315    i.USBD_CtlContinueRx  usbd_ioreq.o
    0x080048c2   0x080048c2   0x00000010   Code   RO          316    i.USBD_CtlContinueSendData  usbd_ioreq.o
    0x080048d2   0x080048d2   0x00000016   Code   RO          375    i.USBD_CtlError     usbd_ctlreq.o
    0x080048e8   0x080048e8   0x0000001e   Code   RO          317    i.USBD_CtlPrepareRx  usbd_ioreq.o
    0x08004906   0x08004906   0x00000016   Code   RO          318    i.USBD_CtlReceiveStatus  usbd_ioreq.o
    0x0800491c   0x0800491c   0x0000001a   Code   RO          319    i.USBD_CtlSendData  usbd_ioreq.o
    0x08004936   0x08004936   0x00000016   Code   RO          320    i.USBD_CtlSendStatus  usbd_ioreq.o
    0x0800494c   0x0800494c   0x00000020   Code   RO         1211    i.USBD_FS_ConfigStrDescriptor  usbd_desc.o
    0x0800496c   0x0800496c   0x0000000c   Code   RO         1212    i.USBD_FS_DeviceDescriptor  usbd_desc.o
    0x08004978   0x08004978   0x00000024   Code   RO         1213    i.USBD_FS_InterfaceStrDescriptor  usbd_desc.o
    0x0800499c   0x0800499c   0x0000000c   Code   RO         1214    i.USBD_FS_LangIDStrDescriptor  usbd_desc.o
    0x080049a8   0x080049a8   0x00000028   Code   RO         1215    i.USBD_FS_ManufacturerStrDescriptor  usbd_desc.o
    0x080049d0   0x080049d0   0x0000002c   Code   RO         1216    i.USBD_FS_ProductStrDescriptor  usbd_desc.o
    0x080049fc   0x080049fc   0x00000024   Code   RO         1217    i.USBD_FS_SerialStrDescriptor  usbd_desc.o
    0x08004a20   0x08004a20   0x000000e0   Code   RO          376    i.USBD_GetDescriptor  usbd_ctlreq.o
    0x08004b00   0x08004b00   0x00000046   Code   RO          377    i.USBD_GetString    usbd_ctlreq.o
    0x08004b46   0x08004b46   0x0000002a   Code   RO          154    i.USBD_Init         usbd_core.o
    0x08004b70   0x08004b70   0x00000020   Code   RO          993    i.USBD_LL_ClearStallEP  usbd_conf.o
    0x08004b90   0x08004b90   0x00000020   Code   RO          994    i.USBD_LL_CloseEP   usbd_conf.o
    0x08004bb0   0x08004bb0   0x000000aa   Code   RO          155    i.USBD_LL_DataInStage  usbd_core.o
    0x08004c5a   0x08004c5a   0x0000006a   Code   RO          156    i.USBD_LL_DataOutStage  usbd_core.o
    0x08004cc4   0x08004cc4   0x00000004   Code   RO          157    i.USBD_LL_DevConnected  usbd_core.o
    0x08004cc8   0x08004cc8   0x00000016   Code   RO          158    i.USBD_LL_DevDisconnected  usbd_core.o
    0x08004cde   0x08004cde   0x00000008   Code   RO          998    i.USBD_LL_GetRxDataSize  usbd_conf.o
    0x08004ce6   0x08004ce6   0x00000002   PAD
    0x08004ce8   0x08004ce8   0x0000007c   Code   RO          999    i.USBD_LL_Init      usbd_conf.o
    0x08004d64   0x08004d64   0x00000020   Code   RO         1000    i.USBD_LL_IsStallEP  usbd_conf.o
    0x08004d84   0x08004d84   0x00000004   Code   RO          159    i.USBD_LL_IsoINIncomplete  usbd_core.o
    0x08004d88   0x08004d88   0x00000004   Code   RO          160    i.USBD_LL_IsoOUTIncomplete  usbd_core.o
    0x08004d8c   0x08004d8c   0x00000026   Code   RO         1001    i.USBD_LL_OpenEP    usbd_conf.o
    0x08004db2   0x08004db2   0x00000020   Code   RO         1002    i.USBD_LL_PrepareReceive  usbd_conf.o
    0x08004dd2   0x08004dd2   0x0000003e   Code   RO          161    i.USBD_LL_Reset     usbd_core.o
    0x08004e10   0x08004e10   0x0000000c   Code   RO          162    i.USBD_LL_Resume    usbd_core.o
    0x08004e1c   0x08004e1c   0x00000018   Code   RO          163    i.USBD_LL_SOF       usbd_core.o
    0x08004e34   0x08004e34   0x00000006   Code   RO          164    i.USBD_LL_SetSpeed  usbd_core.o
    0x08004e3a   0x08004e3a   0x00000020   Code   RO         1003    i.USBD_LL_SetUSBAddress  usbd_conf.o
    0x08004e5a   0x08004e5a   0x0000005a   Code   RO          165    i.USBD_LL_SetupStage  usbd_core.o
    0x08004eb4   0x08004eb4   0x00000020   Code   RO         1004    i.USBD_LL_StallEP   usbd_conf.o
    0x08004ed4   0x08004ed4   0x00000020   Code   RO         1005    i.USBD_LL_Start     usbd_conf.o
    0x08004ef4   0x08004ef4   0x00000012   Code   RO          166    i.USBD_LL_Suspend   usbd_core.o
    0x08004f06   0x08004f06   0x00000020   Code   RO         1007    i.USBD_LL_Transmit  usbd_conf.o
    0x08004f26   0x08004f26   0x00000028   Code   RO          378    i.USBD_ParseSetupRequest  usbd_ctlreq.o
    0x08004f4e   0x08004f4e   0x00000010   Code   RO          167    i.USBD_RegisterClass  usbd_core.o
    0x08004f5e   0x08004f5e   0x00000016   Code   RO          169    i.USBD_SetClassConfig  usbd_core.o
    0x08004f74   0x08004f74   0x00000074   Code   RO          379    i.USBD_SetConfig    usbd_ctlreq.o
    0x08004fe8   0x08004fe8   0x0000000a   Code   RO          170    i.USBD_Start        usbd_core.o
    0x08004ff2   0x08004ff2   0x000000f2   Code   RO          380    i.USBD_StdDevReq    usbd_ctlreq.o
    0x080050e4   0x080050e4   0x000000dc   Code   RO          381    i.USBD_StdEPReq     usbd_ctlreq.o
    0x080051c0   0x080051c0   0x00000034   Code   RO          382    i.USBD_StdItfReq    usbd_ctlreq.o
    0x080051f4   0x080051f4   0x00000080   Code   RO         2158    i.USB_ActivateEndpoint  stm32f4xx_ll_usb.o
    0x08005274   0x08005274   0x00000034   Code   RO         2159    i.USB_ActivateSetup  stm32f4xx_ll_usb.o
    0x080052a8   0x080052a8   0x0000006c   Code   RO         2161    i.USB_CoreInit      stm32f4xx_ll_usb.o
    0x08005314   0x08005314   0x00000038   Code   RO         2162    i.USB_CoreReset     stm32f4xx_ll_usb.o
    0x0800534c   0x0800534c   0x000000c8   Code   RO         2164    i.USB_DeactivateEndpoint  stm32f4xx_ll_usb.o
    0x08005414   0x08005414   0x00000018   Code   RO         2165    i.USB_DevConnect    stm32f4xx_ll_usb.o
    0x0800542c   0x0800542c   0x00000018   Code   RO         2166    i.USB_DevDisconnect  stm32f4xx_ll_usb.o
    0x08005444   0x08005444   0x00000140   Code   RO         2167    i.USB_DevInit       stm32f4xx_ll_usb.o
    0x08005584   0x08005584   0x0000000c   Code   RO         2168    i.USB_DisableGlobalInt  stm32f4xx_ll_usb.o
    0x08005590   0x08005590   0x00000140   Code   RO         2171    i.USB_EP0StartXfer  stm32f4xx_ll_usb.o
    0x080056d0   0x080056d0   0x0000003e   Code   RO         2172    i.USB_EP0_OutStart  stm32f4xx_ll_usb.o
    0x0800570e   0x0800570e   0x00000064   Code   RO         2173    i.USB_EPClearStall  stm32f4xx_ll_usb.o
    0x08005772   0x08005772   0x0000005e   Code   RO         2174    i.USB_EPSetStall    stm32f4xx_ll_usb.o
    0x080057d0   0x080057d0   0x0000021c   Code   RO         2175    i.USB_EPStartXfer   stm32f4xx_ll_usb.o
    0x080059ec   0x080059ec   0x0000000c   Code   RO         2176    i.USB_EnableGlobalInt  stm32f4xx_ll_usb.o
    0x080059f8   0x080059f8   0x00000020   Code   RO         2177    i.USB_FlushRxFifo   stm32f4xx_ll_usb.o
    0x08005a18   0x08005a18   0x00000024   Code   RO         2178    i.USB_FlushTxFifo   stm32f4xx_ll_usb.o
    0x08005a3c   0x08005a3c   0x0000003c   Code   RO         2180    i.USB_GetDevSpeed   stm32f4xx_ll_usb.o
    0x08005a78   0x08005a78   0x00000008   Code   RO         2182    i.USB_GetMode       stm32f4xx_ll_usb.o
    0x08005a80   0x08005a80   0x0000000e   Code   RO         2189    i.USB_ReadDevAllInEpInterrupt  stm32f4xx_ll_usb.o
    0x08005a8e   0x08005a8e   0x0000000e   Code   RO         2190    i.USB_ReadDevAllOutEpInterrupt  stm32f4xx_ll_usb.o
    0x08005a9c   0x08005a9c   0x0000001e   Code   RO         2191    i.USB_ReadDevInEPInterrupt  stm32f4xx_ll_usb.o
    0x08005aba   0x08005aba   0x00000010   Code   RO         2192    i.USB_ReadDevOutEPInterrupt  stm32f4xx_ll_usb.o
    0x08005aca   0x08005aca   0x00000008   Code   RO         2193    i.USB_ReadInterrupts  stm32f4xx_ll_usb.o
    0x08005ad2   0x08005ad2   0x00000020   Code   RO         2194    i.USB_ReadPacket    stm32f4xx_ll_usb.o
    0x08005af2   0x08005af2   0x0000002c   Code   RO         2196    i.USB_SetCurrentMode  stm32f4xx_ll_usb.o
    0x08005b1e   0x08005b1e   0x00000022   Code   RO         2197    i.USB_SetDevAddress  stm32f4xx_ll_usb.o
    0x08005b40   0x08005b40   0x00000028   Code   RO         2201    i.USB_WritePacket   stm32f4xx_ll_usb.o
    0x08005b68   0x08005b68   0x00000002   Code   RO          683    i.UsageFault_Handler  stm32f4xx_it.o
    0x08005b6a   0x08005b6a   0x00000002   Code   RO          880    i._Error_Handler    main.o
    0x08005b6c   0x08005b6c   0x00000030   Code   RO         5092    i.__ARM_fpclassify  m_wm.l(fpclassify.o)
    0x08005b9c   0x08005b9c   0x000000c8   Code   RO          881    i.main              main.o
    0x08005c64   0x08005c64   0x00000018   Code   RO         1335    i.meter_setup       meter.o
    0x08005c7c   0x08005c7c   0x00000058   Code   RO         1418    i.sendcharUART      transceiver.o
    0x08005cd4   0x08005cd4   0x00000020   Code   RO         1419    i.transceiver_setup  transceiver.o
    0x08005cf4   0x08005cf4   0x0000002c   Code   RO         5077    locale$$code        c_w.l(lc_numeric_c.o)
    0x08005d20   0x08005d20   0x00000062   Code   RO         4899    x$fpl$d2f           fz_wm.l(d2f.o)
    0x08005d82   0x08005d82   0x00000002   PAD
    0x08005d84   0x08005d84   0x000002b0   Code   RO         4902    x$fpl$ddiv          fz_wm.l(ddiv.o)
    0x08006034   0x08006034   0x00000026   Code   RO         4905    x$fpl$dfltu         fz_wm.l(dflt_clz.o)
    0x0800605a   0x0800605a   0x00000002   PAD
    0x0800605c   0x0800605c   0x00000154   Code   RO         4911    x$fpl$dmul          fz_wm.l(dmul.o)
    0x080061b0   0x080061b0   0x0000009c   Code   RO         5003    x$fpl$dnaninf       fz_wm.l(dnaninf.o)
    0x0800624c   0x0800624c   0x0000000c   Code   RO         5005    x$fpl$dretinf       fz_wm.l(dretinf.o)
    0x08006258   0x08006258   0x00000056   Code   RO         4913    x$fpl$f2d           fz_wm.l(f2d.o)
    0x080062ae   0x080062ae   0x0000008c   Code   RO         5007    x$fpl$fnaninf       fz_wm.l(fnaninf.o)
    0x0800633a   0x0800633a   0x0000000a   Code   RO         5088    x$fpl$fpinit        fz_wm.l(fpinit.o)
    0x08006344   0x08006344   0x0000000a   Code   RO         5009    x$fpl$fretinf       fz_wm.l(fretinf.o)
    0x0800634e   0x0800634e   0x00000004   Code   RO         4915    x$fpl$printf1       fz_wm.l(printf1.o)
    0x08006352   0x08006352   0x00000000   Code   RO         5011    x$fpl$usenofp       fz_wm.l(usenofp.o)
    0x08006352   0x08006352   0x00000010   Data   RO            6    .constdata          system_stm32f4xx.o
    0x08006362   0x08006362   0x00000008   Data   RO            7    .constdata          system_stm32f4xx.o
    0x0800636a   0x0800636a   0x00000008   Data   RO         4711    .constdata          stm32f4xx_hal_dma.o
    0x08006372   0x08006372   0x00000002   PAD
    0x08006374   0x08006374   0x00000094   Data   RO         5052    .constdata          c_w.l(bigflt0.o)
    0x08006408   0x08006408   0x00000020   Data   RO         5179    Region$$Table       anon$$obj.o
    0x08006428   0x08006428   0x0000001c   Data   RO         5076    locale$$data        c_w.l(lc_numeric_c.o)


    Execution Region RW_IRAM1 (Exec base: 0x20000000, Load base: 0x08006444, Size: 0x00006d28, Max: 0x00020000, ABSOLUTE, COMPRESSED[0x000000d0])

    Exec Addr    Load Addr    Size         Type   Attr      Idx    E Section Name        Object

    0x20000000   COMPRESSED   0x00000004   Data   RW            8    .data               system_stm32f4xx.o
    0x20000004   COMPRESSED   0x00000001   Data   RW          383    .data               usbd_ctlreq.o
    0x20000005   COMPRESSED   0x00000003   PAD
    0x20000008   COMPRESSED   0x000000db   Data   RW          455    .data               usbd_cdc.o
    0x200000e3   COMPRESSED   0x00000001   PAD
    0x200000e4   COMPRESSED   0x00000038   Data   RW          456    .data               usbd_cdc.o
    0x2000011c   COMPRESSED   0x00000002   Data   RW          684    .data               stm32f4xx_it.o
    0x2000011e   COMPRESSED   0x00000002   PAD
    0x20000120   COMPRESSED   0x00000010   Data   RW          886    .data               main.o
    0x20000130   COMPRESSED   0x0000001c   Data   RW         1219    .data               usbd_desc.o
    0x2000014c   COMPRESSED   0x00000016   Data   RW         1220    .data               usbd_desc.o
    0x20000162   COMPRESSED   0x00000002   PAD
    0x20000164   COMPRESSED   0x00000010   Data   RW         1284    .data               usbd_cdc_if.o
    0x20000174   COMPRESSED   0x00000008   Data   RW         1285    .data               usbd_cdc_if.o
    0x2000017c   COMPRESSED   0x00000020   Data   RW         1337    .data               meter.o
    0x2000019c   COMPRESSED   0x00000004   Data   RW         1942    .data               stm32f4xx_hal.o
    0x200001a0        -       0x00000224   Zero   RW          585    .bss                usb_device.o
    0x200003c4        -       0x00000080   Zero   RW          626    .bss                usart.o
    0x20000444        -       0x00000058   Zero   RW          792    .bss                spi.o
    0x2000049c        -       0x00000078   Zero   RW          835    .bss                tim.o
    0x20000514        -       0x0000000d   Zero   RW          883    .bss                main.o
    0x20000521   COMPRESSED   0x00000003   PAD
    0x20000524        -       0x000003f0   Zero   RW         1008    .bss                usbd_conf.o
    0x20000914        -       0x000000a8   Zero   RW         1172    .bss                adc.o
    0x200009bc        -       0x00000200   Zero   RW         1218    .bss                usbd_desc.o
    0x20000bbc        -       0x00000080   Zero   RW         1336    .bss                meter.o
    0x20000c3c        -       0x00000088   Zero   RW         1420    .bss                transceiver.o
    0x20000cc4        -       0x00000060   Zero   RW         5015    .bss                c_w.l(libspace.o)
    0x20000d24   COMPRESSED   0x00000004   PAD
    0x20000d28        -       0x00002000   Zero   RW          548    HEAP                startup_stm32f405xx.o
    0x20002d28        -       0x00004000   Zero   RW          547    STACK               startup_stm32f405xx.o


==============================================================================

Image component sizes


      Code (inc. data)   RO Data    RW Data    ZI Data      Debug   Object Name

       272         68          0          0        168       1723   adc.o
        44          4          0          0          0        750   dma.o
       236         16          0          0          0       1019   gpio.o
       358         36          0         16         13       2948   main.o
       476         60          0         32        128       3499   meter.o
       164         38          0          0         88       1605   spi.o
        64         26        392          0      24576        812   startup_stm32f405xx.o
       148         22          0          4          0       4411   stm32f4xx_hal.o
      1196         52          0          0          0       8120   stm32f4xx_hal_adc.o
       228         14          0          0          0      32133   stm32f4xx_hal_cortex.o
      1098         22          8          0          0       7358   stm32f4xx_hal_dma.o
       450         44          0          0          0       3033   stm32f4xx_hal_gpio.o
        88          0          0          0          0        522   stm32f4xx_hal_msp.o
      2156         72          0          0          0      11325   stm32f4xx_hal_pcd.o
        76          0          0          0          0       1844   stm32f4xx_hal_pcd_ex.o
      1392         80          0          0          0       5652   stm32f4xx_hal_rcc.o
       128          0          0          0          0       1211   stm32f4xx_hal_spi.o
       962         44          0          0          0       9827   stm32f4xx_hal_tim.o
        84          0          0          0          0       2410   stm32f4xx_hal_tim_ex.o
      1698         14          0          0          0       9759   stm32f4xx_hal_uart.o
       126         40          0          2          0       6722   stm32f4xx_it.o
      2420         56          0          0          0      20360   stm32f4xx_ll_usb.o
        84         18         24          4          0     656327   system_stm32f4xx.o
       316         62          0          0        120       2315   tim.o
       372         32          0          0        136       3673   transceiver.o
       308         70          0          0        128       2267   usart.o
        56         18          0          0        548       2391   usb_device.o
       542         22          0        275          0      12316   usbd_cdc.o
        68         14          0         24          0       2610   usbd_cdc_if.o
       726         36          0          0       1008      14462   usbd_conf.o
       626          0          0          0          0      16354   usbd_core.o
       986         30          0          1          0       7980   usbd_ctlreq.o
       212        116          0         50        512       5131   usbd_desc.o
       132          0          0          0          0       4500   usbd_ioreq.o

    ----------------------------------------------------------------------
     18320       1126        458        416      27428     867369   Object Totals
         0          0         32          0          0          0   (incl. Generated)
        28          0          2          8          3          0   (incl. Padding)

    ----------------------------------------------------------------------

      Code (inc. data)   RO Data    RW Data    ZI Data      Debug   Library Member Name

        90          0          0          0          0          0   __dczerorl2.o
         8          0          0          0          0         68   __main.o
       104          0          0          0          0         84   __printf.o
         0          0          0          0          0          0   __rtentry.o
        12          0          0          0          0          0   __rtentry2.o
         6          0          0          0          0          0   __rtentry4.o
        52          8          0          0          0          0   __scatter.o
        28          0          0          0          0          0   __scatter_zi.o
        48          6          0          0          0         96   _printf_char_common.o
         6          0          0          0          0          0   _printf_f.o
      1054          0          0          0          0        216   _printf_fp_dec.o
       128         16          0          0          0         84   _printf_fp_infnan.o
         0          0          0          0          0          0   _printf_percent.o
         4          0          0          0          0          0   _printf_percent_end.o
        16          0          0          0          0         68   _snputc.o
        10          0          0          0          0         68   _sputc.o
       228          4        148          0          0         96   bigflt0.o
      1936        128          0          0          0        672   btod.o
        10          0          0          0          0         68   defsig_exit.o
        50          0          0          0          0         88   defsig_general.o
        80         58          0          0          0         76   defsig_rtmem_inner.o
        14          0          0          0          0         80   defsig_rtmem_outer.o
        18          0          0          0          0         80   exit.o
        94          0          0          0          0         80   h1_alloc.o
        52          0          0          0          0         68   h1_extend.o
        78          0          0          0          0         80   h1_free.o
        14          0          0          0          0         84   h1_init.o
         6          0          0          0          0        152   heapauxi.o
         4          0          0          0          0        136   hguard.o
         0          0          0          0          0          0   indicate_semi.o
       138          0          0          0          0        168   init_alloc.o
        44         10         28          0          0         76   lc_numeric_c.o
         2          0          0          0          0          0   libinit.o
        30          0          0          0          0          0   libinit2.o
         2          0          0          0          0          0   libshutdown.o
         2          0          0          0          0          0   libshutdown2.o
         8          4          0          0         96         68   libspace.o
       138          0          0          0          0         80   lludiv10.o
         0          0          0          0          0          0   maybetermalloc1.o
        52          4          0          0          0         84   noretval__2snprintf.o
         8          4          0          0          0         68   rt_heap_descriptor_intlibspace.o
         8          4          0          0          0         68   rt_locale_intlibspace.o
        68          0          0          0          0         68   rt_memclr.o
        78          0          0          0          0         80   rt_memclr_w.o
       100          0          0          0          0         80   rt_memcpy_w.o
         2          0          0          0          0          0   rtexit.o
        10          0          0          0          0          0   rtexit2.o
       128          0          0          0          0         68   strcmpv7m.o
        12          4          0          0          0         68   sys_exit.o
        74          0          0          0          0         80   sys_stackheap_outer.o
        14          0          0          0          0         76   sys_wrch.o
         2          0          0          0          0         68   use_no_semi.o
        98          4          0          0          0        140   d2f.o
       688        140          0          0          0        256   ddiv.o
        38          0          0          0          0        116   dflt_clz.o
       340         12          0          0          0        152   dmul.o
       156          4          0          0          0        140   dnaninf.o
        12          0          0          0          0        116   dretinf.o
        86          4          0          0          0        132   f2d.o
       140          4          0          0          0        132   fnaninf.o
        10          0          0          0          0        116   fpinit.o
        10          0          0          0          0        116   fretinf.o
         4          0          0          0          0        116   printf1.o
         0          0          0          0          0          0   usenofp.o
        48          0          0          0          0        124   fpclassify.o

    ----------------------------------------------------------------------
      6714        418        176          0        100       5300   Library Totals
        14          0          0          0          4          0   (incl. Padding)

    ----------------------------------------------------------------------

      Code (inc. data)   RO Data    RW Data    ZI Data      Debug   Library Name

      5070        250        176          0         96       3644   c_w.l
      1582        168          0          0          0       1532   fz_wm.l
        48          0          0          0          0        124   m_wm.l

    ----------------------------------------------------------------------
      6714        418        176          0        100       5300   Library Totals

    ----------------------------------------------------------------------

==============================================================================


      Code (inc. data)   RO Data    RW Data    ZI Data      Debug   

     25034       1544        634        416      27528     847289   Grand Totals
     25034       1544        634        208      27528     847289   ELF Image Totals (compressed)
     25034       1544        634        208          0          0   ROM Totals

==============================================================================

    Total RO  Size (Code + RO Data)                25668 (  25.07kB)
    Total RW  Size (RW Data + ZI Data)             27944 (  27.29kB)
    Total ROM Size (Code + RO Data + RW Data)      25876 (  25.27kB)

==============================================================================

