Component: ARM Compiler 5.06 update 5 (build 528) Tool: armlink [4d35e2]

==============================================================================

Section Cross References

    system_stm32f4xx.o(i.SystemCoreClockUpdate) refers to system_stm32f4xx.o(.data) for .data
    system_stm32f4xx.o(i.SystemCoreClockUpdate) refers to system_stm32f4xx.o(.constdata) for .constdata
    usbd_core.o(i.USBD_DeInit) refers to usbd_conf.o(i.USBD_LL_Stop) for USBD_LL_Stop
    usbd_core.o(i.USBD_DeInit) refers to usbd_conf.o(i.USBD_LL_DeInit) for USBD_LL_DeInit
    usbd_core.o(i.USBD_Init) refers to usbd_conf.o(i.USBD_LL_Init) for USBD_LL_Init
    usbd_core.o(i.USBD_LL_DataInStage) refers to usbd_ioreq.o(i.USBD_CtlContinueSendData) for USBD_CtlContinueSendData
    usbd_core.o(i.USBD_LL_DataInStage) refers to usbd_conf.o(i.USBD_LL_PrepareReceive) for USBD_LL_PrepareReceive
    usbd_core.o(i.USBD_LL_DataInStage) refers to usbd_ioreq.o(i.USBD_CtlReceiveStatus) for USBD_CtlReceiveStatus
    usbd_core.o(i.USBD_LL_DataOutStage) refers to usbd_ioreq.o(i.USBD_CtlContinueRx) for USBD_CtlContinueRx
    usbd_core.o(i.USBD_LL_DataOutStage) refers to usbd_ioreq.o(i.USBD_CtlSendStatus) for USBD_CtlSendStatus
    usbd_core.o(i.USBD_LL_Reset) refers to usbd_conf.o(i.USBD_LL_OpenEP) for USBD_LL_OpenEP
    usbd_core.o(i.USBD_LL_SetupStage) refers to usbd_ctlreq.o(i.USBD_ParseSetupRequest) for USBD_ParseSetupRequest
    usbd_core.o(i.USBD_LL_SetupStage) refers to usbd_conf.o(i.USBD_LL_StallEP) for USBD_LL_StallEP
    usbd_core.o(i.USBD_LL_SetupStage) refers to usbd_ctlreq.o(i.USBD_StdDevReq) for USBD_StdDevReq
    usbd_core.o(i.USBD_LL_SetupStage) refers to usbd_ctlreq.o(i.USBD_StdItfReq) for USBD_StdItfReq
    usbd_core.o(i.USBD_LL_SetupStage) refers to usbd_ctlreq.o(i.USBD_StdEPReq) for USBD_StdEPReq
    usbd_core.o(i.USBD_Start) refers to usbd_conf.o(i.USBD_LL_Start) for USBD_LL_Start
    usbd_core.o(i.USBD_Stop) refers to usbd_conf.o(i.USBD_LL_Stop) for USBD_LL_Stop
    usbd_ioreq.o(i.USBD_CtlContinueRx) refers to usbd_conf.o(i.USBD_LL_PrepareReceive) for USBD_LL_PrepareReceive
    usbd_ioreq.o(i.USBD_CtlContinueSendData) refers to usbd_conf.o(i.USBD_LL_Transmit) for USBD_LL_Transmit
    usbd_ioreq.o(i.USBD_CtlPrepareRx) refers to usbd_conf.o(i.USBD_LL_PrepareReceive) for USBD_LL_PrepareReceive
    usbd_ioreq.o(i.USBD_CtlReceiveStatus) refers to usbd_conf.o(i.USBD_LL_PrepareReceive) for USBD_LL_PrepareReceive
    usbd_ioreq.o(i.USBD_CtlSendData) refers to usbd_conf.o(i.USBD_LL_Transmit) for USBD_LL_Transmit
    usbd_ioreq.o(i.USBD_CtlSendStatus) refers to usbd_conf.o(i.USBD_LL_Transmit) for USBD_LL_Transmit
    usbd_ioreq.o(i.USBD_GetRxCount) refers to usbd_conf.o(i.USBD_LL_GetRxDataSize) for USBD_LL_GetRxDataSize
    usbd_ctlreq.o(i.USBD_CtlError) refers to usbd_conf.o(i.USBD_LL_StallEP) for USBD_LL_StallEP
    usbd_ctlreq.o(i.USBD_GetDescriptor) refers to usbd_ctlreq.o(i.USBD_CtlError) for USBD_CtlError
    usbd_ctlreq.o(i.USBD_GetDescriptor) refers to usbd_ioreq.o(i.USBD_CtlSendData) for USBD_CtlSendData
    usbd_ctlreq.o(i.USBD_SetConfig) refers to usbd_core.o(i.USBD_ClrClassConfig) for USBD_ClrClassConfig
    usbd_ctlreq.o(i.USBD_SetConfig) refers to usbd_core.o(i.USBD_SetClassConfig) for USBD_SetClassConfig
    usbd_ctlreq.o(i.USBD_SetConfig) refers to usbd_ioreq.o(i.USBD_CtlSendStatus) for USBD_CtlSendStatus
    usbd_ctlreq.o(i.USBD_SetConfig) refers to usbd_ctlreq.o(i.USBD_CtlError) for USBD_CtlError
    usbd_ctlreq.o(i.USBD_SetConfig) refers to usbd_ctlreq.o(.data) for .data
    usbd_ctlreq.o(i.USBD_StdDevReq) refers to usbd_ctlreq.o(i.USBD_GetDescriptor) for USBD_GetDescriptor
    usbd_ctlreq.o(i.USBD_StdDevReq) refers to usbd_conf.o(i.USBD_LL_SetUSBAddress) for USBD_LL_SetUSBAddress
    usbd_ctlreq.o(i.USBD_StdDevReq) refers to usbd_ioreq.o(i.USBD_CtlSendStatus) for USBD_CtlSendStatus
    usbd_ctlreq.o(i.USBD_StdDevReq) refers to usbd_ctlreq.o(i.USBD_SetConfig) for USBD_SetConfig
    usbd_ctlreq.o(i.USBD_StdDevReq) refers to usbd_ctlreq.o(i.USBD_CtlError) for USBD_CtlError
    usbd_ctlreq.o(i.USBD_StdDevReq) refers to usbd_ioreq.o(i.USBD_CtlSendData) for USBD_CtlSendData
    usbd_ctlreq.o(i.USBD_StdEPReq) refers to usbd_conf.o(i.USBD_LL_StallEP) for USBD_LL_StallEP
    usbd_ctlreq.o(i.USBD_StdEPReq) refers to usbd_conf.o(i.USBD_LL_ClearStallEP) for USBD_LL_ClearStallEP
    usbd_ctlreq.o(i.USBD_StdEPReq) refers to usbd_ioreq.o(i.USBD_CtlSendStatus) for USBD_CtlSendStatus
    usbd_ctlreq.o(i.USBD_StdEPReq) refers to usbd_ctlreq.o(i.USBD_CtlError) for USBD_CtlError
    usbd_ctlreq.o(i.USBD_StdEPReq) refers to usbd_conf.o(i.USBD_LL_IsStallEP) for USBD_LL_IsStallEP
    usbd_ctlreq.o(i.USBD_StdEPReq) refers to usbd_ioreq.o(i.USBD_CtlSendData) for USBD_CtlSendData
    usbd_ctlreq.o(i.USBD_StdItfReq) refers to usbd_ioreq.o(i.USBD_CtlSendStatus) for USBD_CtlSendStatus
    usbd_ctlreq.o(i.USBD_StdItfReq) refers to usbd_ctlreq.o(i.USBD_CtlError) for USBD_CtlError
[...]
    __rt_entry                               0x0800026b   Thumb Code     0  __rtentry.o(.ARM.Collect$$rtentry$$00000000)
    __rt_entry_presh_1                       0x0800026b   Thumb Code     0  __rtentry2.o(.ARM.Collect$$rtentry$$00000002)
    __rt_entry_sh                            0x0800026b   Thumb Code     0  __rtentry4.o(.ARM.Collect$$rtentry$$00000004)
    __rt_entry_li                            0x08000271   Thumb Code     0  __rtentry2.o(.ARM.Collect$$rtentry$$0000000A)
    __rt_entry_postsh_1                      0x08000271   Thumb Code     0  __rtentry2.o(.ARM.Collect$$rtentry$$00000009)
    __rt_entry_main                          0x08000275   Thumb Code     0  __rtentry2.o(.ARM.Collect$$rtentry$$0000000D)
    __rt_entry_postli_1                      0x08000275   Thumb Code     0  __rtentry2.o(.ARM.Collect$$rtentry$$0000000C)
    __rt_exit                                0x0800027d   Thumb Code     0  rtexit.o(.ARM.Collect$$rtexit$$00000000)
    __rt_exit_ls                             0x0800027f   Thumb Code     0  rtexit2.o(.ARM.Collect$$rtexit$$00000003)
    __rt_exit_prels_1                        0x0800027f   Thumb Code     0  rtexit2.o(.ARM.Collect$$rtexit$$00000002)
    __rt_exit_exit                           0x08000283   Thumb Code     0  rtexit2.o(.ARM.Collect$$rtexit$$00000004)
    Reset_Handler                            0x08000289   Thumb Code     8  startup_stm32f405xx.o(.text)
    _maybe_terminate_alloc                   0x08000289   Thumb Code     0  maybetermalloc1.o(.emb_text)
    ADC_IRQHandler                           0x080002a3   Thumb Code     0  startup_stm32f405xx.o(.text)
    CAN1_RX0_IRQHandler                      0x080002a3   Thumb Code     0  startup_stm32f405xx.o(.text)
    CAN1_RX1_IRQHandler                      0x080002a3   Thumb Code     0  startup_stm32f405xx.o(.text)
    CAN1_SCE_IRQHandler                      0x080002a3   Thumb Code     0  startup_stm32f405xx.o(.text)
    CAN1_TX_IRQHandler                       0x080002a3   Thumb Code     0  startup_stm32f405xx.o(.text)
    CAN2_RX0_IRQHandler                      0x080002a3   Thumb Code     0  startup_stm32f405xx.o(.text)
    CAN2_RX1_IRQHandler                      0x080002a3   Thumb Code     0  startup_stm32f405xx.o(.text)
    CAN2_SCE_IRQHandler                      0x080002a3   Thumb Code     0  startup_stm32f405xx.o(.text)
    CAN2_TX_IRQHandler                       0x080002a3   Thumb Code     0  startup_stm32f405xx.o(.text)
    DMA1_Stream0_IRQHandler                  0x080002a3   Thumb Code     0  startup_stm32f405xx.o(.text)
    DMA1_Stream1_IRQHandler                  0x080002a3   Thumb Code     0  startup_stm32f405xx.o(.text)
    DMA1_Stream2_IRQHandler                  0x080002a3   Thumb Code     0  startup_stm32f405xx.o(.text)
    DMA1_Stream3_IRQHandler                  0x080002a3   Thumb Code     0  startup_stm32f405xx.o(.text)
    DMA1_Stream4_IRQHandler                  0x080002a3   Thumb Code     0  startup_stm32f405xx.o(.text)
    DMA1_Stream5_IRQHandler                  0x080002a3   Thumb Code     0  startup_stm32f405xx.o(.text)
    DMA1_Stream6_IRQHandler                  0x080002a3   Thumb Code     0  startup_stm32f405xx.o(.text)
    DMA1_Stream7_IRQHandler                  0x080002a3   Thumb Code     0  startup_stm32f405xx.o(.text)
    DMA2_Stream1_IRQHandler                  0x080002a3   Thumb Code     0  startup_stm32f405xx.o(.text)
    DMA2_Stream2_IRQHandler                  0x080002a3   Thumb Code     0  startup_stm32f405xx.o(.text)
    DMA2_Stream3_IRQHandler                  0x080002a3   Thumb Code     0  startup_stm32f405xx.o(.text)
    DMA2_Stream4_IRQHandler                  0x080002a3   Thumb Code     0  startup_stm32f405xx.o(.text)
    DMA2_Stream5_IRQHandler                  0x080002a3   Thumb Code     0  startup_stm32f405xx.o(.text)
    DMA2_Stream6_IRQHandler                  0x080002a3   Thumb Code     0  startup_stm32f405xx.o(.text)
    DMA2_Stream7_IRQHandler                  0x080002a3   Thumb Code     0  startup_stm32f405xx.o(.text)
    EXTI0_IRQHandler                         0x080002a3   Thumb Code     0  startup_stm32f405xx.o(.text)
    EXTI15_10_IRQHandler                     0x080002a3   Thumb Code     0  startup_stm32f405xx.o(.text)
    EXTI1_IRQHandler                         0x080002a3   Thumb Code     0  startup_stm32f405xx.o(.text)
    EXTI2_IRQHandler                         0x080002a3   Thumb Code     0  startup_stm32f405xx.o(.text)
    EXTI3_IRQHandler                         0x080002a3   Thumb Code     0  startup_stm32f405xx.o(.text)
    EXTI4_IRQHandler                         0x080002a3   Thumb Code     0  startup_stm32f405xx.o(.text)
    EXTI9_5_IRQHandler                       0x080002a3   Thumb Code     0  startup_stm32f405xx.o(.text)
    FLASH_IRQHandler                         0x080002a3   Thumb Code     0  startup_stm32f405xx.o(.text)
    FMC_IRQHandler                           0x080002a3   Thumb Code     0  startup_stm32f405xx.o(.text)
    FPU_IRQHandler                           0x080002a3   Thumb Code     0  startup_stm32f405xx.o(.text)
    HASH_RNG_IRQHandler                      0x080002a3   Thumb Code     0  startup_stm32f405xx.o(.text)
    I2C1_ER_IRQHandler                       0x080002a3   Thumb Code     0  startup_stm32f405xx.o(.text)
    I2C1_EV_IRQHandler                       0x080002a3   Thumb Code     0  startup_stm32f405xx.o(.text)
    I2C2_ER_IRQHandler                       0x080002a3   Thumb Code     0  startup_stm32f405xx.o(.text)
    I2C2_EV_IRQHandler                       0x080002a3   Thumb Code     0  startup_stm32f405xx.o(.text)
    I2C3_ER_IRQHandler                       0x080002a3   Thumb Code     0  startup_stm32f405xx.o(.text)
    I2C3_EV_IRQHandler                       0x080002a3   Thumb Code     0  startup_stm32f405xx.o(.text)
    OTG_FS_WKUP_IRQHandler                   0x080002a3   Thumb Code     0  startup_stm32f405xx.o(.text)
    OTG_HS_EP1_IN_IRQHandler                 0x080002a3   Thumb Code     0  startup_stm32f405xx.o(.text)
    OTG_HS_EP1_OUT_IRQHandler                0x080002a3   Thumb Code     0  startup_stm32f405xx.o(.text)
    OTG_HS_IRQHandler                        0x080002a3   Thumb Code     0  startup_stm32f405xx.o(.text)
    OTG_HS_WKUP_IRQHandler                   0x080002a3   Thumb Code     0  startup_stm32f405xx.o(.text)
    PVD_IRQHandler                           0x080002a3   Thumb Code     0  startup_stm32f405xx.o(.text)
    RCC_IRQHandler                           0x080002a3   Thumb Code     0  startup_stm32f405xx.o(.text)
    RTC_Alarm_IRQHandler                     0x080002a3   Thumb Code     0  startup_stm32f405xx.o(.text)
    RTC_WKUP_IRQHandler                      0x080002a3   Thumb Code     0  startup_stm32f405xx.o(.text)
    SDIO_IRQHandler                          0x080002a3   Thumb Code     0  startup_stm32f405xx.o(.text)
    SPI1_IRQHandler                          0x080002a3   Thumb Code     0  startup_stm32f405xx.o(.text)
    SPI2_IRQHandler                          0x080002a3   Thumb Code     0  startup_stm32f405xx.o(.text)
    SPI3_IRQHandler                          0x080002a3   Thumb Code     0  startup_stm32f405xx.o(.text)
    TAMP_STAMP_IRQHandler                    0x080002a3   Thumb Code     0  startup_stm32f405xx.o(.text)
    TIM1_BRK_TIM9_IRQHandler                 0x080002a3   Thumb Code     0  startup_stm32f405xx.o(.text)
    TIM1_CC_IRQHandler                       0x080002a3   Thumb Code     0  startup_stm32f405xx.o(.text)
    TIM1_TRG_COM_TIM11_IRQHandler            0x080002a3   Thumb Code     0  startup_stm32f405xx.o(.text)
    TIM1_UP_TIM10_IRQHandler                 0x080002a3   Thumb Code     0  startup_stm32f405xx.o(.text)
    TIM2_IRQHandler                          0x080002a3   Thumb Code     0  startup_stm32f405xx.o(.text)
    TIM4_IRQHandler                          0x080002a3   Thumb Code     0  startup_stm32f405xx.o(.text)
    TIM5_IRQHandler                          0x080002a3   Thumb Code     0  startup_stm32f405xx.o(.text)
    TIM6_DAC_IRQHandler                      0x080002a3   Thumb Code     0  startup_stm32f405xx.o(.text)
    TIM7_IRQHandler                          0x080002a3   Thumb Code     0  startup_stm32f405xx.o(.text)
    TIM8_BRK_TIM12_IRQHandler                0x080002a3   Thumb Code     0  startup_stm32f405xx.o(.text)
    TIM8_CC_IRQHandler                       0x080002a3   Thumb Code     0  startup_stm32f405xx.o(.text)
    TIM8_TRG_COM_TIM14_IRQHandler            0x080002a3   Thumb Code     0  startup_stm32f405xx.o(.text)
    TIM8_UP_TIM13_IRQHandler                 0x080002a3   Thumb Code     0  startup_stm32f405xx.o(.text)
    USART1_IRQHandler                        0x080002a3   Thumb Code     0  startup_stm32f405xx.o(.text)
    USART2_IRQHandler                        0x080002a3   Thumb Code     0  startup_stm32f405xx.o(.text)
    USART3_IRQHandler                        0x080002a3   Thumb Code     0  startup_stm32f405xx.o(.text)
    USART6_IRQHandler                        0x080002a3   Thumb Code     0  startup_stm32f405xx.o(.text)
    WWDG_IRQHandler                          0x080002a3   Thumb Code     0  startup_stm32f405xx.o(.text)
    __user_initial_stackheap                 0x080002a5   Thumb Code     0  startup_stm32f405xx.o(.text)
    malloc                                   0x080002c9   Thumb Code    94  h1_alloc.o(.text)
    free                                     0x08000327   Thumb Code    78  h1_free.o(.text)
    __2snprintf                              0x08000375   Thumb Code    48  noretval__2snprintf.o(.text)
    __printf                                 0x080003a9   Thumb Code   104  __printf.o(.text)
    __aeabi_memcpy4                          0x08000411   Thumb Code     0  rt_memcpy_w.o(.text)
    __aeabi_memcpy8                          0x08000411   Thumb Code     0  rt_memcpy_w.o(.text)
    __rt_memcpy_w                            0x08000411   Thumb Code   100  rt_memcpy_w.o(.text)
    _memcpy_lastbytes_aligned                0x08000459   Thumb Code     0  rt_memcpy_w.o(.text)
    __use_two_region_memory                  0x08000475   Thumb Code     2  heapauxi.o(.text)
    __rt_heap_escrow                         0x08000477   Thumb Code     2  heapauxi.o(.text)
    __rt_heap_expand                         0x08000479   Thumb Code     2  heapauxi.o(.text)
    __rt_heap_descriptor                     0x0800047d   Thumb Code     8  rt_heap_descriptor_intlibspace.o(.text)
    __use_no_heap                            0x08000485   Thumb Code     2  hguard.o(.text)
    __heap$guard                             0x08000487   Thumb Code     2  hguard.o(.text)
    _terminate_user_alloc                    0x08000489   Thumb Code     2  init_alloc.o(.text)
    _init_user_alloc                         0x0800048b   Thumb Code     2  init_alloc.o(.text)
    __Heap_Full                              0x0800048d   Thumb Code    34  init_alloc.o(.text)
    __Heap_Broken                            0x080004af   Thumb Code     6  init_alloc.o(.text)
    _init_alloc                              0x080004b5   Thumb Code    94  init_alloc.o(.text)
    __Heap_Initialize                        0x08000513   Thumb Code    10  h1_init.o(.text)
    __Heap_DescSize                          0x0800051d   Thumb Code     4  h1_init.o(.text)
    __lib_sel_fp_printf                      0x08000521   Thumb Code     2  _printf_fp_dec.o(.text)
    _printf_fp_dec_real                      0x080006d3   Thumb Code   620  _printf_fp_dec.o(.text)
    _printf_char_common                      0x0800094b   Thumb Code    32  _printf_char_common.o(.text)
    _sputc                                   0x08000971   Thumb Code    10  _sputc.o(.text)
    _snputc                                  0x0800097b   Thumb Code    16  _snputc.o(.text)
    __user_libspace                          0x0800098d   Thumb Code     8  libspace.o(.text)
    __user_perproc_libspace                  0x0800098d   Thumb Code     0  libspace.o(.text)
    __user_perthread_libspace                0x0800098d   Thumb Code     0  libspace.o(.text)
    __rt_locale                              0x08000995   Thumb Code     8  rt_locale_intlibspace.o(.text)
    __Heap_ProvideMemory                     0x0800099d   Thumb Code    52  h1_extend.o(.text)
    _ll_udiv10                               0x080009d1   Thumb Code   138  lludiv10.o(.text)
    _printf_fp_infnan                        0x08000a5d   Thumb Code   112  _printf_fp_infnan.o(.text)
    _btod_etento                             0x08000add   Thumb Code   224  bigflt0.o(.text)
    __rt_SIGRTMEM                            0x08000bc1   Thumb Code    14  defsig_rtmem_outer.o(.text)
    __I$use$semihosting                      0x08000bcf   Thumb Code     0  use_no_semi.o(.text)
    __use_no_semihosting_swi                 0x08000bcf   Thumb Code     2  use_no_semi.o(.text)
    __semihosting_library_function           0x08000bd1   Thumb Code     0  indicate_semi.o(.text)
    __user_setup_stackheap                   0x08000bd1   Thumb Code    74  sys_stackheap_outer.o(.text)
    exit                                     0x08000c1b   Thumb Code    18  exit.o(.text)
    __sig_exit                               0x08000c2d   Thumb Code    10  defsig_exit.o(.text)
    __rt_SIGRTMEM_inner                      0x08000c39   Thumb Code    22  defsig_rtmem_inner.o(.text)
    strcmp                                   0x08000c89   Thumb Code   128  strcmpv7m.o(.text)
    _sys_exit                                0x08000d09   Thumb Code     8  sys_exit.o(.text)
    __default_signal_display                 0x08000d15   Thumb Code    50  defsig_general.o(.text)
    _ttywrch                                 0x08000d47   Thumb Code    14  sys_wrch.o(.text)
    _btod_d2e                                0x08000d55   Thumb Code    62  btod.o(CL$$btod_d2e)
    _d2e_denorm_low                          0x08000d93   Thumb Code    70  btod.o(CL$$btod_d2e_denorm_low)
    _d2e_norm_op1                            0x08000dd9   Thumb Code    96  btod.o(CL$$btod_d2e_norm_op1)
    __btod_div_common                        0x08000e39   Thumb Code   696  btod.o(CL$$btod_div_common)
    _e2e                                     0x08001171   Thumb Code   220  btod.o(CL$$btod_e2e)
    _btod_ediv                               0x0800124d   Thumb Code    42  btod.o(CL$$btod_ediv)
    _btod_emul                               0x08001277   Thumb Code    42  btod.o(CL$$btod_emul)
    __btod_mult_common                       0x080012a1   Thumb Code   580  btod.o(CL$$btod_mult_common)
    BusFault_Handler                         0x08001695   Thumb Code     2  stm32f4xx_it.o(i.BusFault_Handler)
    CAP_CHARGER                              0x08001699   Thumb Code   226  meter.o(i.CAP_CHARGER)
    DMA2_Stream0_IRQHandler                  0x080017d1   Thumb Code     6  stm32f4xx_it.o(i.DMA2_Stream0_IRQHandler)
    DebugMon_Handler                         0x08001881   Thumb Code     2  stm32f4xx_it.o(i.DebugMon_Handler)
    GetCapacity2                             0x08001885   Thumb Code   170  meter.o(i.GetCapacity2)
    HAL_ADC_ConfigChannel                    0x08001955   Thumb Code   316  stm32f4xx_hal_adc.o(i.HAL_ADC_ConfigChannel)
    HAL_ADC_ConvCpltCallback                 0x08001aa1   Thumb Code     2  stm32f4xx_hal_adc.o(i.HAL_ADC_ConvCpltCallback)
    HAL_ADC_ConvHalfCpltCallback             0x08001aa3   Thumb Code     2  stm32f4xx_hal_adc.o(i.HAL_ADC_ConvHalfCpltCallback)
    HAL_ADC_ErrorCallback                    0x08001aa5   Thumb Code     2  stm32f4xx_hal_adc.o(i.HAL_ADC_ErrorCallback)
    HAL_ADC_Init                             0x08001aa7   Thumb Code    84  stm32f4xx_hal_adc.o(i.HAL_ADC_Init)
    HAL_ADC_MspInit                          0x08001afd   Thumb Code   122  adc.o(i.HAL_ADC_MspInit)
    HAL_ADC_Start_DMA                        0x08001b9d   Thumb Code   228  stm32f4xx_hal_adc.o(i.HAL_ADC_Start_DMA)
    HAL_ADC_Stop_DMA                         0x08001c9d   Thumb Code    88  stm32f4xx_hal_adc.o(i.HAL_ADC_Stop_DMA)
    HAL_DMA_Abort                            0x08001cf5   Thumb Code   142  stm32f4xx_hal_dma.o(i.HAL_DMA_Abort)
    HAL_DMA_Abort_IT                         0x08001d83   Thumb Code    36  stm32f4xx_hal_dma.o(i.HAL_DMA_Abort_IT)
    HAL_DMA_IRQHandler                       0x08001da9   Thumb Code   414  stm32f4xx_hal_dma.o(i.HAL_DMA_IRQHandler)
    HAL_DMA_Init                             0x08001f51   Thumb Code   206  stm32f4xx_hal_dma.o(i.HAL_DMA_Init)
    HAL_DMA_Start_IT                         0x08002025   Thumb Code   120  stm32f4xx_hal_dma.o(i.HAL_DMA_Start_IT)
    HAL_Delay                                0x0800209d   Thumb Code    28  stm32f4xx_hal.o(i.HAL_Delay)
    HAL_GPIO_Init                            0x080020b9   Thumb Code   388  stm32f4xx_hal_gpio.o(i.HAL_GPIO_Init)
    HAL_GPIO_TogglePin                       0x08002269   Thumb Code     8  stm32f4xx_hal_gpio.o(i.HAL_GPIO_TogglePin)
    HAL_GPIO_WritePin                        0x08002271   Thumb Code    10  stm32f4xx_hal_gpio.o(i.HAL_GPIO_WritePin)
    HAL_GetTick                              0x0800227d   Thumb Code     6  stm32f4xx_hal.o(i.HAL_GetTick)
    HAL_IncTick                              0x08002289   Thumb Code    10  stm32f4xx_hal.o(i.HAL_IncTick)
    HAL_Init                                 0x08002299   Thumb Code    48  stm32f4xx_hal.o(i.HAL_Init)
    HAL_InitTick                             0x080022cd   Thumb Code    34  stm32f4xx_hal.o(i.HAL_InitTick)
    HAL_MspInit                              0x080022f5   Thumb Code    88  stm32f4xx_hal_msp.o(i.HAL_MspInit)
    HAL_NVIC_EnableIRQ                       0x0800234d   Thumb Code    22  stm32f4xx_hal_cortex.o(i.HAL_NVIC_EnableIRQ)
    HAL_NVIC_SetPriority                     0x08002365   Thumb Code    60  stm32f4xx_hal_cortex.o(i.HAL_NVIC_SetPriority)
    HAL_NVIC_SetPriorityGrouping             0x080023a5   Thumb Code    26  stm32f4xx_hal_cortex.o(i.HAL_NVIC_SetPriorityGrouping)
    HAL_PCDEx_SetRxFiFo                      0x080023c9   Thumb Code     8  stm32f4xx_hal_pcd_ex.o(i.HAL_PCDEx_SetRxFiFo)
    HAL_PCDEx_SetTxFiFo                      0x080023d1   Thumb Code    68  stm32f4xx_hal_pcd_ex.o(i.HAL_PCDEx_SetTxFiFo)
    HAL_PCD_ConnectCallback                  0x08002415   Thumb Code     8  usbd_conf.o(i.HAL_PCD_ConnectCallback)
    HAL_PCD_DataInStageCallback              0x0800241d   Thumb Code    18  usbd_conf.o(i.HAL_PCD_DataInStageCallback)
    HAL_PCD_DataOutStageCallback             0x0800242f   Thumb Code    20  usbd_conf.o(i.HAL_PCD_DataOutStageCallback)
    HAL_PCD_DisconnectCallback               0x08002443   Thumb Code     8  usbd_conf.o(i.HAL_PCD_DisconnectCallback)
    HAL_PCD_EP_Close                         0x0800244b   Thumb Code    68  stm32f4xx_hal_pcd.o(i.HAL_PCD_EP_Close)
    HAL_PCD_EP_ClrStall                      0x0800248f   Thumb Code    80  stm32f4xx_hal_pcd.o(i.HAL_PCD_EP_ClrStall)
    HAL_PCD_EP_GetRxCount                    0x080024df   Thumb Code    20  stm32f4xx_hal_pcd.o(i.HAL_PCD_EP_GetRxCount)
    HAL_PCD_EP_Open                          0x080024f3   Thumb Code    84  stm32f4xx_hal_pcd.o(i.HAL_PCD_EP_Open)
    HAL_PCD_EP_Receive                       0x08002547   Thumb Code    72  stm32f4xx_hal_pcd.o(i.HAL_PCD_EP_Receive)
    HAL_PCD_EP_SetStall                      0x0800258f   Thumb Code    96  stm32f4xx_hal_pcd.o(i.HAL_PCD_EP_SetStall)
    HAL_PCD_EP_Transmit                      0x080025ef   Thumb Code    64  stm32f4xx_hal_pcd.o(i.HAL_PCD_EP_Transmit)
    HAL_PCD_IRQHandler                       0x08002631   Thumb Code  1196  stm32f4xx_hal_pcd.o(i.HAL_PCD_IRQHandler)
    HAL_PCD_ISOINIncompleteCallback          0x08002b25   Thumb Code     8  usbd_conf.o(i.HAL_PCD_ISOINIncompleteCallback)
    HAL_PCD_ISOOUTIncompleteCallback         0x08002b2d   Thumb Code     8  usbd_conf.o(i.HAL_PCD_ISOOUTIncompleteCallback)
    HAL_PCD_Init                             0x08002b35   Thumb Code   190  stm32f4xx_hal_pcd.o(i.HAL_PCD_Init)
    HAL_PCD_MspInit                          0x08002bf5   Thumb Code   112  usbd_conf.o(i.HAL_PCD_MspInit)
    HAL_PCD_ResetCallback                    0x08002c6d   Thumb Code    32  usbd_conf.o(i.HAL_PCD_ResetCallback)
    HAL_PCD_ResumeCallback                   0x08002c8d   Thumb Code     8  usbd_conf.o(i.HAL_PCD_ResumeCallback)
    HAL_PCD_SOFCallback                      0x08002c95   Thumb Code     8  usbd_conf.o(i.HAL_PCD_SOFCallback)
    HAL_PCD_SetAddress                       0x08002c9d   Thumb Code    36  stm32f4xx_hal_pcd.o(i.HAL_PCD_SetAddress)
    HAL_PCD_SetupStageCallback               0x08002cc1   Thumb Code    14  usbd_conf.o(i.HAL_PCD_SetupStageCallback)
    HAL_PCD_Start                            0x08002ccf   Thumb Code    42  stm32f4xx_hal_pcd.o(i.HAL_PCD_Start)
    HAL_PCD_SuspendCallback                  0x08002cf9   Thumb Code    44  usbd_conf.o(i.HAL_PCD_SuspendCallback)
    HAL_RCC_ClockConfig                      0x08002d29   Thumb Code   364  stm32f4xx_hal_rcc.o(i.HAL_RCC_ClockConfig)
    HAL_RCC_GetHCLKFreq                      0x08002ea5   Thumb Code     6  stm32f4xx_hal_rcc.o(i.HAL_RCC_GetHCLKFreq)
    HAL_RCC_GetPCLK1Freq                     0x08002eb1   Thumb Code    34  stm32f4xx_hal_rcc.o(i.HAL_RCC_GetPCLK1Freq)
    HAL_RCC_GetPCLK2Freq                     0x08002ee1   Thumb Code    34  stm32f4xx_hal_rcc.o(i.HAL_RCC_GetPCLK2Freq)
    HAL_RCC_GetSysClockFreq                  0x08002f11   Thumb Code   104  stm32f4xx_hal_rcc.o(i.HAL_RCC_GetSysClockFreq)
    HAL_RCC_OscConfig                        0x08002f85   Thumb Code   770  stm32f4xx_hal_rcc.o(i.HAL_RCC_OscConfig)
    HAL_SPI_Init                             0x08003299   Thumb Code   128  stm32f4xx_hal_spi.o(i.HAL_SPI_Init)
    HAL_SPI_MspInit                          0x08003319   Thumb Code    62  spi.o(i.HAL_SPI_MspInit)
    HAL_SYSTICK_CLKSourceConfig              0x08003365   Thumb Code    24  stm32f4xx_hal_cortex.o(i.HAL_SYSTICK_CLKSourceConfig)
    HAL_SYSTICK_Callback                     0x0800337d   Thumb Code     2  stm32f4xx_hal_cortex.o(i.HAL_SYSTICK_Callback)
    HAL_SYSTICK_Config                       0x0800337f   Thumb Code    40  stm32f4xx_hal_cortex.o(i.HAL_SYSTICK_Config)
    HAL_SYSTICK_IRQHandler                   0x080033a7   Thumb Code     8  stm32f4xx_hal_cortex.o(i.HAL_SYSTICK_IRQHandler)
    HAL_TIMEx_BreakCallback                  0x080033af   Thumb Code     2  stm32f4xx_hal_tim_ex.o(i.HAL_TIMEx_BreakCallback)
    HAL_TIMEx_CommutationCallback            0x080033b1   Thumb Code     2  stm32f4xx_hal_tim_ex.o(i.HAL_TIMEx_CommutationCallback)
    HAL_TIMEx_MasterConfigSynchronization    0x080033b3   Thumb Code    80  stm32f4xx_hal_tim_ex.o(i.HAL_TIMEx_MasterConfigSynchronization)
    HAL_TIM_Base_Init                        0x08003403   Thumb Code    54  stm32f4xx_hal_tim.o(i.HAL_TIM_Base_Init)
    HAL_TIM_Base_MspInit                     0x08003439   Thumb Code    72  tim.o(i.HAL_TIM_Base_MspInit)
    HAL_TIM_ConfigClockSource                0x0800348d   Thumb Code   242  stm32f4xx_hal_tim.o(i.HAL_TIM_ConfigClockSource)
    HAL_TIM_IC_CaptureCallback               0x0800357f   Thumb Code     2  stm32f4xx_hal_tim.o(i.HAL_TIM_IC_CaptureCallback)
    HAL_TIM_IRQHandler                       0x08003581   Thumb Code   358  stm32f4xx_hal_tim.o(i.HAL_TIM_IRQHandler)
    HAL_TIM_OC_DelayElapsedCallback          0x080036e7   Thumb Code     2  stm32f4xx_hal_tim.o(i.HAL_TIM_OC_DelayElapsedCallback)
    HAL_TIM_PWM_PulseFinishedCallback        0x080036e9   Thumb Code     2  stm32f4xx_hal_tim.o(i.HAL_TIM_PWM_PulseFinishedCallback)
    HAL_TIM_PeriodElapsedCallback            0x080036eb   Thumb Code     2  stm32f4xx_hal_tim.o(i.HAL_TIM_PeriodElapsedCallback)
    HAL_TIM_TriggerCallback                  0x080036ed   Thumb Code     2  stm32f4xx_hal_tim.o(i.HAL_TIM_TriggerCallback)
    HAL_UART_ErrorCallback                   0x080036ef   Thumb Code     2  stm32f4xx_hal_uart.o(i.HAL_UART_ErrorCallback)
    HAL_UART_IRQHandler                      0x080036f1   Thumb Code   266  stm32f4xx_hal_uart.o(i.HAL_UART_IRQHandler)
    HAL_UART_Init                            0x08003801   Thumb Code    98  stm32f4xx_hal_uart.o(i.HAL_UART_Init)
    HAL_UART_MspInit                         0x08003865   Thumb Code   134  usart.o(i.HAL_UART_MspInit)
    HAL_UART_Receive_IT                      0x08003901   Thumb Code    72  stm32f4xx_hal_uart.o(i.HAL_UART_Receive_IT)
    HAL_UART_RxCpltCallback                  0x08003949   Thumb Code     2  stm32f4xx_hal_uart.o(i.HAL_UART_RxCpltCallback)
    HAL_UART_Transmit                        0x0800394b   Thumb Code   186  stm32f4xx_hal_uart.o(i.HAL_UART_Transmit)
    HAL_UART_TxCpltCallback                  0x08003a05   Thumb Code     2  stm32f4xx_hal_uart.o(i.HAL_UART_TxCpltCallback)
    HardFault_Handler                        0x08003a07   Thumb Code     2  stm32f4xx_it.o(i.HardFault_Handler)
    MX_ADC3_Init                             0x08003a09   Thumb Code    84  adc.o(i.MX_ADC3_Init)
    MX_DMA_Init                              0x08003a79   Thumb Code    40  dma.o(i.MX_DMA_Init)
    MX_GPIO_Init                             0x08003aa5   Thumb Code   220  gpio.o(i.MX_GPIO_Init)
    MX_SPI1_Init                             0x08003b91   Thumb Code    64  spi.o(i.MX_SPI1_Init)
    MX_TIM3_Init                             0x08003be9   Thumb Code    94  tim.o(i.MX_TIM3_Init)
    MX_TIM5_Init                             0x08003c61   Thumb Code    88  tim.o(i.MX_TIM5_Init)
    MX_UART4_Init                            0x08003cd1   Thumb Code    52  usart.o(i.MX_UART4_Init)
    MX_UART5_Init                            0x08003d1d   Thumb Code    52  usart.o(i.MX_UART5_Init)
    MX_USB_DEVICE_Init                       0x08003d69   Thumb Code    38  usb_device.o(i.MX_USB_DEVICE_Init)
    MemManage_Handler                        0x08003da1   Thumb Code     2  stm32f4xx_it.o(i.MemManage_Handler)
    NMI_Handler                              0x08003da3   Thumb Code     2  stm32f4xx_it.o(i.NMI_Handler)
    OTG_FS_IRQHandler                        0x08003dc5   Thumb Code     6  stm32f4xx_it.o(i.OTG_FS_IRQHandler)
    PendSV_Handler                           0x08003e59   Thumb Code     2  stm32f4xx_it.o(i.PendSV_Handler)
    SVC_Handler                              0x08003e5b   Thumb Code     2  stm32f4xx_it.o(i.SVC_Handler)
    SysTick_Handler                          0x08003e5d   Thumb Code    14  stm32f4xx_it.o(i.SysTick_Handler)
    SystemClock_Config                       0x08003e6d   Thumb Code   146  main.o(i.SystemClock_Config)
    SystemInit                               0x08003f09   Thumb Code    66  system_stm32f4xx.o(i.SystemInit)
    TIM3_IRQHandler                          0x08003f5d   Thumb Code    32  stm32f4xx_it.o(i.TIM3_IRQHandler)
    TIM_Base_SetConfig                       0x08003f8d   Thumb Code   148  stm32f4xx_hal_tim.o(i.TIM_Base_SetConfig)
    UART4_IRQHandler                         0x080040b9   Thumb Code     6  stm32f4xx_it.o(i.UART4_IRQHandler)
    UART5_IRQHandler                         0x080040c5   Thumb Code     6  stm32f4xx_it.o(i.UART5_IRQHandler)
    USBD_CDC_GetDeviceQualifierDescriptor    0x0800459d   Thumb Code     8  usbd_cdc.o(i.USBD_CDC_GetDeviceQualifierDescriptor)
    USBD_CDC_ReceivePacket                   0x08004655   Thumb Code    40  usbd_cdc.o(i.USBD_CDC_ReceivePacket)
    USBD_CDC_RegisterInterface               0x0800467d   Thumb Code    16  usbd_cdc.o(i.USBD_CDC_RegisterInterface)
    USBD_CDC_SetRxBuffer                     0x0800468d   Thumb Code    12  usbd_cdc.o(i.USBD_CDC_SetRxBuffer)
    USBD_CDC_SetTxBuffer                     0x08004699   Thumb Code    16  usbd_cdc.o(i.USBD_CDC_SetTxBuffer)
    USBD_ClrClassConfig                      0x08004719   Thumb Code    14  usbd_core.o(i.USBD_ClrClassConfig)
    USBD_CtlContinueRx                       0x08004727   Thumb Code    16  usbd_ioreq.o(i.USBD_CtlContinueRx)
    USBD_CtlContinueSendData                 0x08004737   Thumb Code    16  usbd_ioreq.o(i.USBD_CtlContinueSendData)
    USBD_CtlError                            0x08004747   Thumb Code    22  usbd_ctlreq.o(i.USBD_CtlError)
    USBD_CtlPrepareRx                        0x0800475d   Thumb Code    30  usbd_ioreq.o(i.USBD_CtlPrepareRx)
    USBD_CtlReceiveStatus                    0x0800477b   Thumb Code    22  usbd_ioreq.o(i.USBD_CtlReceiveStatus)
    USBD_CtlSendData                         0x08004791   Thumb Code    26  usbd_ioreq.o(i.USBD_CtlSendData)
    USBD_CtlSendStatus                       0x080047ab   Thumb Code    22  usbd_ioreq.o(i.USBD_CtlSendStatus)
    USBD_FS_ConfigStrDescriptor              0x080047c1   Thumb Code    16  usbd_desc.o(i.USBD_FS_ConfigStrDescriptor)
    USBD_FS_DeviceDescriptor                 0x080047e1   Thumb Code     8  usbd_desc.o(i.USBD_FS_DeviceDescriptor)
    USBD_FS_InterfaceStrDescriptor           0x080047ed   Thumb Code    16  usbd_desc.o(i.USBD_FS_InterfaceStrDescriptor)
    USBD_FS_LangIDStrDescriptor              0x08004811   Thumb Code     8  usbd_desc.o(i.USBD_FS_LangIDStrDescriptor)
    USBD_FS_ManufacturerStrDescriptor        0x0800481d   Thumb Code    16  usbd_desc.o(i.USBD_FS_ManufacturerStrDescriptor)
    USBD_FS_ProductStrDescriptor             0x08004845   Thumb Code    16  usbd_desc.o(i.USBD_FS_ProductStrDescriptor)
    USBD_FS_SerialStrDescriptor              0x08004871   Thumb Code    16  usbd_desc.o(i.USBD_FS_SerialStrDescriptor)
    USBD_GetString                           0x08004975   Thumb Code    70  usbd_ctlreq.o(i.USBD_GetString)
    USBD_Init                                0x080049bb   Thumb Code    42  usbd_core.o(i.USBD_Init)
    USBD_LL_ClearStallEP                     0x080049e5   Thumb Code    32  usbd_conf.o(i.USBD_LL_ClearStallEP)
    USBD_LL_CloseEP                          0x08004a05   Thumb Code    32  usbd_conf.o(i.USBD_LL_CloseEP)
    USBD_LL_DataInStage                      0x08004a25   Thumb Code   170  usbd_core.o(i.USBD_LL_DataInStage)
    USBD_LL_DataOutStage                     0x08004acf   Thumb Code   106  usbd_core.o(i.USBD_LL_DataOutStage)
    USBD_LL_DevConnected                     0x08004b39   Thumb Code     4  usbd_core.o(i.USBD_LL_DevConnected)
    USBD_LL_DevDisconnected                  0x08004b3d   Thumb Code    22  usbd_core.o(i.USBD_LL_DevDisconnected)
    USBD_LL_GetRxDataSize                    0x08004b53   Thumb Code     8  usbd_conf.o(i.USBD_LL_GetRxDataSize)
    USBD_LL_Init                             0x08004b5d   Thumb Code   100  usbd_conf.o(i.USBD_LL_Init)
    USBD_LL_IsStallEP                        0x08004bd9   Thumb Code    32  usbd_conf.o(i.USBD_LL_IsStallEP)
    USBD_LL_IsoINIncomplete                  0x08004bf9   Thumb Code     4  usbd_core.o(i.USBD_LL_IsoINIncomplete)
    USBD_LL_IsoOUTIncomplete                 0x08004bfd   Thumb Code     4  usbd_core.o(i.USBD_LL_IsoOUTIncomplete)
    USBD_LL_OpenEP                           0x08004c01   Thumb Code    38  usbd_conf.o(i.USBD_LL_OpenEP)
    USBD_LL_PrepareReceive                   0x08004c27   Thumb Code    32  usbd_conf.o(i.USBD_LL_PrepareReceive)
    USBD_LL_Reset                            0x08004c47   Thumb Code    62  usbd_core.o(i.USBD_LL_Reset)
    USBD_LL_Resume                           0x08004c85   Thumb Code    12  usbd_core.o(i.USBD_LL_Resume)
    USBD_LL_SOF                              0x08004c91   Thumb Code    24  usbd_core.o(i.USBD_LL_SOF)
    USBD_LL_SetSpeed                         0x08004ca9   Thumb Code     6  usbd_core.o(i.USBD_LL_SetSpeed)
    USBD_LL_SetUSBAddress                    0x08004caf   Thumb Code    32  usbd_conf.o(i.USBD_LL_SetUSBAddress)
    USBD_LL_SetupStage                       0x08004ccf   Thumb Code    90  usbd_core.o(i.USBD_LL_SetupStage)
    USBD_LL_StallEP                          0x08004d29   Thumb Code    32  usbd_conf.o(i.USBD_LL_StallEP)
    USBD_LL_Start                            0x08004d49   Thumb Code    32  usbd_conf.o(i.USBD_LL_Start)
    USBD_LL_Suspend                          0x08004d69   Thumb Code    18  usbd_core.o(i.USBD_LL_Suspend)
    USBD_LL_Transmit                         0x08004d7b   Thumb Code    32  usbd_conf.o(i.USBD_LL_Transmit)
    USBD_ParseSetupRequest                   0x08004d9b   Thumb Code    40  usbd_ctlreq.o(i.USBD_ParseSetupRequest)
    USBD_RegisterClass                       0x08004dc3   Thumb Code    16  usbd_core.o(i.USBD_RegisterClass)
    USBD_SetClassConfig                      0x08004dd3   Thumb Code    22  usbd_core.o(i.USBD_SetClassConfig)
    USBD_Start                               0x08004e5d   Thumb Code    10  usbd_core.o(i.USBD_Start)
    USBD_StdDevReq                           0x08004e67   Thumb Code   242  usbd_ctlreq.o(i.USBD_StdDevReq)
    USBD_StdEPReq                            0x08004f59   Thumb Code   220  usbd_ctlreq.o(i.USBD_StdEPReq)
    USBD_StdItfReq                           0x08005035   Thumb Code    52  usbd_ctlreq.o(i.USBD_StdItfReq)
    USB_ActivateEndpoint                     0x08005069   Thumb Code   122  stm32f4xx_ll_usb.o(i.USB_ActivateEndpoint)
    USB_ActivateSetup                        0x080050e9   Thumb Code    52  stm32f4xx_ll_usb.o(i.USB_ActivateSetup)
    USB_CoreInit                             0x0800511d   Thumb Code   104  stm32f4xx_ll_usb.o(i.USB_CoreInit)
    USB_DeactivateEndpoint                   0x080051c1   Thumb Code   196  stm32f4xx_ll_usb.o(i.USB_DeactivateEndpoint)
    USB_DevConnect                           0x08005289   Thumb Code    24  stm32f4xx_ll_usb.o(i.USB_DevConnect)
    USB_DevDisconnect                        0x080052a1   Thumb Code    24  stm32f4xx_ll_usb.o(i.USB_DevDisconnect)
    USB_DevInit                              0x080052b9   Thumb Code   302  stm32f4xx_ll_usb.o(i.USB_DevInit)
    USB_DisableGlobalInt                     0x080053f9   Thumb Code    12  stm32f4xx_ll_usb.o(i.USB_DisableGlobalInt)
    USB_EP0StartXfer                         0x08005405   Thumb Code   316  stm32f4xx_ll_usb.o(i.USB_EP0StartXfer)
    USB_EP0_OutStart                         0x08005545   Thumb Code    62  stm32f4xx_ll_usb.o(i.USB_EP0_OutStart)
    USB_EPClearStall                         0x08005583   Thumb Code   100  stm32f4xx_ll_usb.o(i.USB_EPClearStall)
    USB_EPSetStall                           0x080055e7   Thumb Code    94  stm32f4xx_ll_usb.o(i.USB_EPSetStall)
    USB_EPStartXfer                          0x08005645   Thumb Code   534  stm32f4xx_ll_usb.o(i.USB_EPStartXfer)
    USB_EnableGlobalInt                      0x08005861   Thumb Code    12  stm32f4xx_ll_usb.o(i.USB_EnableGlobalInt)
    USB_FlushRxFifo                          0x0800586d   Thumb Code    28  stm32f4xx_ll_usb.o(i.USB_FlushRxFifo)
    USB_FlushTxFifo                          0x0800588d   Thumb Code    32  stm32f4xx_ll_usb.o(i.USB_FlushTxFifo)
    USB_GetDevSpeed                          0x080058b1   Thumb Code    60  stm32f4xx_ll_usb.o(i.USB_GetDevSpeed)
    USB_GetMode                              0x080058ed   Thumb Code     8  stm32f4xx_ll_usb.o(i.USB_GetMode)
    USB_ReadDevAllInEpInterrupt              0x080058f5   Thumb Code    14  stm32f4xx_ll_usb.o(i.USB_ReadDevAllInEpInterrupt)
    USB_ReadDevAllOutEpInterrupt             0x08005903   Thumb Code    14  stm32f4xx_ll_usb.o(i.USB_ReadDevAllOutEpInterrupt)
    USB_ReadDevInEPInterrupt                 0x08005911   Thumb Code    30  stm32f4xx_ll_usb.o(i.USB_ReadDevInEPInterrupt)
    USB_ReadDevOutEPInterrupt                0x0800592f   Thumb Code    16  stm32f4xx_ll_usb.o(i.USB_ReadDevOutEPInterrupt)
    USB_ReadInterrupts                       0x0800593f   Thumb Code     8  stm32f4xx_ll_usb.o(i.USB_ReadInterrupts)
    USB_ReadPacket                           0x08005947   Thumb Code    32  stm32f4xx_ll_usb.o(i.USB_ReadPacket)
    USB_SetCurrentMode                       0x08005967   Thumb Code    44  stm32f4xx_ll_usb.o(i.USB_SetCurrentMode)
    USB_SetDevAddress                        0x08005993   Thumb Code    34  stm32f4xx_ll_usb.o(i.USB_SetDevAddress)
    USB_WritePacket                          0x080059b5   Thumb Code    40  stm32f4xx_ll_usb.o(i.USB_WritePacket)
    UsageFault_Handler                       0x080059dd   Thumb Code     2  stm32f4xx_it.o(i.UsageFault_Handler)
    _Error_Handler                           0x080059df   Thumb Code     2  main.o(i._Error_Handler)
    __ARM_fpclassify                         0x080059e1   Thumb Code    48  fpclassify.o(i.__ARM_fpclassify)
    main                                     0x08005a11   Thumb Code   148  main.o(i.main)
    sendcharUART                             0x08005ac5   Thumb Code    36  transceiver.o(i.sendcharUART)
    setup                                    0x08005af5   Thumb Code    16  meter.o(i.setup)
    _get_lc_numeric                          0x08005b0d   Thumb Code    44  lc_numeric_c.o(locale$$code)
    __aeabi_d2f                              0x08005b39   Thumb Code     0  d2f.o(x$fpl$d2f)
    _d2f                                     0x08005b39   Thumb Code    98  d2f.o(x$fpl$d2f)
    __aeabi_ddiv                             0x08005b9d   Thumb Code     0  ddiv.o(x$fpl$ddiv)
    _ddiv                                    0x08005b9d   Thumb Code   552  ddiv.o(x$fpl$ddiv)
    __aeabi_ui2d                             0x08005e4d   Thumb Code     0  dflt_clz.o(x$fpl$dfltu)
    _dfltu                                   0x08005e4d   Thumb Code    38  dflt_clz.o(x$fpl$dfltu)
    __aeabi_dmul                             0x08005e75   Thumb Code     0  dmul.o(x$fpl$dmul)
    _dmul                                    0x08005e75   Thumb Code   332  dmul.o(x$fpl$dmul)
    __fpl_dnaninf                            0x08005fc9   Thumb Code   156  dnaninf.o(x$fpl$dnaninf)
    __fpl_dretinf                            0x08006065   Thumb Code    12  dretinf.o(x$fpl$dretinf)
    __aeabi_f2d                              0x08006071   Thumb Code     0  f2d.o(x$fpl$f2d)
    _f2d                                     0x08006071   Thumb Code    86  f2d.o(x$fpl$f2d)
    __fpl_fnaninf                            0x080060c7   Thumb Code   140  fnaninf.o(x$fpl$fnaninf)
    _fp_init                                 0x08006153   Thumb Code    10  fpinit.o(x$fpl$fpinit)
    __fplib_config_fpu_vfp                   0x0800615b   Thumb Code     0  fpinit.o(x$fpl$fpinit)
    __fplib_config_pureend_doubles           0x0800615b   Thumb Code     0  fpinit.o(x$fpl$fpinit)
    __fpl_fretinf                            0x0800615d   Thumb Code    10  fretinf.o(x$fpl$fretinf)
    _printf_fp_dec                           0x08006167   Thumb Code     4  printf1.o(x$fpl$printf1)
    AHBPrescTable                            0x0800616a   Data          16  system_stm32f4xx.o(.constdata)
    __I$use$fp                               0x0800616a   Number         0  usenofp.o(x$fpl$usenofp)
    APBPrescTable                            0x0800617a   Data           8  system_stm32f4xx.o(.constdata)
    Region$$Table$$Base                      0x08006220   Number         0  anon$$obj.o(Region$$Table)
    Region$$Table$$Limit                     0x08006240   Number         0  anon$$obj.o(Region$$Table)
    SystemCoreClock                          0x20000000   Data           4  system_stm32f4xx.o(.data)
    USBD_CDC_CfgHSDesc                       0x20000018   Data          67  usbd_cdc.o(.data)
    USBD_CDC_CfgFSDesc                       0x2000005c   Data          67  usbd_cdc.o(.data)
    USBD_CDC_OtherSpeedCfgDesc               0x200000a0   Data          67  usbd_cdc.o(.data)
    USBD_CDC                                 0x200000e4   Data          56  usbd_cdc.o(.data)
    tim3cnt                                  0x2000011c   Data           2  stm32f4xx_it.o(.data)
    LED0                                     0x20000120   Data           4  main.o(.data)
    LED1                                     0x20000124   Data           4  main.o(.data)
    capacity                                 0x20000128   Data           4  main.o(.data)
    FS_Desc                                  0x2000012c   Data          28  usbd_desc.o(.data)
    USBD_LangIDDesc                          0x20000148   Data           4  usbd_desc.o(.data)
    USBD_FS_DeviceDesc                       0x2000014c   Data          18  usbd_desc.o(.data)
    USBD_Interface_fops_FS                   0x20000160   Data          16  usbd_cdc_if.o(.data)
    UserRxBufferFS                           0x20000170   Data           4  usbd_cdc_if.o(.data)
    UserTxBufferFS                           0x20000174   Data           4  usbd_cdc_if.o(.data)
    DWT_CONTROL                              0x20000178   Data           4  meter.o(.data)
    DWT_CYCCNT                               0x2000017c   Data           4  meter.o(.data)
    DEMCR                                    0x20000180   Data           4  meter.o(.data)
    MAX_CAP_CAPACITY_T                       0x20000184   Data           4  meter.o(.data)
    MAX_CAP_CAPACITY_T_inTicks               0x20000188   Data           4  meter.o(.data)
    startTime                                0x2000018c   Data           4  meter.o(.data)
    elapsedTime                              0x20000190   Data           4  meter.o(.data)
    op_time                                  0x20000194   Data           4  meter.o(.data)
    uwTick                                   0x20000198   Data           4  stm32f4xx_hal.o(.data)
    hUsbDeviceFS                             0x2000019c   Data         548  usb_device.o(.bss)
    huart4                                   0x200003c0   Data          64  usart.o(.bss)
    huart5                                   0x20000400   Data          64  usart.o(.bss)
    hspi1                                    0x20000440   Data          88  spi.o(.bss)
    htim3                                    0x20000498   Data          60  tim.o(.bss)
    htim5                                    0x200004d4   Data          60  tim.o(.bss)
    receiveBufferUART5                       0x20000510   Data          32  main.o(.bss)
    USART_chars_buffer                       0x20000530   Data          32  main.o(.bss)
    hpcd_USB_OTG_FS                          0x20000550   Data        1008  usbd_conf.o(.bss)
    hadc3                                    0x20000940   Data          72  adc.o(.bss)
    hdma_adc3                                0x20000988   Data          96  adc.o(.bss)
    USBD_StrDesc                             0x200009e8   Data         512  usbd_desc.o(.bss)
    CAP                                      0x20000be8   Data         128  meter.o(.bss)
    __libspace_start                         0x20000c68   Data          96  libspace.o(.bss)
    __temporary_stack_top$libspace           0x20000cc8   Data           0  libspace.o(.bss)



==============================================================================

Memory Map of the image

  Image Entry point : 0x08000189

  Load Region LR_IROM1 (Base: 0x08000000, Size: 0x000063f8, Max: 0x00100000, ABSOLUTE, COMPRESSED[0x0000632c])

    Execution Region ER_IROM1 (Exec base: 0x08000000, Load base: 0x08000000, Size: 0x0000625c, Max: 0x00100000, ABSOLUTE)

    Exec Addr    Load Addr    Size         Type   Attr      Idx    E Section Name        Object

    0x08000000   0x08000000   0x00000188   Data   RO          549    RESET               startup_stm32f405xx.o
    0x08000188   0x08000188   0x00000008   Code   RO         4864  * !!!main             c_w.l(__main.o)
    0x08000190   0x08000190   0x00000034   Code   RO         5148    !!!scatter          c_w.l(__scatter.o)
    0x080001c4   0x080001c4   0x0000005a   Code   RO         5146    !!dczerorl2         c_w.l(__dczerorl2.o)
    0x0800021e   0x0800021e   0x00000002   PAD
    0x08000220   0x08000220   0x0000001c   Code   RO         5150    !!handler_zi        c_w.l(__scatter_zi.o)
    0x0800023c   0x0800023c   0x00000000   Code   RO         4859    .ARM.Collect$$_printf_percent$$00000000  c_w.l(_printf_percent.o)
    0x0800023c   0x0800023c   0x00000006   Code   RO         4858    .ARM.Collect$$_printf_percent$$00000003  c_w.l(_printf_f.o)
    0x08000242   0x08000242   0x00000004   Code   RO         4920    .ARM.Collect$$_printf_percent$$00000017  c_w.l(_printf_percent_end.o)
    0x08000246   0x08000246   0x00000002   Code   RO         5085    .ARM.Collect$$libinit$$00000000  c_w.l(libinit.o)
    0x08000248   0x08000248   0x00000004   Code   RO         4923    .ARM.Collect$$libinit$$00000001  c_w.l(libinit2.o)
    0x0800024c   0x0800024c   0x00000000   Code   RO         4926    .ARM.Collect$$libinit$$00000004  c_w.l(libinit2.o)
    0x0800024c   0x0800024c   0x00000008   Code   RO         4927    .ARM.Collect$$libinit$$00000005  c_w.l(libinit2.o)
    0x08000254   0x08000254   0x00000000   Code   RO         4929    .ARM.Collect$$libinit$$0000000A  c_w.l(libinit2.o)
    0x08000254   0x08000254   0x00000000   Code   RO         4931    .ARM.Collect$$libinit$$0000000C  c_w.l(libinit2.o)
    0x08000254   0x08000254   0x00000000   Code   RO         4933    .ARM.Collect$$libinit$$0000000E  c_w.l(libinit2.o)
    0x08000254   0x08000254   0x00000006   Code   RO         4934    .ARM.Collect$$libinit$$0000000F  c_w.l(libinit2.o)
    0x0800025a   0x0800025a   0x00000000   Code   RO         4936    .ARM.Collect$$libinit$$00000011  c_w.l(libinit2.o)
    0x0800025a   0x0800025a   0x00000000   Code   RO         4938    .ARM.Collect$$libinit$$00000013  c_w.l(libinit2.o)
    0x0800025a   0x0800025a   0x00000000   Code   RO         4940    .ARM.Collect$$libinit$$00000015  c_w.l(libinit2.o)
    0x0800025a   0x0800025a   0x0000000a   Code   RO         4941    .ARM.Collect$$libinit$$00000016  c_w.l(libinit2.o)
    0x08000264   0x08000264   0x00000000   Code   RO         4942    .ARM.Collect$$libinit$$00000017  c_w.l(libinit2.o)
    0x08000264   0x08000264   0x00000000   Code   RO         4944    .ARM.Collect$$libinit$$00000019  c_w.l(libinit2.o)
    0x08000264   0x08000264   0x00000000   Code   RO         4946    .ARM.Collect$$libinit$$0000001B  c_w.l(libinit2.o)
    0x08000264   0x08000264   0x00000000   Code   RO         4948    .ARM.Collect$$libinit$$0000001D  c_w.l(libinit2.o)
    0x08000264   0x08000264   0x00000000   Code   RO         4950    .ARM.Collect$$libinit$$0000001F  c_w.l(libinit2.o)
    0x08000264   0x08000264   0x00000000   Code   RO         4952    .ARM.Collect$$libinit$$00000021  c_w.l(libinit2.o)
    0x08000264   0x08000264   0x00000000   Code   RO         4954    .ARM.Collect$$libinit$$00000023  c_w.l(libinit2.o)
    0x08000264   0x08000264   0x00000000   Code   RO         4956    .ARM.Collect$$libinit$$00000025  c_w.l(libinit2.o)
    0x08000264   0x08000264   0x00000000   Code   RO         4960    .ARM.Collect$$libinit$$0000002C  c_w.l(libinit2.o)
    0x08000264   0x08000264   0x00000000   Code   RO         4962    .ARM.Collect$$libinit$$0000002E  c_w.l(libinit2.o)
    0x08000264   0x08000264   0x00000000   Code   RO         4964    .ARM.Collect$$libinit$$00000030  c_w.l(libinit2.o)
    0x08000264   0x08000264   0x00000000   Code   RO         4966    .ARM.Collect$$libinit$$00000032  c_w.l(libinit2.o)
    0x08000264   0x08000264   0x00000002   Code   RO         4967    .ARM.Collect$$libinit$$00000033  c_w.l(libinit2.o)
    0x08000266   0x08000266   0x00000002   Code   RO         5143    .ARM.Collect$$libshutdown$$00000000  c_w.l(libshutdown.o)
    0x08000268   0x08000268   0x00000000   Code   RO         5099    .ARM.Collect$$libshutdown$$00000002  c_w.l(libshutdown2.o)
    0x08000268   0x08000268   0x00000000   Code   RO         5101    .ARM.Collect$$libshutdown$$00000004  c_w.l(libshutdown2.o)
    0x08000268   0x08000268   0x00000000   Code   RO         5104    .ARM.Collect$$libshutdown$$00000007  c_w.l(libshutdown2.o)
    0x08000268   0x08000268   0x00000000   Code   RO         5107    .ARM.Collect$$libshutdown$$0000000A  c_w.l(libshutdown2.o)
    0x08000268   0x08000268   0x00000000   Code   RO         5109    .ARM.Collect$$libshutdown$$0000000C  c_w.l(libshutdown2.o)
    0x08000268   0x08000268   0x00000000   Code   RO         5112    .ARM.Collect$$libshutdown$$0000000F  c_w.l(libshutdown2.o)
    0x08000268   0x08000268   0x00000002   Code   RO         5113    .ARM.Collect$$libshutdown$$00000010  c_w.l(libshutdown2.o)
    0x0800026a   0x0800026a   0x00000000   Code   RO         4886    .ARM.Collect$$rtentry$$00000000  c_w.l(__rtentry.o)
    0x0800026a   0x0800026a   0x00000000   Code   RO         4983    .ARM.Collect$$rtentry$$00000002  c_w.l(__rtentry2.o)
    0x0800026a   0x0800026a   0x00000006   Code   RO         4995    .ARM.Collect$$rtentry$$00000004  c_w.l(__rtentry4.o)
    0x08000270   0x08000270   0x00000000   Code   RO         4985    .ARM.Collect$$rtentry$$00000009  c_w.l(__rtentry2.o)
    0x08000270   0x08000270   0x00000004   Code   RO         4986    .ARM.Collect$$rtentry$$0000000A  c_w.l(__rtentry2.o)
    0x08000274   0x08000274   0x00000000   Code   RO         4988    .ARM.Collect$$rtentry$$0000000C  c_w.l(__rtentry2.o)
    0x08000274   0x08000274   0x00000008   Code   RO         4989    .ARM.Collect$$rtentry$$0000000D  c_w.l(__rtentry2.o)
    0x0800027c   0x0800027c   0x00000002   Code   RO         5088    .ARM.Collect$$rtexit$$00000000  c_w.l(rtexit.o)
    0x0800027e   0x0800027e   0x00000000   Code   RO         5117    .ARM.Collect$$rtexit$$00000002  c_w.l(rtexit2.o)
    0x0800027e   0x0800027e   0x00000004   Code   RO         5118    .ARM.Collect$$rtexit$$00000003  c_w.l(rtexit2.o)
    0x08000282   0x08000282   0x00000006   Code   RO         5119    .ARM.Collect$$rtexit$$00000004  c_w.l(rtexit2.o)
    0x08000288   0x08000288   0x00000000   Code   RO         5004    .emb_text           c_w.l(maybetermalloc1.o)
    0x08000288   0x08000288   0x00000040   Code   RO          550    .text               startup_stm32f405xx.o
    0x080002c8   0x080002c8   0x0000005e   Code   RO         4774    .text               c_w.l(h1_alloc.o)
    0x08000326   0x08000326   0x0000004e   Code   RO         4776    .text               c_w.l(h1_free.o)
    0x08000374   0x08000374   0x00000034   Code   RO         4834    .text               c_w.l(noretval__2snprintf.o)
    0x080003a8   0x080003a8   0x00000068   Code   RO         4836    .text               c_w.l(__printf.o)
    0x08000410   0x08000410   0x00000064   Code   RO         4860    .text               c_w.l(rt_memcpy_w.o)
    0x08000474   0x08000474   0x00000006   Code   RO         4862    .text               c_w.l(heapauxi.o)
    0x0800047a   0x0800047a   0x00000002   PAD
    0x0800047c   0x0800047c   0x00000008   Code   RO         4890    .text               c_w.l(rt_heap_descriptor_intlibspace.o)
    0x08000484   0x08000484   0x00000004   Code   RO         4892    .text               c_w.l(hguard.o)
    0x08000488   0x08000488   0x0000008a   Code   RO         4894    .text               c_w.l(init_alloc.o)
    0x08000512   0x08000512   0x0000000e   Code   RO         4898    .text               c_w.l(h1_init.o)
    0x08000520   0x08000520   0x0000041e   Code   RO         4912    .text               c_w.l(_printf_fp_dec.o)
    0x0800093e   0x0800093e   0x00000002   PAD
    0x08000940   0x08000940   0x00000030   Code   RO         4914    .text               c_w.l(_printf_char_common.o)
    0x08000970   0x08000970   0x0000000a   Code   RO         4916    .text               c_w.l(_sputc.o)
    0x0800097a   0x0800097a   0x00000010   Code   RO         4918    .text               c_w.l(_snputc.o)
    0x0800098a   0x0800098a   0x00000002   PAD
    0x0800098c   0x0800098c   0x00000008   Code   RO         4979    .text               c_w.l(libspace.o)
    0x08000994   0x08000994   0x00000008   Code   RO         5000    .text               c_w.l(rt_locale_intlibspace.o)
    0x0800099c   0x0800099c   0x00000034   Code   RO         5006    .text               c_w.l(h1_extend.o)
    0x080009d0   0x080009d0   0x0000008a   Code   RO         5010    .text               c_w.l(lludiv10.o)
    0x08000a5a   0x08000a5a   0x00000002   PAD
    0x08000a5c   0x08000a5c   0x00000080   Code   RO         5012    .text               c_w.l(_printf_fp_infnan.o)
    0x08000adc   0x08000adc   0x000000e4   Code   RO         5016    .text               c_w.l(bigflt0.o)
    0x08000bc0   0x08000bc0   0x0000000e   Code   RO         5044    .text               c_w.l(defsig_rtmem_outer.o)
    0x08000bce   0x08000bce   0x00000002   Code   RO         5059    .text               c_w.l(use_no_semi.o)
    0x08000bd0   0x08000bd0   0x00000000   Code   RO         5061    .text               c_w.l(indicate_semi.o)
    0x08000bd0   0x08000bd0   0x0000004a   Code   RO         5062    .text               c_w.l(sys_stackheap_outer.o)
    0x08000c1a   0x08000c1a   0x00000012   Code   RO         5068    .text               c_w.l(exit.o)
    0x08000c2c   0x08000c2c   0x0000000a   Code   RO         5070    .text               c_w.l(defsig_exit.o)
    0x08000c36   0x08000c36   0x00000002   PAD
    0x08000c38   0x08000c38   0x00000050   Code   RO         5072    .text               c_w.l(defsig_rtmem_inner.o)
    0x08000c88   0x08000c88   0x00000080   Code   RO         5074    .text               c_w.l(strcmpv7m.o)
    0x08000d08   0x08000d08   0x0000000c   Code   RO         5086    .text               c_w.l(sys_exit.o)
    0x08000d14   0x08000d14   0x00000032   Code   RO         5096    .text               c_w.l(defsig_general.o)
    0x08000d46   0x08000d46   0x0000000e   Code   RO         5114    .text               c_w.l(sys_wrch.o)
    0x08000d54   0x08000d54   0x0000003e   Code   RO         5019    CL$$btod_d2e        c_w.l(btod.o)
    0x08000d92   0x08000d92   0x00000046   Code   RO         5021    CL$$btod_d2e_denorm_low  c_w.l(btod.o)
    0x08000dd8   0x08000dd8   0x00000060   Code   RO         5020    CL$$btod_d2e_norm_op1  c_w.l(btod.o)
    0x08000e38   0x08000e38   0x00000338   Code   RO         5029    CL$$btod_div_common  c_w.l(btod.o)
    0x08001170   0x08001170   0x000000dc   Code   RO         5026    CL$$btod_e2e        c_w.l(btod.o)
    0x0800124c   0x0800124c   0x0000002a   Code   RO         5023    CL$$btod_ediv       c_w.l(btod.o)
    0x08001276   0x08001276   0x0000002a   Code   RO         5022    CL$$btod_emul       c_w.l(btod.o)
    0x080012a0   0x080012a0   0x00000244   Code   RO         5028    CL$$btod_mult_common  c_w.l(btod.o)
    0x080014e4   0x080014e4   0x00000062   Code   RO         3189    i.ADC_DMAConvCplt   stm32f4xx_hal_adc.o
    0x08001546   0x08001546   0x00000016   Code   RO         3190    i.ADC_DMAError      stm32f4xx_hal_adc.o
    0x0800155c   0x0800155c   0x0000000a   Code   RO         3191    i.ADC_DMAHalfConvCplt  stm32f4xx_hal_adc.o
    0x08001566   0x08001566   0x00000002   PAD
    0x08001568   0x08001568   0x0000012c   Code   RO         3192    i.ADC_Init          stm32f4xx_hal_adc.o
    0x08001694   0x08001694   0x00000002   Code   RO          670    i.BusFault_Handler  stm32f4xx_it.o
    0x08001696   0x08001696   0x00000002   PAD
    0x08001698   0x08001698   0x000000f4   Code   RO         1327    i.CAP_CHARGER       meter.o
    0x0800178c   0x0800178c   0x00000004   Code   RO         1275    i.CDC_Control_FS    usbd_cdc_if.o
    0x08001790   0x08001790   0x00000004   Code   RO         1276    i.CDC_DeInit_FS     usbd_cdc_if.o
    0x08001794   0x08001794   0x00000024   Code   RO         1277    i.CDC_Init_FS       usbd_cdc_if.o
    0x080017b8   0x080017b8   0x00000018   Code   RO         1278    i.CDC_Receive_FS    usbd_cdc_if.o
    0x080017d0   0x080017d0   0x0000000c   Code   RO          671    i.DMA2_Stream0_IRQHandler  stm32f4xx_it.o
    0x080017dc   0x080017dc   0x00000028   Code   RO         4665    i.DMA_CalcBaseAndBitshift  stm32f4xx_hal_dma.o
    0x08001804   0x08001804   0x00000054   Code   RO         4666    i.DMA_CheckFifoParam  stm32f4xx_hal_dma.o
    0x08001858   0x08001858   0x00000028   Code   RO         4667    i.DMA_SetConfig     stm32f4xx_hal_dma.o
    0x08001880   0x08001880   0x00000002   Code   RO          672    i.DebugMon_Handler  stm32f4xx_it.o
    0x08001882   0x08001882   0x00000002   PAD
    0x08001884   0x08001884   0x000000d0   Code   RO         1330    i.GetCapacity2      meter.o
    0x08001954   0x08001954   0x0000014c   Code   RO         3194    i.HAL_ADC_ConfigChannel  stm32f4xx_hal_adc.o
    0x08001aa0   0x08001aa0   0x00000002   Code   RO         3195    i.HAL_ADC_ConvCpltCallback  stm32f4xx_hal_adc.o
    0x08001aa2   0x08001aa2   0x00000002   Code   RO         3196    i.HAL_ADC_ConvHalfCpltCallback  stm32f4xx_hal_adc.o
    0x08001aa4   0x08001aa4   0x00000002   Code   RO         3198    i.HAL_ADC_ErrorCallback  stm32f4xx_hal_adc.o
    0x08001aa6   0x08001aa6   0x00000054   Code   RO         3203    i.HAL_ADC_Init      stm32f4xx_hal_adc.o
    0x08001afa   0x08001afa   0x00000002   PAD
    0x08001afc   0x08001afc   0x000000a0   Code   RO         1166    i.HAL_ADC_MspInit   adc.o
    0x08001b9c   0x08001b9c   0x00000100   Code   RO         3210    i.HAL_ADC_Start_DMA  stm32f4xx_hal_adc.o
    0x08001c9c   0x08001c9c   0x00000058   Code   RO         3213    i.HAL_ADC_Stop_DMA  stm32f4xx_hal_adc.o
    0x08001cf4   0x08001cf4   0x0000008e   Code   RO         4668    i.HAL_DMA_Abort     stm32f4xx_hal_dma.o
    0x08001d82   0x08001d82   0x00000024   Code   RO         4669    i.HAL_DMA_Abort_IT  stm32f4xx_hal_dma.o
    0x08001da6   0x08001da6   0x00000002   PAD
    0x08001da8   0x08001da8   0x000001a8   Code   RO         4673    i.HAL_DMA_IRQHandler  stm32f4xx_hal_dma.o
    0x08001f50   0x08001f50   0x000000d4   Code   RO         4674    i.HAL_DMA_Init      stm32f4xx_hal_dma.o
    0x08002024   0x08002024   0x00000078   Code   RO         4678    i.HAL_DMA_Start_IT  stm32f4xx_hal_dma.o
    0x0800209c   0x0800209c   0x0000001c   Code   RO         1896    i.HAL_Delay         stm32f4xx_hal.o
    0x080020b8   0x080020b8   0x000001b0   Code   RO         1484    i.HAL_GPIO_Init     stm32f4xx_hal_gpio.o
    0x08002268   0x08002268   0x00000008   Code   RO         1487    i.HAL_GPIO_TogglePin  stm32f4xx_hal_gpio.o
    0x08002270   0x08002270   0x0000000a   Code   RO         1488    i.HAL_GPIO_WritePin  stm32f4xx_hal_gpio.o
    0x0800227a   0x0800227a   0x00000002   PAD
    0x0800227c   0x0800227c   0x0000000c   Code   RO         1902    i.HAL_GetTick       stm32f4xx_hal.o
    0x08002288   0x08002288   0x00000010   Code   RO         1904    i.HAL_IncTick       stm32f4xx_hal.o
    0x08002298   0x08002298   0x00000034   Code   RO         1905    i.HAL_Init          stm32f4xx_hal.o
    0x080022cc   0x080022cc   0x00000028   Code   RO         1906    i.HAL_InitTick      stm32f4xx_hal.o
    0x080022f4   0x080022f4   0x00000058   Code   RO          952    i.HAL_MspInit       stm32f4xx_hal_msp.o
    0x0800234c   0x0800234c   0x00000016   Code   RO         3786    i.HAL_NVIC_EnableIRQ  stm32f4xx_hal_cortex.o
    0x08002362   0x08002362   0x00000002   PAD
    0x08002364   0x08002364   0x00000040   Code   RO         3792    i.HAL_NVIC_SetPriority  stm32f4xx_hal_cortex.o
    0x080023a4   0x080023a4   0x00000024   Code   RO         3793    i.HAL_NVIC_SetPriorityGrouping  stm32f4xx_hal_cortex.o
    0x080023c8   0x080023c8   0x00000008   Code   RO         2096    i.HAL_PCDEx_SetRxFiFo  stm32f4xx_hal_pcd_ex.o
    0x080023d0   0x080023d0   0x00000044   Code   RO         2097    i.HAL_PCDEx_SetTxFiFo  stm32f4xx_hal_pcd_ex.o
    0x08002414   0x08002414   0x00000008   Code   RO          976    i.HAL_PCD_ConnectCallback  usbd_conf.o
    0x0800241c   0x0800241c   0x00000012   Code   RO          977    i.HAL_PCD_DataInStageCallback  usbd_conf.o
    0x0800242e   0x0800242e   0x00000014   Code   RO          978    i.HAL_PCD_DataOutStageCallback  usbd_conf.o
    0x08002442   0x08002442   0x00000008   Code   RO          979    i.HAL_PCD_DisconnectCallback  usbd_conf.o
    0x0800244a   0x0800244a   0x00000044   Code   RO         2418    i.HAL_PCD_EP_Close  stm32f4xx_hal_pcd.o
    0x0800248e   0x0800248e   0x00000050   Code   RO         2419    i.HAL_PCD_EP_ClrStall  stm32f4xx_hal_pcd.o
    0x080024de   0x080024de   0x00000014   Code   RO         2421    i.HAL_PCD_EP_GetRxCount  stm32f4xx_hal_pcd.o
    0x080024f2   0x080024f2   0x00000054   Code   RO         2422    i.HAL_PCD_EP_Open   stm32f4xx_hal_pcd.o
    0x08002546   0x08002546   0x00000048   Code   RO         2423    i.HAL_PCD_EP_Receive  stm32f4xx_hal_pcd.o
    0x0800258e   0x0800258e   0x00000060   Code   RO         2424    i.HAL_PCD_EP_SetStall  stm32f4xx_hal_pcd.o
    0x080025ee   0x080025ee   0x00000040   Code   RO         2425    i.HAL_PCD_EP_Transmit  stm32f4xx_hal_pcd.o
    0x0800262e   0x0800262e   0x00000002   PAD
    0x08002630   0x08002630   0x000004f4   Code   RO         2427    i.HAL_PCD_IRQHandler  stm32f4xx_hal_pcd.o
    0x08002b24   0x08002b24   0x00000008   Code   RO          980    i.HAL_PCD_ISOINIncompleteCallback  usbd_conf.o
    0x08002b2c   0x08002b2c   0x00000008   Code   RO          981    i.HAL_PCD_ISOOUTIncompleteCallback  usbd_conf.o
    0x08002b34   0x08002b34   0x000000be   Code   RO         2430    i.HAL_PCD_Init      stm32f4xx_hal_pcd.o
    0x08002bf2   0x08002bf2   0x00000002   PAD
    0x08002bf4   0x08002bf4   0x00000078   Code   RO          983    i.HAL_PCD_MspInit   usbd_conf.o
    0x08002c6c   0x08002c6c   0x00000020   Code   RO          984    i.HAL_PCD_ResetCallback  usbd_conf.o
    0x08002c8c   0x08002c8c   0x00000008   Code   RO          985    i.HAL_PCD_ResumeCallback  usbd_conf.o
    0x08002c94   0x08002c94   0x00000008   Code   RO          986    i.HAL_PCD_SOFCallback  usbd_conf.o
    0x08002c9c   0x08002c9c   0x00000024   Code   RO         2436    i.HAL_PCD_SetAddress  stm32f4xx_hal_pcd.o
    0x08002cc0   0x08002cc0   0x0000000e   Code   RO          987    i.HAL_PCD_SetupStageCallback  usbd_conf.o
    0x08002cce   0x08002cce   0x0000002a   Code   RO         2438    i.HAL_PCD_Start     stm32f4xx_hal_pcd.o
    0x08002cf8   0x08002cf8   0x00000030   Code   RO          988    i.HAL_PCD_SuspendCallback  usbd_conf.o
    0x08002d28   0x08002d28   0x0000017c   Code   RO         1746    i.HAL_RCC_ClockConfig  stm32f4xx_hal_rcc.o
    0x08002ea4   0x08002ea4   0x0000000c   Code   RO         1751    i.HAL_RCC_GetHCLKFreq  stm32f4xx_hal_rcc.o
    0x08002eb0   0x08002eb0   0x00000030   Code   RO         1753    i.HAL_RCC_GetPCLK1Freq  stm32f4xx_hal_rcc.o
    0x08002ee0   0x08002ee0   0x00000030   Code   RO         1754    i.HAL_RCC_GetPCLK2Freq  stm32f4xx_hal_rcc.o
    0x08002f10   0x08002f10   0x00000074   Code   RO         1755    i.HAL_RCC_GetSysClockFreq  stm32f4xx_hal_rcc.o
    0x08002f84   0x08002f84   0x00000314   Code   RO         1758    i.HAL_RCC_OscConfig  stm32f4xx_hal_rcc.o
    0x08003298   0x08003298   0x00000080   Code   RO         3370    i.HAL_SPI_Init      stm32f4xx_hal_spi.o
    0x08003318   0x08003318   0x0000004c   Code   RO          784    i.HAL_SPI_MspInit   spi.o
    0x08003364   0x08003364   0x00000018   Code   RO         3795    i.HAL_SYSTICK_CLKSourceConfig  stm32f4xx_hal_cortex.o
    0x0800337c   0x0800337c   0x00000002   Code   RO         3796    i.HAL_SYSTICK_Callback  stm32f4xx_hal_cortex.o
    0x0800337e   0x0800337e   0x00000028   Code   RO         3797    i.HAL_SYSTICK_Config  stm32f4xx_hal_cortex.o
    0x080033a6   0x080033a6   0x00000008   Code   RO         3798    i.HAL_SYSTICK_IRQHandler  stm32f4xx_hal_cortex.o
    0x080033ae   0x080033ae   0x00000002   Code   RO         2624    i.HAL_TIMEx_BreakCallback  stm32f4xx_hal_tim_ex.o
    0x080033b0   0x080033b0   0x00000002   Code   RO         2625    i.HAL_TIMEx_CommutationCallback  stm32f4xx_hal_tim_ex.o
    0x080033b2   0x080033b2   0x00000050   Code   RO         2641    i.HAL_TIMEx_MasterConfigSynchronization  stm32f4xx_hal_tim_ex.o
    0x08003402   0x08003402   0x00000036   Code   RO         3918    i.HAL_TIM_Base_Init  stm32f4xx_hal_tim.o
    0x08003438   0x08003438   0x00000054   Code   RO          826    i.HAL_TIM_Base_MspInit  tim.o
    0x0800348c   0x0800348c   0x000000f2   Code   RO         3927    i.HAL_TIM_ConfigClockSource  stm32f4xx_hal_tim.o
    0x0800357e   0x0800357e   0x00000002   Code   RO         3947    i.HAL_TIM_IC_CaptureCallback  stm32f4xx_hal_tim.o
    0x08003580   0x08003580   0x00000166   Code   RO         3960    i.HAL_TIM_IRQHandler  stm32f4xx_hal_tim.o
    0x080036e6   0x080036e6   0x00000002   Code   RO         3963    i.HAL_TIM_OC_DelayElapsedCallback  stm32f4xx_hal_tim.o
    0x080036e8   0x080036e8   0x00000002   Code   RO         3990    i.HAL_TIM_PWM_PulseFinishedCallback  stm32f4xx_hal_tim.o
    0x080036ea   0x080036ea   0x00000002   Code   RO         3997    i.HAL_TIM_PeriodElapsedCallback  stm32f4xx_hal_tim.o
    0x080036ec   0x080036ec   0x00000002   Code   RO         4001    i.HAL_TIM_TriggerCallback  stm32f4xx_hal_tim.o
    0x080036ee   0x080036ee   0x00000002   Code   RO         2884    i.HAL_UART_ErrorCallback  stm32f4xx_hal_uart.o
    0x080036f0   0x080036f0   0x00000110   Code   RO         2887    i.HAL_UART_IRQHandler  stm32f4xx_hal_uart.o
    0x08003800   0x08003800   0x00000062   Code   RO         2888    i.HAL_UART_Init     stm32f4xx_hal_uart.o
    0x08003862   0x08003862   0x00000002   PAD
    0x08003864   0x08003864   0x0000009c   Code   RO          623    i.HAL_UART_MspInit  usart.o
    0x08003900   0x08003900   0x00000048   Code   RO         2893    i.HAL_UART_Receive_IT  stm32f4xx_hal_uart.o
    0x08003948   0x08003948   0x00000002   Code   RO         2894    i.HAL_UART_RxCpltCallback  stm32f4xx_hal_uart.o
    0x0800394a   0x0800394a   0x000000ba   Code   RO         2896    i.HAL_UART_Transmit  stm32f4xx_hal_uart.o
    0x08003a04   0x08003a04   0x00000002   Code   RO         2899    i.HAL_UART_TxCpltCallback  stm32f4xx_hal_uart.o
    0x08003a06   0x08003a06   0x00000002   Code   RO          673    i.HardFault_Handler  stm32f4xx_it.o
    0x08003a08   0x08003a08   0x00000070   Code   RO         1167    i.MX_ADC3_Init      adc.o
    0x08003a78   0x08003a78   0x0000002c   Code   RO         1387    i.MX_DMA_Init       dma.o
    0x08003aa4   0x08003aa4   0x000000ec   Code   RO          557    i.MX_GPIO_Init      gpio.o
    0x08003b90   0x08003b90   0x00000058   Code   RO          785    i.MX_SPI1_Init      spi.o
    0x08003be8   0x08003be8   0x00000078   Code   RO          827    i.MX_TIM3_Init      tim.o
    0x08003c60   0x08003c60   0x00000070   Code   RO          828    i.MX_TIM5_Init      tim.o
    0x08003cd0   0x08003cd0   0x0000004c   Code   RO          624    i.MX_UART4_Init     usart.o
    0x08003d1c   0x08003d1c   0x0000004c   Code   RO          625    i.MX_UART5_Init     usart.o
    0x08003d68   0x08003d68   0x00000038   Code   RO          584    i.MX_USB_DEVICE_Init  usb_device.o
    0x08003da0   0x08003da0   0x00000002   Code   RO          674    i.MemManage_Handler  stm32f4xx_it.o
    0x08003da2   0x08003da2   0x00000002   Code   RO          675    i.NMI_Handler       stm32f4xx_it.o
    0x08003da4   0x08003da4   0x00000020   Code   RO         3799    i.NVIC_SetPriority  stm32f4xx_hal_cortex.o
    0x08003dc4   0x08003dc4   0x0000000c   Code   RO          676    i.OTG_FS_IRQHandler  stm32f4xx_it.o
    0x08003dd0   0x08003dd0   0x00000088   Code   RO         2441    i.PCD_WriteEmptyTxFifo  stm32f4xx_hal_pcd.o
    0x08003e58   0x08003e58   0x00000002   Code   RO          677    i.PendSV_Handler    stm32f4xx_it.o
    0x08003e5a   0x08003e5a   0x00000002   Code   RO          678    i.SVC_Handler       stm32f4xx_it.o
    0x08003e5c   0x08003e5c   0x0000000e   Code   RO          679    i.SysTick_Handler   stm32f4xx_it.o
    0x08003e6a   0x08003e6a   0x00000002   PAD
    0x08003e6c   0x08003e6c   0x0000009c   Code   RO          873    i.SystemClock_Config  main.o
    0x08003f08   0x08003f08   0x00000054   Code   RO            5    i.SystemInit        system_stm32f4xx.o
    0x08003f5c   0x08003f5c   0x00000030   Code   RO          680    i.TIM3_IRQHandler   stm32f4xx_it.o
    0x08003f8c   0x08003f8c   0x000000c0   Code   RO         4002    i.TIM_Base_SetConfig  stm32f4xx_hal_tim.o
    0x0800404c   0x0800404c   0x00000014   Code   RO         4009    i.TIM_ETR_SetConfig  stm32f4xx_hal_tim.o
    0x08004060   0x08004060   0x00000010   Code   RO         4010    i.TIM_ITRx_SetConfig  stm32f4xx_hal_tim.o
    0x08004070   0x08004070   0x00000022   Code   RO         4016    i.TIM_TI1_ConfigInputStage  stm32f4xx_hal_tim.o
    0x08004092   0x08004092   0x00000024   Code   RO         4018    i.TIM_TI2_ConfigInputStage  stm32f4xx_hal_tim.o
    0x080040b6   0x080040b6   0x00000002   PAD
    0x080040b8   0x080040b8   0x0000000c   Code   RO          681    i.UART4_IRQHandler  stm32f4xx_it.o
    0x080040c4   0x080040c4   0x0000000c   Code   RO          682    i.UART5_IRQHandler  stm32f4xx_it.o
    0x080040d0   0x080040d0   0x00000010   Code   RO         2901    i.UART_DMAAbortOnError  stm32f4xx_hal_uart.o
    0x080040e0   0x080040e0   0x0000001c   Code   RO         2911    i.UART_EndRxTransfer  stm32f4xx_hal_uart.o
    0x080040fc   0x080040fc   0x0000008c   Code   RO         2913    i.UART_Receive_IT   stm32f4xx_hal_uart.o
    0x08004188   0x08004188   0x000002ac   Code   RO         2914    i.UART_SetConfig    stm32f4xx_hal_uart.o
    0x08004434   0x08004434   0x00000062   Code   RO         2915    i.UART_Transmit_IT  stm32f4xx_hal_uart.o
    0x08004496   0x08004496   0x00000064   Code   RO         2916    i.UART_WaitOnFlagUntilTimeout  stm32f4xx_hal_uart.o
    0x080044fa   0x080044fa   0x00000014   Code   RO          440    i.USBD_CDC_DataIn   usbd_cdc.o
    0x0800450e   0x0800450e   0x0000002e   Code   RO          441    i.USBD_CDC_DataOut  usbd_cdc.o
    0x0800453c   0x0800453c   0x0000003c   Code   RO          442    i.USBD_CDC_DeInit   usbd_cdc.o
    0x08004578   0x08004578   0x00000024   Code   RO          443    i.USBD_CDC_EP0_RxReady  usbd_cdc.o
    0x0800459c   0x0800459c   0x0000000c   Code   RO          444    i.USBD_CDC_GetDeviceQualifierDescriptor  usbd_cdc.o
    0x080045a8   0x080045a8   0x0000000c   Code   RO          445    i.USBD_CDC_GetFSCfgDesc  usbd_cdc.o
    0x080045b4   0x080045b4   0x0000000c   Code   RO          446    i.USBD_CDC_GetHSCfgDesc  usbd_cdc.o
    0x080045c0   0x080045c0   0x0000000c   Code   RO          447    i.USBD_CDC_GetOtherSpeedCfgDesc  usbd_cdc.o
    0x080045cc   0x080045cc   0x00000088   Code   RO          448    i.USBD_CDC_Init     usbd_cdc.o
    0x08004654   0x08004654   0x00000028   Code   RO          449    i.USBD_CDC_ReceivePacket  usbd_cdc.o
    0x0800467c   0x0800467c   0x00000010   Code   RO          450    i.USBD_CDC_RegisterInterface  usbd_cdc.o
    0x0800468c   0x0800468c   0x0000000c   Code   RO          451    i.USBD_CDC_SetRxBuffer  usbd_cdc.o
    0x08004698   0x08004698   0x00000010   Code   RO          452    i.USBD_CDC_SetTxBuffer  usbd_cdc.o
    0x080046a8   0x080046a8   0x00000070   Code   RO          453    i.USBD_CDC_Setup    usbd_cdc.o
    0x08004718   0x08004718   0x0000000e   Code   RO          152    i.USBD_ClrClassConfig  usbd_core.o
    0x08004726   0x08004726   0x00000010   Code   RO          315    i.USBD_CtlContinueRx  usbd_ioreq.o
    0x08004736   0x08004736   0x00000010   Code   RO          316    i.USBD_CtlContinueSendData  usbd_ioreq.o
    0x08004746   0x08004746   0x00000016   Code   RO          375    i.USBD_CtlError     usbd_ctlreq.o
    0x0800475c   0x0800475c   0x0000001e   Code   RO          317    i.USBD_CtlPrepareRx  usbd_ioreq.o
    0x0800477a   0x0800477a   0x00000016   Code   RO          318    i.USBD_CtlReceiveStatus  usbd_ioreq.o
    0x08004790   0x08004790   0x0000001a   Code   RO          319    i.USBD_CtlSendData  usbd_ioreq.o
    0x080047aa   0x080047aa   0x00000016   Code   RO          320    i.USBD_CtlSendStatus  usbd_ioreq.o
    0x080047c0   0x080047c0   0x00000020   Code   RO         1207    i.USBD_FS_ConfigStrDescriptor  usbd_desc.o
    0x080047e0   0x080047e0   0x0000000c   Code   RO         1208    i.USBD_FS_DeviceDescriptor  usbd_desc.o
    0x080047ec   0x080047ec   0x00000024   Code   RO         1209    i.USBD_FS_InterfaceStrDescriptor  usbd_desc.o
    0x08004810   0x08004810   0x0000000c   Code   RO         1210    i.USBD_FS_LangIDStrDescriptor  usbd_desc.o
    0x0800481c   0x0800481c   0x00000028   Code   RO         1211    i.USBD_FS_ManufacturerStrDescriptor  usbd_desc.o
    0x08004844   0x08004844   0x0000002c   Code   RO         1212    i.USBD_FS_ProductStrDescriptor  usbd_desc.o
    0x08004870   0x08004870   0x00000024   Code   RO         1213    i.USBD_FS_SerialStrDescriptor  usbd_desc.o
    0x08004894   0x08004894   0x000000e0   Code   RO          376    i.USBD_GetDescriptor  usbd_ctlreq.o
    0x08004974   0x08004974   0x00000046   Code   RO          377    i.USBD_GetString    usbd_ctlreq.o
    0x080049ba   0x080049ba   0x0000002a   Code   RO          154    i.USBD_Init         usbd_core.o
    0x080049e4   0x080049e4   0x00000020   Code   RO          989    i.USBD_LL_ClearStallEP  usbd_conf.o
    0x08004a04   0x08004a04   0x00000020   Code   RO          990    i.USBD_LL_CloseEP   usbd_conf.o
    0x08004a24   0x08004a24   0x000000aa   Code   RO          155    i.USBD_LL_DataInStage  usbd_core.o
    0x08004ace   0x08004ace   0x0000006a   Code   RO          156    i.USBD_LL_DataOutStage  usbd_core.o
    0x08004b38   0x08004b38   0x00000004   Code   RO          157    i.USBD_LL_DevConnected  usbd_core.o
    0x08004b3c   0x08004b3c   0x00000016   Code   RO          158    i.USBD_LL_DevDisconnected  usbd_core.o
    0x08004b52   0x08004b52   0x00000008   Code   RO          994    i.USBD_LL_GetRxDataSize  usbd_conf.o
    0x08004b5a   0x08004b5a   0x00000002   PAD
    0x08004b5c   0x08004b5c   0x0000007c   Code   RO          995    i.USBD_LL_Init      usbd_conf.o
    0x08004bd8   0x08004bd8   0x00000020   Code   RO          996    i.USBD_LL_IsStallEP  usbd_conf.o
    0x08004bf8   0x08004bf8   0x00000004   Code   RO          159    i.USBD_LL_IsoINIncomplete  usbd_core.o
    0x08004bfc   0x08004bfc   0x00000004   Code   RO          160    i.USBD_LL_IsoOUTIncomplete  usbd_core.o
    0x08004c00   0x08004c00   0x00000026   Code   RO          997    i.USBD_LL_OpenEP    usbd_conf.o
    0x08004c26   0x08004c26   0x00000020   Code   RO          998    i.USBD_LL_PrepareReceive  usbd_conf.o
    0x08004c46   0x08004c46   0x0000003e   Code   RO          161    i.USBD_LL_Reset     usbd_core.o
    0x08004c84   0x08004c84   0x0000000c   Code   RO          162    i.USBD_LL_Resume    usbd_core.o
    0x08004c90   0x08004c90   0x00000018   Code   RO          163    i.USBD_LL_SOF       usbd_core.o
    0x08004ca8   0x08004ca8   0x00000006   Code   RO          164    i.USBD_LL_SetSpeed  usbd_core.o
    0x08004cae   0x08004cae   0x00000020   Code   RO          999    i.USBD_LL_SetUSBAddress  usbd_conf.o
    0x08004cce   0x08004cce   0x0000005a   Code   RO          165    i.USBD_LL_SetupStage  usbd_core.o
    0x08004d28   0x08004d28   0x00000020   Code   RO         1000    i.USBD_LL_StallEP   usbd_conf.o
    0x08004d48   0x08004d48   0x00000020   Code   RO         1001    i.USBD_LL_Start     usbd_conf.o
    0x08004d68   0x08004d68   0x00000012   Code   RO          166    i.USBD_LL_Suspend   usbd_core.o
    0x08004d7a   0x08004d7a   0x00000020   Code   RO         1003    i.USBD_LL_Transmit  usbd_conf.o
    0x08004d9a   0x08004d9a   0x00000028   Code   RO          378    i.USBD_ParseSetupRequest  usbd_ctlreq.o
    0x08004dc2   0x08004dc2   0x00000010   Code   RO          167    i.USBD_RegisterClass  usbd_core.o
    0x08004dd2   0x08004dd2   0x00000016   Code   RO          169    i.USBD_SetClassConfig  usbd_core.o
    0x08004de8   0x08004de8   0x00000074   Code   RO          379    i.USBD_SetConfig    usbd_ctlreq.o
    0x08004e5c   0x08004e5c   0x0000000a   Code   RO          170    i.USBD_Start        usbd_core.o
    0x08004e66   0x08004e66   0x000000f2   Code   RO          380    i.USBD_StdDevReq    usbd_ctlreq.o
    0x08004f58   0x08004f58   0x000000dc   Code   RO          381    i.USBD_StdEPReq     usbd_ctlreq.o
    0x08005034   0x08005034   0x00000034   Code   RO          382    i.USBD_StdItfReq    usbd_ctlreq.o
    0x08005068   0x08005068   0x00000080   Code   RO         2127    i.USB_ActivateEndpoint  stm32f4xx_ll_usb.o
    0x080050e8   0x080050e8   0x00000034   Code   RO         2128    i.USB_ActivateSetup  stm32f4xx_ll_usb.o
    0x0800511c   0x0800511c   0x0000006c   Code   RO         2130    i.USB_CoreInit      stm32f4xx_ll_usb.o
    0x08005188   0x08005188   0x00000038   Code   RO         2131    i.USB_CoreReset     stm32f4xx_ll_usb.o
    0x080051c0   0x080051c0   0x000000c8   Code   RO         2133    i.USB_DeactivateEndpoint  stm32f4xx_ll_usb.o
    0x08005288   0x08005288   0x00000018   Code   RO         2134    i.USB_DevConnect    stm32f4xx_ll_usb.o
    0x080052a0   0x080052a0   0x00000018   Code   RO         2135    i.USB_DevDisconnect  stm32f4xx_ll_usb.o
    0x080052b8   0x080052b8   0x00000140   Code   RO         2136    i.USB_DevInit       stm32f4xx_ll_usb.o
    0x080053f8   0x080053f8   0x0000000c   Code   RO         2137    i.USB_DisableGlobalInt  stm32f4xx_ll_usb.o
    0x08005404   0x08005404   0x00000140   Code   RO         2140    i.USB_EP0StartXfer  stm32f4xx_ll_usb.o
    0x08005544   0x08005544   0x0000003e   Code   RO         2141    i.USB_EP0_OutStart  stm32f4xx_ll_usb.o
    0x08005582   0x08005582   0x00000064   Code   RO         2142    i.USB_EPClearStall  stm32f4xx_ll_usb.o
    0x080055e6   0x080055e6   0x0000005e   Code   RO         2143    i.USB_EPSetStall    stm32f4xx_ll_usb.o
    0x08005644   0x08005644   0x0000021c   Code   RO         2144    i.USB_EPStartXfer   stm32f4xx_ll_usb.o
    0x08005860   0x08005860   0x0000000c   Code   RO         2145    i.USB_EnableGlobalInt  stm32f4xx_ll_usb.o
    0x0800586c   0x0800586c   0x00000020   Code   RO         2146    i.USB_FlushRxFifo   stm32f4xx_ll_usb.o
    0x0800588c   0x0800588c   0x00000024   Code   RO         2147    i.USB_FlushTxFifo   stm32f4xx_ll_usb.o
    0x080058b0   0x080058b0   0x0000003c   Code   RO         2149    i.USB_GetDevSpeed   stm32f4xx_ll_usb.o
    0x080058ec   0x080058ec   0x00000008   Code   RO         2151    i.USB_GetMode       stm32f4xx_ll_usb.o
    0x080058f4   0x080058f4   0x0000000e   Code   RO         2158    i.USB_ReadDevAllInEpInterrupt  stm32f4xx_ll_usb.o
    0x08005902   0x08005902   0x0000000e   Code   RO         2159    i.USB_ReadDevAllOutEpInterrupt  stm32f4xx_ll_usb.o
    0x08005910   0x08005910   0x0000001e   Code   RO         2160    i.USB_ReadDevInEPInterrupt  stm32f4xx_ll_usb.o
    0x0800592e   0x0800592e   0x00000010   Code   RO         2161    i.USB_ReadDevOutEPInterrupt  stm32f4xx_ll_usb.o
    0x0800593e   0x0800593e   0x00000008   Code   RO         2162    i.USB_ReadInterrupts  stm32f4xx_ll_usb.o
    0x08005946   0x08005946   0x00000020   Code   RO         2163    i.USB_ReadPacket    stm32f4xx_ll_usb.o
    0x08005966   0x08005966   0x0000002c   Code   RO         2165    i.USB_SetCurrentMode  stm32f4xx_ll_usb.o
    0x08005992   0x08005992   0x00000022   Code   RO         2166    i.USB_SetDevAddress  stm32f4xx_ll_usb.o
    0x080059b4   0x080059b4   0x00000028   Code   RO         2170    i.USB_WritePacket   stm32f4xx_ll_usb.o
    0x080059dc   0x080059dc   0x00000002   Code   RO          683    i.UsageFault_Handler  stm32f4xx_it.o
    0x080059de   0x080059de   0x00000002   Code   RO          874    i._Error_Handler    main.o
    0x080059e0   0x080059e0   0x00000030   Code   RO         5057    i.__ARM_fpclassify  m_wm.l(fpclassify.o)
    0x08005a10   0x08005a10   0x000000b4   Code   RO          875    i.main              main.o
    0x08005ac4   0x08005ac4   0x00000030   Code   RO         1411    i.sendcharUART      transceiver.o
    0x08005af4   0x08005af4   0x00000018   Code   RO         1331    i.setup             meter.o
    0x08005b0c   0x08005b0c   0x0000002c   Code   RO         5042    locale$$code        c_w.l(lc_numeric_c.o)
    0x08005b38   0x08005b38   0x00000062   Code   RO         4866    x$fpl$d2f           fz_wm.l(d2f.o)
    0x08005b9a   0x08005b9a   0x00000002   PAD
    0x08005b9c   0x08005b9c   0x000002b0   Code   RO         4869    x$fpl$ddiv          fz_wm.l(ddiv.o)
    0x08005e4c   0x08005e4c   0x00000026   Code   RO         4872    x$fpl$dfltu         fz_wm.l(dflt_clz.o)
    0x08005e72   0x08005e72   0x00000002   PAD
    0x08005e74   0x08005e74   0x00000154   Code   RO         4878    x$fpl$dmul          fz_wm.l(dmul.o)
    0x08005fc8   0x08005fc8   0x0000009c   Code   RO         4968    x$fpl$dnaninf       fz_wm.l(dnaninf.o)
    0x08006064   0x08006064   0x0000000c   Code   RO         4970    x$fpl$dretinf       fz_wm.l(dretinf.o)
    0x08006070   0x08006070   0x00000056   Code   RO         4880    x$fpl$f2d           fz_wm.l(f2d.o)
    0x080060c6   0x080060c6   0x0000008c   Code   RO         4972    x$fpl$fnaninf       fz_wm.l(fnaninf.o)
    0x08006152   0x08006152   0x0000000a   Code   RO         5053    x$fpl$fpinit        fz_wm.l(fpinit.o)
    0x0800615c   0x0800615c   0x0000000a   Code   RO         4974    x$fpl$fretinf       fz_wm.l(fretinf.o)
    0x08006166   0x08006166   0x00000004   Code   RO         4882    x$fpl$printf1       fz_wm.l(printf1.o)
    0x0800616a   0x0800616a   0x00000000   Code   RO         4976    x$fpl$usenofp       fz_wm.l(usenofp.o)
    0x0800616a   0x0800616a   0x00000010   Data   RO            6    .constdata          system_stm32f4xx.o
    0x0800617a   0x0800617a   0x00000008   Data   RO            7    .constdata          system_stm32f4xx.o
    0x08006182   0x08006182   0x00000008   Data   RO         4680    .constdata          stm32f4xx_hal_dma.o
    0x0800618a   0x0800618a   0x00000002   PAD
    0x0800618c   0x0800618c   0x00000094   Data   RO         5017    .constdata          c_w.l(bigflt0.o)
    0x08006220   0x08006220   0x00000020   Data   RO         5144    Region$$Table       anon$$obj.o
    0x08006240   0x08006240   0x0000001c   Data   RO         5041    locale$$data        c_w.l(lc_numeric_c.o)


    Execution Region RW_IRAM1 (Exec base: 0x20000000, Load base: 0x0800625c, Size: 0x00006cc8, Max: 0x00020000, ABSOLUTE, COMPRESSED[0x000000d0])

    Exec Addr    Load Addr    Size         Type   Attr      Idx    E Section Name        Object

    0x20000000   COMPRESSED   0x00000004   Data   RW            8    .data               system_stm32f4xx.o
    0x20000004   COMPRESSED   0x00000001   Data   RW          383    .data               usbd_ctlreq.o
    0x20000005   COMPRESSED   0x00000003   PAD
    0x20000008   COMPRESSED   0x000000db   Data   RW          455    .data               usbd_cdc.o
    0x200000e3   COMPRESSED   0x00000001   PAD
    0x200000e4   COMPRESSED   0x00000038   Data   RW          456    .data               usbd_cdc.o
    0x2000011c   COMPRESSED   0x00000002   Data   RW          684    .data               stm32f4xx_it.o
    0x2000011e   COMPRESSED   0x00000002   PAD
    0x20000120   COMPRESSED   0x0000000c   Data   RW          879    .data               main.o
    0x2000012c   COMPRESSED   0x0000001c   Data   RW         1215    .data               usbd_desc.o
    0x20000148   COMPRESSED   0x00000016   Data   RW         1216    .data               usbd_desc.o
    0x2000015e   COMPRESSED   0x00000002   PAD
    0x20000160   COMPRESSED   0x00000010   Data   RW         1280    .data               usbd_cdc_if.o
    0x20000170   COMPRESSED   0x00000008   Data   RW         1281    .data               usbd_cdc_if.o
    0x20000178   COMPRESSED   0x00000020   Data   RW         1333    .data               meter.o
    0x20000198   COMPRESSED   0x00000004   Data   RW         1911    .data               stm32f4xx_hal.o
    0x2000019c        -       0x00000224   Zero   RW          585    .bss                usb_device.o
    0x200003c0        -       0x00000080   Zero   RW          626    .bss                usart.o
    0x20000440        -       0x00000058   Zero   RW          786    .bss                spi.o
    0x20000498        -       0x00000078   Zero   RW          829    .bss                tim.o
    0x20000510        -       0x00000040   Zero   RW          877    .bss                main.o
    0x20000550        -       0x000003f0   Zero   RW         1004    .bss                usbd_conf.o
    0x20000940        -       0x000000a8   Zero   RW         1168    .bss                adc.o
    0x200009e8        -       0x00000200   Zero   RW         1214    .bss                usbd_desc.o
    0x20000be8        -       0x00000080   Zero   RW         1332    .bss                meter.o
    0x20000c68        -       0x00000060   Zero   RW         4980    .bss                c_w.l(libspace.o)
    0x20000cc8        -       0x00002000   Zero   RW          548    HEAP                startup_stm32f405xx.o
    0x20002cc8        -       0x00004000   Zero   RW          547    STACK               startup_stm32f405xx.o


==============================================================================

Image component sizes


      Code (inc. data)   RO Data    RW Data    ZI Data      Debug   Object Name

       272         66          0          0        168       1703   adc.o
        44          4          0          0          0        742   dma.o
       236         16          0          0          0       1011   gpio.o
       338         42          0         12         64       2892   main.o
       476         64          0         32        128       3453   meter.o
       164         38          0          0         88       1581   spi.o
        64         26        392          0      24576        804   startup_stm32f405xx.o
       148         22          0          4          0       4379   stm32f4xx_hal.o
      1196         52          0          0          0       8060   stm32f4xx_hal_adc.o
       228         14          0          0          0      32097   stm32f4xx_hal_cortex.o
      1098         22          8          0          0       7314   stm32f4xx_hal_dma.o
       450         44          0          0          0       3013   stm32f4xx_hal_gpio.o
        88          0          0          0          0        518   stm32f4xx_hal_msp.o
      2156         72          0          0          0      11261   stm32f4xx_hal_pcd.o
        76          0          0          0          0       1828   stm32f4xx_hal_pcd_ex.o
      1392         80          0          0          0       5620   stm32f4xx_hal_rcc.o
       128          0          0          0          0       1199   stm32f4xx_hal_spi.o
       962         44          0          0          0       9751   stm32f4xx_hal_tim.o
        84          0          0          0          0       2390   stm32f4xx_hal_tim_ex.o
      1700         14          0          0          0      10217   stm32f4xx_hal_uart.o
       126         40          0          2          0       6606   stm32f4xx_it.o
      2420         56          0          0          0      20220   stm32f4xx_ll_usb.o
        84         18         24          4          0     656239   system_stm32f4xx.o
       316         62          0          0        120       2295   tim.o
        48         12          0          0          0        887   transceiver.o
       308         70          0          0        128       2243   usart.o
        56         18          0          0        548       2371   usb_device.o
       542         22          0        275          0      12232   usbd_cdc.o
        68         14          0         24          0       2578   usbd_cdc_if.o
       726         36          0          0       1008      14342   usbd_conf.o
       626          0          0          0          0      16258   usbd_core.o
       986         30          0          1          0       7936   usbd_ctlreq.o
       212        116          0         50        512       5087   usbd_desc.o
       132          0          0          0          0       4464   usbd_ioreq.o

    ----------------------------------------------------------------------
     17976       1114        458        412      27340     863591   Object Totals
         0          0         32          0          0          0   (incl. Generated)
        26          0          2          8          0          0   (incl. Padding)

    ----------------------------------------------------------------------

      Code (inc. data)   RO Data    RW Data    ZI Data      Debug   Library Member Name

        90          0          0          0          0          0   __dczerorl2.o
         8          0          0          0          0         68   __main.o
       104          0          0          0          0         84   __printf.o
         0          0          0          0          0          0   __rtentry.o
        12          0          0          0          0          0   __rtentry2.o
         6          0          0          0          0          0   __rtentry4.o
        52          8          0          0          0          0   __scatter.o
        28          0          0          0          0          0   __scatter_zi.o
        48          6          0          0          0         96   _printf_char_common.o
         6          0          0          0          0          0   _printf_f.o
      1054          0          0          0          0        216   _printf_fp_dec.o
       128         16          0          0          0         84   _printf_fp_infnan.o
         0          0          0          0          0          0   _printf_percent.o
         4          0          0          0          0          0   _printf_percent_end.o
        16          0          0          0          0         68   _snputc.o
        10          0          0          0          0         68   _sputc.o
       228          4        148          0          0         96   bigflt0.o
      1936        128          0          0          0        672   btod.o
        10          0          0          0          0         68   defsig_exit.o
        50          0          0          0          0         88   defsig_general.o
        80         58          0          0          0         76   defsig_rtmem_inner.o
        14          0          0          0          0         80   defsig_rtmem_outer.o
        18          0          0          0          0         80   exit.o
        94          0          0          0          0         80   h1_alloc.o
        52          0          0          0          0         68   h1_extend.o
        78          0          0          0          0         80   h1_free.o
        14          0          0          0          0         84   h1_init.o
         6          0          0          0          0        152   heapauxi.o
         4          0          0          0          0        136   hguard.o
         0          0          0          0          0          0   indicate_semi.o
       138          0          0          0          0        168   init_alloc.o
        44         10         28          0          0         76   lc_numeric_c.o
         2          0          0          0          0          0   libinit.o
        30          0          0          0          0          0   libinit2.o
         2          0          0          0          0          0   libshutdown.o
         2          0          0          0          0          0   libshutdown2.o
         8          4          0          0         96         68   libspace.o
       138          0          0          0          0         80   lludiv10.o
         0          0          0          0          0          0   maybetermalloc1.o
        52          4          0          0          0         84   noretval__2snprintf.o
         8          4          0          0          0         68   rt_heap_descriptor_intlibspace.o
         8          4          0          0          0         68   rt_locale_intlibspace.o
       100          0          0          0          0         80   rt_memcpy_w.o
         2          0          0          0          0          0   rtexit.o
        10          0          0          0          0          0   rtexit2.o
       128          0          0          0          0         68   strcmpv7m.o
        12          4          0          0          0         68   sys_exit.o
        74          0          0          0          0         80   sys_stackheap_outer.o
        14          0          0          0          0         76   sys_wrch.o
         2          0          0          0          0         68   use_no_semi.o
        98          4          0          0          0        140   d2f.o
       688        140          0          0          0        256   ddiv.o
        38          0          0          0          0        116   dflt_clz.o
       340         12          0          0          0        152   dmul.o
       156          4          0          0          0        140   dnaninf.o
        12          0          0          0          0        116   dretinf.o
        86          4          0          0          0        132   f2d.o
       140          4          0          0          0        132   fnaninf.o
        10          0          0          0          0        116   fpinit.o
        10          0          0          0          0        116   fretinf.o
         4          0          0          0          0        116   printf1.o
         0          0          0          0          0          0   usenofp.o
        48          0          0          0          0        124   fpclassify.o

    ----------------------------------------------------------------------
      6570        418        176          0         96       5152   Library Totals
        16          0          0          0          0          0   (incl. Padding)

    ----------------------------------------------------------------------

      Code (inc. data)   RO Data    RW Data    ZI Data      Debug   Library Name

      4924        250        176          0         96       3496   c_w.l
      1582        168          0          0          0       1532   fz_wm.l
        48          0          0          0          0        124   m_wm.l

    ----------------------------------------------------------------------
      6570        418        176          0         96       5152   Library Totals

    ----------------------------------------------------------------------

==============================================================================


      Code (inc. data)   RO Data    RW Data    ZI Data      Debug   

     24546       1532        634        412      27436     843667   Grand Totals
     24546       1532        634        208      27436     843667   ELF Image Totals (compressed)
     24546       1532        634        208          0          0   ROM Totals

==============================================================================

    Total RO  Size (Code + RO Data)                25180 (  24.59kB)
    Total RW  Size (RW Data + ZI Data)             27848 (  27.20kB)
    Total ROM Size (Code + RO Data + RW Data)      25388 (  24.79kB)

==============================================================================

